Archive member included because of file (symbol)

arch/arm/lib/lib.a(ashldi3.o)
                              drivers/mmc/built-in.o (__aeabi_llsl)
arch/arm/lib/lib.a(ashrdi3.o)
                              drivers/mtd/nand/built-in.o (__aeabi_lasr)
arch/arm/lib/lib.a(lib1funcs.o)
                              arch/arm/cpu/armv7/built-in.o (__aeabi_uidiv)
arch/arm/lib/lib.a(lshrdi3.o)
                              drivers/mtd/nand/built-in.o (__aeabi_llsr)
arch/arm/lib/lib.a(div0.o)    arch/arm/lib/lib.a(lib1funcs.o) (__div0)

Discarded input sections

 .data          0x0000000000000000        0x0 arch/arm/cpu/armv7/start.o
 .bss           0x0000000000000000        0x0 arch/arm/cpu/armv7/start.o
 .text          0x0000000000000000        0x0 board/ti/am335x/built-in.o
 .text.board_fit_config_name_match
                0x0000000000000000       0xe0 board/ti/am335x/built-in.o
 .data          0x0000000000000000        0x0 board/ti/am335x/built-in.o
 .bss           0x0000000000000000        0x0 board/ti/am335x/built-in.o
 .text.mmu_page_table_flush
                0x0000000000000000       0x1e arch/arm/cpu/armv7/built-in.o
 .text.v7_arch_cp15_set_l2aux_ctrl
                0x0000000000000000        0x6 arch/arm/cpu/armv7/built-in.o
 .text.v7_arch_cp15_set_acr
                0x0000000000000000        0x6 arch/arm/cpu/armv7/built-in.o
 .text.wait_on_value
                0x0000000000000000       0x1a arch/arm/cpu/armv7/built-in.o
 .text.warm_reset
                0x0000000000000000       0x18 arch/arm/cpu/armv7/built-in.o
 .text.setup_warmreset_time
                0x0000000000000000        0x2 arch/arm/cpu/armv7/built-in.o
 .text.do_cancel_out
                0x0000000000000000       0x44 arch/arm/cpu/armv7/built-in.o
 .text.cancel_out
                0x0000000000000000       0x62 arch/arm/cpu/armv7/built-in.o
 .text.omap_die_id
                0x0000000000000000        0xc arch/arm/cpu/armv7/built-in.o
 .text.omap_die_id_serial
                0x0000000000000000       0x4c arch/arm/cpu/armv7/built-in.o
 .text.omap_die_id_get_board_serial
                0x0000000000000000       0x24 arch/arm/cpu/armv7/built-in.o
 .text.omap_die_id_usbethaddr
                0x0000000000000000       0x58 arch/arm/cpu/armv7/built-in.o
 .text.omap_die_id_display
                0x0000000000000000       0x2c arch/arm/cpu/armv7/built-in.o
 .text.omap_sys_boot_device
                0x0000000000000000        0x4 arch/arm/cpu/armv7/built-in.o
 .text.save_omap_boot_params
                0x0000000000000000       0x78 arch/arm/cpu/armv7/built-in.o
 .text.get_dpll_mpu_params
                0x0000000000000000        0x8 arch/arm/cpu/armv7/built-in.o
 .text.get_dpll_core_params
                0x0000000000000000        0x8 arch/arm/cpu/armv7/built-in.o
 .text.get_dpll_per_params
                0x0000000000000000        0x8 arch/arm/cpu/armv7/built-in.o
 .text.setup_clocks_for_console
                0x0000000000000000       0x78 arch/arm/cpu/armv7/built-in.o
 .text.enable_basic_clocks
                0x0000000000000000       0x40 arch/arm/cpu/armv7/built-in.o
 .text.set_mpu_spreadspectrum
                0x0000000000000000       0xa8 arch/arm/cpu/armv7/built-in.o
 .text.do_setup_dpll
                0x0000000000000000       0xc4 arch/arm/cpu/armv7/built-in.o
 .text.do_enable_clocks
                0x0000000000000000       0x5c arch/arm/cpu/armv7/built-in.o
 .text.do_disable_clocks
                0x0000000000000000       0x60 arch/arm/cpu/armv7/built-in.o
 .text.scale_vcores
                0x0000000000000000        0x2 arch/arm/cpu/armv7/built-in.o
 .text.prcm_init
                0x0000000000000000       0x60 arch/arm/cpu/armv7/built-in.o
 .text.get_cpu_rev
                0x0000000000000000        0xc arch/arm/cpu/armv7/built-in.o
 .text.get_cpu_type
                0x0000000000000000       0x10 arch/arm/cpu/armv7/built-in.o
 .text.get_device_type
                0x0000000000000000       0x10 arch/arm/cpu/armv7/built-in.o
 .text.get_sysboot_value
                0x0000000000000000       0x10 arch/arm/cpu/armv7/built-in.o
 .text.am335x_get_efuse_mpu_max_freq
                0x0000000000000000       0x70 arch/arm/cpu/armv7/built-in.o
 .text.am335x_get_tps65910_mpu_vdd
                0x0000000000000000       0x2a arch/arm/cpu/armv7/built-in.o
 .text.configure_mr
                0x0000000000000000       0x64 arch/arm/cpu/armv7/built-in.o
 .text.config_sdram_emif4d5
                0x0000000000000000       0xf4 arch/arm/cpu/armv7/built-in.o
 .text.config_sdram
                0x0000000000000000       0x54 arch/arm/cpu/armv7/built-in.o
 .text.set_sdram_timings
                0x0000000000000000       0x24 arch/arm/cpu/armv7/built-in.o
 .text.config_ddr_phy
                0x0000000000000000      0x104 arch/arm/cpu/armv7/built-in.o
 .text.config_cmd_ctrl
                0x0000000000000000       0x2c arch/arm/cpu/armv7/built-in.o
 .text.config_ddr_data
                0x0000000000000000       0x34 arch/arm/cpu/armv7/built-in.o
[...]
Memory Configuration

Name             Origin             Length             Attributes
*default*        0x0000000000000000 0xffffffffffffffff

Linker script and memory map

Address of section .text set to 0x80800000
                0x0000000000000000                . = 0x0
                0x0000000000000000                . = ALIGN (0x4)

.text           0x0000000080800000    0x3e8c0
 *(.__image_copy_start)
 .__image_copy_start
                0x0000000080800000        0x0 arch/arm/lib/built-in.o
                0x0000000080800000                __image_copy_start
 *(.vectors)
 .vectors       0x0000000080800000      0x300 arch/arm/lib/built-in.o
                0x0000000080800000                _start
                0x0000000080800020                _undefined_instruction
                0x0000000080800024                _software_interrupt
                0x0000000080800028                _prefetch_abort
                0x000000008080002c                _data_abort
                0x0000000080800030                _not_used
                0x0000000080800034                _irq
                0x0000000080800038                _fiq
                0x0000000080800040                IRQ_STACK_START_IN
 arch/arm/cpu/armv7/start.o(.text*)
 .text          0x0000000080800300       0xa4 arch/arm/cpu/armv7/start.o
                0x0000000080800300                reset
                0x0000000080800304                save_boot_params_ret
                0x0000000080800338                c_runtime_cpu_setup
                0x000000008080034c                cpu_init_cp15
 board/ti/am335x/built-in.o(.text*)
 .text.request_and_set_gpio
                0x00000000808003a4       0x54 board/ti/am335x/built-in.o
 .text.board_init
                0x00000000808003f8       0x88 board/ti/am335x/built-in.o
                0x00000000808003f8                board_init
 .text.board_late_init
                0x0000000080800480       0x44 board/ti/am335x/built-in.o
                0x0000000080800480                board_late_init
 *(.text*)
 .text          0x00000000808004c4      0x1b8 arch/arm/cpu/armv7/built-in.o
                0x00000000808004c4                __v7_flush_dcache_all
                0x0000000080800560                v7_flush_dcache_all
                0x0000000080800570                __v7_invalidate_dcache_all
                0x000000008080060c                v7_invalidate_dcache_all
                0x000000008080061c                save_boot_params
                0x0000000080800628                omap_smc1
                0x0000000080800644                omap_smc_sec
 .text.invalidate_icache_all
                0x000000008080067c       0x14 arch/arm/cpu/armv7/built-in.o
                0x000000008080067c                invalidate_icache_all
 .text.v7_outer_cache_enable
                0x0000000080800690        0x2 arch/arm/cpu/armv7/built-in.o
                0x0000000080800690                v7_outer_cache_enable
 .text.v7_outer_cache_disable
                0x0000000080800692        0x2 arch/arm/cpu/armv7/built-in.o
                0x0000000080800692                v7_outer_cache_disable
 .text.v7_outer_cache_flush_all
                0x0000000080800694        0x2 arch/arm/cpu/armv7/built-in.o
                0x0000000080800694                v7_outer_cache_flush_all
 .text.flush_dcache_all
                0x0000000080800696        0xe arch/arm/cpu/armv7/built-in.o
                0x0000000080800696                flush_dcache_all
 .text.v7_outer_cache_inval_all
                0x00000000808006a4        0x2 arch/arm/cpu/armv7/built-in.o
                0x00000000808006a4                v7_outer_cache_inval_all
 .text.invalidate_dcache_all
                0x00000000808006a6        0xe arch/arm/cpu/armv7/built-in.o
                0x00000000808006a6                invalidate_dcache_all
 .text.arm_init_before_mmu
                0x00000000808006b4       0x22 arch/arm/cpu/armv7/built-in.o
                0x00000000808006b4                arm_init_before_mmu
 .text.v7_outer_cache_flush_range
                0x00000000808006d6        0x2 arch/arm/cpu/armv7/built-in.o
                0x00000000808006d6                v7_outer_cache_flush_range
 .text.flush_dcache_range
                0x00000000808006d8       0x38 arch/arm/cpu/armv7/built-in.o
                0x00000000808006d8                flush_dcache_range
 .text.v7_outer_cache_inval_range
                0x0000000080800710        0x2 arch/arm/cpu/armv7/built-in.o
                0x0000000080800710                v7_outer_cache_inval_range
 .text.invalidate_dcache_range
                0x0000000080800712       0x40 arch/arm/cpu/armv7/built-in.o
                0x0000000080800712                invalidate_dcache_range
 .text.cpu_cache_initialization
                0x0000000080800752        0x2 arch/arm/cpu/armv7/built-in.o
                0x0000000080800752                cpu_cache_initialization
 .text.cleanup_before_linux_select
                0x0000000080800754       0x3e arch/arm/cpu/armv7/built-in.o
                0x0000000080800754                cleanup_before_linux_select
 .text.cleanup_before_linux
                0x0000000080800792        0x6 arch/arm/cpu/armv7/built-in.o
                0x0000000080800792                cleanup_before_linux
 .text.sdelay   0x0000000080800798        0x6 arch/arm/cpu/armv7/built-in.o
                0x0000000080800798                sdelay
 *fill*         0x000000008080079e        0x2 
 .text.reset_cpu
                0x00000000808007a0        0xc arch/arm/cpu/armv7/built-in.o
                0x00000000808007a0                reset_cpu
 .text.enable_caches
                0x00000000808007ac        0x4 arch/arm/cpu/armv7/built-in.o
                0x00000000808007ac                enable_caches
 .text.dram_bank_mmu_setup
                0x00000000808007b0       0x26 arch/arm/cpu/armv7/built-in.o
                0x00000000808007b0                dram_bank_mmu_setup
 .text.arm_init_domains
                0x00000000808007d6       0x12 arch/arm/cpu/armv7/built-in.o
                0x00000000808007d6                arm_init_domains
 .text.fb_set_reboot_flag
                0x00000000808007e8       0x24 arch/arm/cpu/armv7/built-in.o
                0x00000000808007e8                fb_set_reboot_flag
 .text.enable_gpmc_cs_config
                0x000000008080080c       0x4c arch/arm/cpu/armv7/built-in.o
                0x000000008080080c                enable_gpmc_cs_config
 .text.set_gpmc_cs0
                0x0000000080800858       0x48 arch/arm/cpu/armv7/built-in.o
                0x0000000080800858                set_gpmc_cs0
 .text.gpmc_init
                0x00000000808008a0       0x3c arch/arm/cpu/armv7/built-in.o
                0x00000000808008a0                gpmc_init
 .text.dram_init
                0x00000000808008dc       0x16 arch/arm/cpu/armv7/built-in.o
                0x00000000808008dc                dram_init
 .text.dram_init_banksize
                0x00000000808008f2       0x16 arch/arm/cpu/armv7/built-in.o
                0x00000000808008f2                dram_init_banksize
 .text.am33xx_otg1_set_phy_power
                0x0000000080800908       0x20 arch/arm/cpu/armv7/built-in.o
 .text.am33xx_otg0_set_phy_power
                0x0000000080800928       0x20 arch/arm/cpu/armv7/built-in.o
 .text.arch_misc_init
                0x0000000080800948       0x34 arch/arm/cpu/armv7/built-in.o
                0x0000000080800948                arch_misc_init
 .text.clk_synthesizer_reg_write
                0x000000008080097c       0x38 arch/arm/cpu/armv7/built-in.o
 .text.setup_clock_synthesizer
                0x00000000808009b4       0x84 arch/arm/cpu/armv7/built-in.o
                0x00000000808009b4                setup_clock_synthesizer
 .text          0x0000000080800a38       0x94 arch/arm/lib/built-in.o
                0x0000000080800a38                _main
 .text.relocate_vectors
                0x0000000080800acc       0x70 arch/arm/lib/built-in.o
                0x0000000080800acc                relocate_vectors
                0x0000000080800ad8                relocate_code
 .text.arch_fixup_fdt
                0x0000000080800b3c       0x24 arch/arm/lib/built-in.o
                0x0000000080800b3c                arch_fixup_fdt
 .text.boot_jump_linux
                0x0000000080800b60       0x84 arch/arm/lib/built-in.o
 .text.arch_lmb_reserve
                0x0000000080800be4       0x1e arch/arm/lib/built-in.o
                0x0000000080800be4                arch_lmb_reserve
 .text.setup_board_tags
                0x0000000080800c02        0x2 arch/arm/lib/built-in.o
                0x0000000080800c02                setup_board_tags
 .text.boot_prep_linux
                0x0000000080800c04      0x118 arch/arm/lib/built-in.o
 .text.do_bootm_linux
                0x0000000080800d1c       0x44 arch/arm/lib/built-in.o
                0x0000000080800d1c                do_bootm_linux
 .text.boot_prep_vxworks
                0x0000000080800d60       0x34 arch/arm/lib/built-in.o
                0x0000000080800d60                boot_prep_vxworks
 .text.boot_jump_vxworks
                0x0000000080800d94        0xa arch/arm/lib/built-in.o
                0x0000000080800d94                boot_jump_vxworks
 *fill*         0x0000000080800d9e        0x2 
 .text.bootz_setup
                0x0000000080800da0       0x6c arch/arm/lib/built-in.o
                0x0000000080800da0                bootz_setup
 .text.arch_reserve_stacks
                0x0000000080800e0c       0x16 arch/arm/lib/built-in.o
                0x0000000080800e0c                arch_reserve_stacks
 *fill*         0x0000000080800e22        0x2 
 .text.interrupt_init
                0x0000000080800e24       0x14 arch/arm/lib/built-in.o
                0x0000000080800e24                interrupt_init
 .text.enable_interrupts
                0x0000000080800e38        0x2 arch/arm/lib/built-in.o
                0x0000000080800e38                enable_interrupts
 .text.disable_interrupts
                0x0000000080800e3a        0x4 arch/arm/lib/built-in.o
                0x0000000080800e3a                disable_interrupts
 *fill*         0x0000000080800e3e        0x2 
 .text.bad_mode
                0x0000000080800e40        0xc arch/arm/lib/built-in.o
                0x0000000080800e40                bad_mode
 .text.show_regs
                0x0000000080800e4c      0x108 arch/arm/lib/built-in.o
                0x0000000080800e4c                show_regs
 .text.do_undefined_instruction
                0x0000000080800f54       0x1c arch/arm/lib/built-in.o
                0x0000000080800f54                do_undefined_instruction
 .text.do_software_interrupt
                0x0000000080800f70       0x1c arch/arm/lib/built-in.o
                0x0000000080800f70                do_software_interrupt
 .text.do_prefetch_abort
                0x0000000080800f8c       0x1c arch/arm/lib/built-in.o
                0x0000000080800f8c                do_prefetch_abort
 .text.do_data_abort
                0x0000000080800fa8       0x1c arch/arm/lib/built-in.o
                0x0000000080800fa8                do_data_abort
 .text.do_not_used
                0x0000000080800fc4       0x1c arch/arm/lib/built-in.o
                0x0000000080800fc4                do_not_used
 .text.do_fiq   0x0000000080800fe0       0x1c arch/arm/lib/built-in.o
                0x0000000080800fe0                do_fiq
 .text.do_irq   0x0000000080800ffc       0x1c arch/arm/lib/built-in.o
                0x0000000080800ffc                do_irq
 .text.reset_misc
                0x0000000080801018        0x2 arch/arm/lib/built-in.o
                0x0000000080801018                reset_misc
 *fill*         0x000000008080101a        0x2 
 .text.do_reset
                0x000000008080101c       0x28 arch/arm/lib/built-in.o
                0x000000008080101c                do_reset
 .text.flush_cache
                0x0000000080801044        0x6 arch/arm/lib/built-in.o
                0x0000000080801044                flush_cache
 .text.check_cache_range
                0x000000008080104a       0x14 arch/arm/lib/built-in.o
                0x000000008080104a                check_cache_range
 .text.cp_delay
                0x000000008080105e       0x18 arch/arm/lib/built-in.o
 .text.set_section_dcache
                0x0000000080801076       0x12 arch/arm/lib/built-in.o
                0x0000000080801076                set_section_dcache
 .text.icache_enable
                0x0000000080801088       0x14 arch/arm/lib/built-in.o
                0x0000000080801088                icache_enable
 .text.icache_disable
                0x000000008080109c       0x1c arch/arm/lib/built-in.o
                0x000000008080109c                icache_disable
 .text.dcache_enable
                0x00000000808010b8       0x68 arch/arm/lib/built-in.o
                0x00000000808010b8                dcache_enable
 .text.dcache_disable
                0x0000000080801120       0x24 arch/arm/lib/built-in.o
                0x0000000080801120                dcache_disable
 .text.dcache_status
                0x0000000080801144        0xa arch/arm/lib/built-in.o
                0x0000000080801144                dcache_status
 .text.ti_eeprom_string_cleanup
                0x000000008080114e       0x24 board/ti/common/built-in.o
 .text.gpi2c_init
                0x0000000080801172        0x2 board/ti/common/built-in.o
                0x0000000080801172                gpi2c_init
 .text.ti_i2c_eeprom_get
                0x0000000080801174       0x94 board/ti/common/built-in.o
 .text.ti_i2c_eeprom_am_get
                0x0000000080801208       0xc8 board/ti/common/built-in.o
                0x0000000080801208                ti_i2c_eeprom_am_get
 .text.board_ti_is
                0x00000000808012d0       0x30 board/ti/common/built-in.o
                0x00000000808012d0                board_ti_is
 .text.board_ti_get_rev
                0x0000000080801300       0x1c board/ti/common/built-in.o
                0x0000000080801300                board_ti_get_rev
 .text.set_board_info_env
                0x000000008080131c       0x3c board/ti/common/built-in.o
                0x000000008080131c                set_board_info_env
 .text.do_go_exec
                0x0000000080801358        0x8 cmd/built-in.o
                0x0000000080801358                do_go_exec
 .text.do_go    0x0000000080801360       0x4c cmd/built-in.o
 .text.do_bootm
                0x00000000808013ac       0xa4 cmd/built-in.o
                0x00000000808013ac                do_bootm
 .text.do_bootd
                0x0000000080801450       0x18 cmd/built-in.o
                0x0000000080801450                do_bootd
 .text.image_info
                0x0000000080801468       0xd8 cmd/built-in.o
 .text.do_iminfo
                0x0000000080801540       0x40 cmd/built-in.o
 .text.bootm_maybe_autostart
                0x0000000080801580       0x4c cmd/built-in.o
                0x0000000080801580                bootm_maybe_autostart
 .text.do_bootz
                0x00000000808015cc       0xa0 cmd/built-in.o
                0x00000000808015cc                do_bootz
 .text.do_help  0x000000008080166c       0x2c cmd/built-in.o
 .text.do_version
                0x0000000080801698       0x2c cmd/built-in.o
 .text.source   0x00000000808016c4      0x11c cmd/built-in.o
                0x00000000808016c4                source
 .text.do_source
                0x00000000808017e0       0x50 cmd/built-in.o
 .text.print_num
                0x0000000080801830       0x10 cmd/built-in.o
 .text.do_bdinfo
                0x0000000080801840       0xac cmd/built-in.o
 .text.bootefi_open_dp
                0x00000000808018ec        0xc cmd/built-in.o
 .text.do_bootefi_exec
                0x00000000808018f8      0x1c4 cmd/built-in.o
 .text.do_bootefi
                0x0000000080801abc       0x58 cmd/built-in.o
 .text.efi_set_bootdev
                0x0000000080801b14       0xd4 cmd/built-in.o
                0x0000000080801b14                efi_set_bootdev
 .text.do_coninfo
                0x0000000080801be8       0x84 cmd/built-in.o
 .text.do_echo  0x0000000080801c6c       0x70 cmd/built-in.o
 .text.parse_numeric_param
                0x0000000080801cdc       0x1c cmd/built-in.o
 .text.parse_i2c_bus_addr
                0x0000000080801cf8       0x54 cmd/built-in.o
 .text.eeprom_write_enable
                0x0000000080801d4c        0x4 cmd/built-in.o
                0x0000000080801d4c                eeprom_write_enable
 .text.eeprom_init
                0x0000000080801d50       0x18 cmd/built-in.o
                0x0000000080801d50                eeprom_init
 .text.eeprom_read
                0x0000000080801d68       0x4a cmd/built-in.o
                0x0000000080801d68                eeprom_read
 .text.eeprom_write
                0x0000000080801db2       0x6a cmd/built-in.o
                0x0000000080801db2                eeprom_write
 .text.do_eeprom
                0x0000000080801e1c      0x108 cmd/built-in.o
                0x0000000080801e1c                do_eeprom
 .text.load_elf_image_shdr
                0x0000000080801f24       0x4a cmd/built-in.o
 *fill*         0x0000000080801f6e        0x2 
 .text.valid_elf_image
                0x0000000080801f70       0x30 cmd/built-in.o
                0x0000000080801f70                valid_elf_image
 .text.do_bootelf
                0x0000000080801fa0      0x108 cmd/built-in.o
                0x0000000080801fa0                do_bootelf
 .text.do_bootvx
                0x00000000808020a8      0x23c cmd/built-in.o
                0x00000000808020a8                do_bootvx
 .text.do_exit  0x00000000808022e4       0x1e cmd/built-in.o
 .text.do_ext4_size
                0x0000000080802302        0xe cmd/built-in.o
                0x0000000080802302                do_ext4_size
 .text.do_ext4_load
                0x0000000080802310        0xe cmd/built-in.o
                0x0000000080802310                do_ext4_load
 .text.do_ext4_ls
                0x000000008080231e        0xe cmd/built-in.o
                0x000000008080231e                do_ext4_ls
 .text.do_ext4_write
                0x000000008080232c        0xe cmd/built-in.o
                0x000000008080232c                do_ext4_write
 .text.do_ext2load
                0x000000008080233a        0xe cmd/built-in.o
                0x000000008080233a                do_ext2load
 .text.do_ext2ls
                0x0000000080802348        0xe cmd/built-in.o
 .text.do_fat_size
                0x0000000080802356        0xe cmd/built-in.o
                0x0000000080802356                do_fat_size
 .text.do_fat_fsload
                0x0000000080802364        0xe cmd/built-in.o
                0x0000000080802364                do_fat_fsload
 .text.do_fat_ls
                0x0000000080802372        0xe cmd/built-in.o
 .text.do_fat_fsinfo
                0x0000000080802380       0x58 cmd/built-in.o
 .text.do_fat_fswrite
                0x00000000808023d8       0xb0 cmd/built-in.o
 .text.fdt_valid
                0x0000000080802488       0x74 cmd/built-in.o
 .text.is_printable_string
                0x00000000808024fc       0x48 cmd/built-in.o
 .text.print_data
                0x0000000080802544      0x104 cmd/built-in.o
 .text.set_working_fdt_addr
                0x0000000080802648       0x14 cmd/built-in.o
                0x0000000080802648                set_working_fdt_addr
 .text.do_fdt   0x000000008080265c      0x9b8 cmd/built-in.o
 .text.do_size_wrapper
                0x0000000080803014        0xe cmd/built-in.o
 *fill*         0x0000000080803022        0x2 
 .text.do_load_wrapper
                0x0000000080803024       0x40 cmd/built-in.o
 .text.do_save_wrapper
                0x0000000080803064        0xe cmd/built-in.o
 .text.do_ls_wrapper
                0x0000000080803072        0xe cmd/built-in.o
 .text.do_fstype_wrapper
                0x0000000080803080        0x4 cmd/built-in.o
 .text.gpio_get_description
                0x0000000080803084       0x78 cmd/built-in.o
 .text.do_gpio  0x00000000808030fc      0x210 cmd/built-in.o
 .text.do_i2c   0x000000008080330c       0x3c cmd/built-in.o
 .text.do_i2c_bus_speed
                0x0000000080803348       0x50 cmd/built-in.o
 .text.do_i2c_reset
                0x0000000080803398       0x20 cmd/built-in.o
 .text.do_i2c_probe
                0x00000000808033b8       0x58 cmd/built-in.o
 .text.do_i2c_bus_num
                0x0000000080803410       0x7c cmd/built-in.o
 .text.do_i2c_show_bus
                0x000000008080348c       0x88 cmd/built-in.o
 .text.get_alen.constprop.4
                0x0000000080803514       0x1c cmd/built-in.o
 .text.do_i2c_crc
                0x0000000080803530       0xb8 cmd/built-in.o
 .text.do_i2c_read
                0x00000000808035e8       0x78 cmd/built-in.o
 .text.do_i2c_md
                0x0000000080803660      0x148 cmd/built-in.o
 .text.do_i2c_mw
                0x00000000808037a8       0xa4 cmd/built-in.o
 .text.do_i2c_write
                0x000000008080384c       0xdc cmd/built-in.o
 .text.mod_i2c_mem.isra.3
                0x0000000080803928      0x158 cmd/built-in.o
 .text.do_i2c_nm
                0x0000000080803a80        0x6 cmd/built-in.o
 .text.do_i2c_mm
                0x0000000080803a86        0x6 cmd/built-in.o
 .text.do_i2c_loop
                0x0000000080803a8c       0x94 cmd/built-in.o
 .text.i2c_init_board
                0x0000000080803b20        0x2 cmd/built-in.o
                0x0000000080803b20                i2c_init_board
 .text.evalexp  0x0000000080803b22       0x42 cmd/built-in.o
 .text.evalstr  0x0000000080803b64       0x3c cmd/built-in.o
 .text.binary_test
                0x0000000080803ba0      0x124 cmd/built-in.o
 .text.do_itest
                0x0000000080803cc4       0x4c cmd/built-in.o
 .text.bin_data_init
                0x0000000080803d10       0x1c cmd/built-in.o
 .text.k_data_save
                0x0000000080803d2c       0x34 cmd/built-in.o
 .text.k_data_restore
                0x0000000080803d60       0x34 cmd/built-in.o
 .text.getcxmodem
                0x0000000080803d94       0x16 cmd/built-in.o
 *fill*         0x0000000080803daa        0x2 
 .text.load_serial_ymodem
                0x0000000080803dac       0x88 cmd/built-in.o
 .text.bin_data_char
                0x0000000080803e34       0x1c cmd/built-in.o
 .text.chk1.constprop.1
                0x0000000080803e50       0x20 cmd/built-in.o
 .text.s1_sendpacket.constprop.2
                0x0000000080803e70       0x34 cmd/built-in.o
 .text.load_serial
                0x0000000080803ea4      0x128 cmd/built-in.o
 .text.do_load_serial
                0x0000000080803fcc       0x90 cmd/built-in.o
 .text.do_load_serial_bin
                0x000000008080405c      0x524 cmd/built-in.o
 .text.do_mem_mw
                0x0000000080804580       0x80 cmd/built-in.o
 .text.do_mem_loop
                0x0000000080804600       0x82 cmd/built-in.o
 *fill*         0x0000000080804682        0x2 
 .text.do_mem_md
                0x0000000080804684       0xa4 cmd/built-in.o
 .text.do_mem_base
                0x0000000080804728       0x28 cmd/built-in.o
 .text.do_mem_cp
                0x0000000080804750       0x8c cmd/built-in.o
 .text.do_mem_cmp
                0x00000000808047dc       0xfc cmd/built-in.o
 .text.do_mem_crc
                0x00000000808048d8       0x2c cmd/built-in.o
 .text.mod_mem.isra.2
                0x0000000080804904       0xf4 cmd/built-in.o
 .text.do_mem_mm
                0x00000000808049f8        0x6 cmd/built-in.o
 .text.do_mem_nm
                0x00000000808049fe        0x6 cmd/built-in.o
 .text.extract_range
                0x0000000080804a04       0x7c cmd/built-in.o
 .text.do_mii   0x0000000080804a80      0x608 cmd/built-in.o
 .text.do_mdio  0x0000000080805088      0x324 cmd/built-in.o
 .text.do_sleep
                0x00000000808053ac       0x84 cmd/built-in.o
 .text.do_mmcops
                0x0000000080805430       0x7c cmd/built-in.o
 .text.init_mmc_device
                0x00000000808054ac       0x34 cmd/built-in.o
 .text.do_mmc_rescan
                0x00000000808054e0       0x18 cmd/built-in.o
 .text.do_mmc_hwpartition
                0x00000000808054f8      0x388 cmd/built-in.o
 .text.do_mmc_list
                0x0000000080805880        0xc cmd/built-in.o
 .text.do_mmc_dev
                0x000000008080588c       0xcc cmd/built-in.o
 .text.do_mmc_part
                0x0000000080805958       0x38 cmd/built-in.o
 .text.do_mmc_erase
                0x0000000080805990       0x9c cmd/built-in.o
 .text.do_mmc_write
                0x0000000080805a2c       0xb0 cmd/built-in.o
 .text.do_mmc_read
                0x0000000080805adc       0xa8 cmd/built-in.o
 .text.do_mmcinfo
                0x0000000080805b84      0x28c cmd/built-in.o
 .text.do_mmc_setdsr
                0x0000000080805e10       0x74 cmd/built-in.o
 .text.part_delall
                0x0000000080805e84       0x26 cmd/built-in.o
 .text.memsize_parse
                0x0000000080805eaa       0x48 cmd/built-in.o
 *fill*         0x0000000080805ef2        0x2 
 .text.mtd_part_info
                0x0000000080805ef4       0x5c cmd/built-in.o
 .text.getenv_mtdparts
                0x0000000080805f50       0x30 cmd/built-in.o
 .text.memsize_format
                0x0000000080805f80       0x6c cmd/built-in.o
 .text.index_partitions
                0x0000000080805fec       0x68 cmd/built-in.o
 .text.current_save
                0x0000000080806054       0x7c cmd/built-in.o
 .text.part_sort_add
                0x00000000808060d0       0xb8 cmd/built-in.o
 .text.device_del
                0x0000000080806188       0x50 cmd/built-in.o
 .text.generate_mtdparts_save.constprop.8
                0x00000000808061d8      0x1bc cmd/built-in.o
 .text.device_delall.constprop.10
                0x0000000080806394       0x3c cmd/built-in.o
 .text.mtd_devices_init
                0x00000000808063d0       0x20 cmd/built-in.o
 .text.get_mtd_info.constprop.11
                0x00000000808063f0       0x58 cmd/built-in.o
 .text.part_validate
                0x0000000080806448      0x250 cmd/built-in.o
 .text.device_find
                0x0000000080806698       0x28 cmd/built-in.o
                0x0000000080806698                device_find
 .text.device_parse
                0x00000000808066c0      0x36c cmd/built-in.o
 .text.mtd_id_parse
                0x0000000080806a2c       0xa0 cmd/built-in.o
                0x0000000080806a2c                mtd_id_parse
 .text.find_dev_and_part
                0x0000000080806acc      0x120 cmd/built-in.o
                0x0000000080806acc                find_dev_and_part
 .text.mtdparts_init
                0x0000000080806bec      0x408 cmd/built-in.o
                0x0000000080806bec                mtdparts_init
 .text.do_chpart
                0x0000000080806ff4       0x8c cmd/built-in.o
 .text.do_mtdparts
                0x0000000080807080      0x3e4 cmd/built-in.o
 .text.set_dev  0x0000000080807464       0x48 cmd/built-in.o
 .text.nand_print_and_set_info
                0x00000000808074ac       0xb0 cmd/built-in.o
 .text.do_nand  0x000000008080755c      0x8dc cmd/built-in.o
 .text.nand_load_image
                0x0000000080807e38      0x164 cmd/built-in.o
 .text.do_nandboot
                0x0000000080807f9c      0x158 cmd/built-in.o
 .text.netboot_common
                0x00000000808080f4      0x1d0 cmd/built-in.o
 .text.do_bootp
                0x00000000808082c4        0x8 cmd/built-in.o
 .text.do_dhcp  0x00000000808082cc        0x8 cmd/built-in.o
 .text.do_nfs   0x00000000808082d4        0x8 cmd/built-in.o
 .text.do_tftpb
                0x00000000808082dc       0x26 cmd/built-in.o
                0x00000000808082dc                do_tftpb
 *fill*         0x0000000080808302        0x2 
 .text.do_ping  0x0000000080808304       0x48 cmd/built-in.o
 .text.do_part_list
                0x000000008080834c       0xe8 cmd/built-in.o
 .text.do_part_start
                0x0000000080808434       0x84 cmd/built-in.o
 .text.do_part_size
                0x00000000808084b8       0x84 cmd/built-in.o
 .text.do_part  0x000000008080853c       0xb0 cmd/built-in.o
 .text.eol_or_eof
                0x00000000808085ec       0x12 cmd/built-in.o
 *fill*         0x00000000808085fe        0x2 
 .text.do_pxe   0x0000000080808600       0x48 cmd/built-in.o
 .text.label_print
                0x0000000080808648       0x14 cmd/built-in.o
 .text.do_get_tftp
                0x000000008080865c       0x2c cmd/built-in.o
 .text.from_env
                0x0000000080808688       0x1c cmd/built-in.o
 .text.get_string
                0x00000000808086a4       0x80 cmd/built-in.o
 .text.label_destroy
                0x0000000080808724       0x3e cmd/built-in.o
 .text.destroy_pxe_menu
                0x0000000080808762       0x36 cmd/built-in.o
 .text.get_token
                0x0000000080808798       0xa4 cmd/built-in.o
 .text.parse_sliteral
                0x000000008080883c       0x34 cmd/built-in.o
 .text.parse_integer
                0x0000000080808870       0x44 cmd/built-in.o
 .text.do_get_any
                0x00000000808088b4       0x2c cmd/built-in.o
 .text.do_get_fat
                0x00000000808088e0       0x28 cmd/built-in.o
 .text.do_get_ext2
                0x0000000080808908       0x28 cmd/built-in.o
 .text.format_mac_pxe.constprop.9
                0x0000000080808930       0x54 cmd/built-in.o
 .text.get_relfile
                0x0000000080808984       0xcc cmd/built-in.o
 .text.get_pxe_file
                0x0000000080808a50       0x3c cmd/built-in.o
 .text.handle_include
                0x0000000080808a8c       0x64 cmd/built-in.o
 .text.parse_pxefile_top
                0x0000000080808af0      0x308 cmd/built-in.o
 .text.parse_pxefile
                0x0000000080808df8       0x40 cmd/built-in.o
 .text.get_pxelinux_path
                0x0000000080808e38       0x50 cmd/built-in.o
 .text.do_pxe_get
                0x0000000080808e88       0xe4 cmd/built-in.o
 .text.get_relfile_envaddr
                0x0000000080808f6c       0x34 cmd/built-in.o
 .text.label_boot
                0x0000000080808fa0      0x3a4 cmd/built-in.o
 .text.handle_pxe_menu
                0x0000000080809344       0xd8 cmd/built-in.o
 .text.do_pxe_boot
                0x000000008080941c       0x94 cmd/built-in.o
 .text.do_sysboot
                0x00000000808094b0      0x13c cmd/built-in.o
 .text.bytes_per_second
                0x00000000808095ec       0x38 cmd/built-in.o
 .text.do_spi_flash
                0x0000000080809624      0x54c cmd/built-in.o
 .text.do_spi   0x0000000080809b70      0x1b0 cmd/built-in.o
                0x0000000080809b70                do_spi
 .text.do_false
                0x0000000080809d20        0x4 cmd/built-in.o
 .text.do_true  0x0000000080809d24        0x4 cmd/built-in.o
 .text.do_test  0x0000000080809d28      0x210 cmd/built-in.o
 .text.usb_get_class_desc
                0x0000000080809f38       0x74 cmd/built-in.o
 .text.usb_find_device
                0x0000000080809fac       0x1e cmd/built-in.o
 *fill*         0x0000000080809fca        0x2 
 .text.usb_show_tree_graph
                0x0000000080809fcc      0x180 cmd/built-in.o
 .text.usb_display_class_sub
                0x000000008080a14c       0xf4 cmd/built-in.o
 .text.usb_display_string
                0x000000008080a240       0x2c cmd/built-in.o
 .text.usb_display_config
                0x000000008080a26c      0x1a8 cmd/built-in.o
 .text.do_usbboot
                0x000000008080a414        0xc cmd/built-in.o
 .text.usb_display_desc.part.5
                0x000000008080a420       0xd0 cmd/built-in.o
 .text.do_usb_start
                0x000000008080a4f0       0x20 cmd/built-in.o
 .text.usb_show_tree
                0x000000008080a510       0x30 cmd/built-in.o
                0x000000008080a510                usb_show_tree
 .text.do_usb   0x000000008080a540      0x4d4 cmd/built-in.o
 .text.do_fastboot
                0x000000008080aa14       0x94 cmd/built-in.o
 .text.do_imgextract
                0x000000008080aaa8      0x290 cmd/built-in.o
 .text.do_spl   0x000000008080ad38      0x100 cmd/built-in.o
 .text.do_dfu   0x000000008080ae38      0x104 cmd/built-in.o
 .text.extract_val
                0x000000008080af3c       0x58 cmd/built-in.o
 .text.extract_env
                0x000000008080af94       0x80 cmd/built-in.o
 .text.set_gpt_info.constprop.1
                0x000000008080b014      0x2b0 cmd/built-in.o
 .text.do_gpt   0x000000008080b2c4      0x1d8 cmd/built-in.o
 .text.do_env_delete
                0x000000008080b49c       0x60 cmd/built-in.o
 .text.do_env_exists
                0x000000008080b4fc       0x40 cmd/built-in.o
 .text.do_env_save
                0x000000008080b53c       0x20 cmd/built-in.o
 .text.do_env   0x000000008080b55c       0x3c cmd/built-in.o
 .text.env_print
                0x000000008080b598       0x74 cmd/built-in.o
 .text.do_env_print
                0x000000008080b60c       0x74 cmd/built-in.o
 .text.do_env_import
                0x000000008080b680      0x190 cmd/built-in.o
 .text.do_env_default
                0x000000008080b810       0x54 cmd/built-in.o
 .text._do_env_set.isra.1
                0x000000008080b864      0x12c cmd/built-in.o
 .text.do_env_set
                0x000000008080b990       0x14 cmd/built-in.o
 .text.do_env_ask
                0x000000008080b9a4       0xe4 cmd/built-in.o
                0x000000008080b9a4                do_env_ask
 .text.get_env_id
                0x000000008080ba88        0xc cmd/built-in.o
                0x000000008080ba88                get_env_id
 .text.setenv   0x000000008080ba94       0x3c cmd/built-in.o
                0x000000008080ba94                setenv
 .text.setenv_ulong
                0x000000008080bad0       0x16 cmd/built-in.o
                0x000000008080bad0                setenv_ulong
 *fill*         0x000000008080bae6        0x2 
 .text.setenv_hex
                0x000000008080bae8       0x20 cmd/built-in.o
                0x000000008080bae8                setenv_hex
 .text.do_env_export
                0x000000008080bb08      0x174 cmd/built-in.o
 .text.envmatch
                0x000000008080bc7c       0x3e cmd/built-in.o
                0x000000008080bc7c                envmatch
 *fill*         0x000000008080bcba        0x2 
 .text.getenv_f
                0x000000008080bcbc       0x84 cmd/built-in.o
                0x000000008080bcbc                getenv_f
 .text.getenv   0x000000008080bd40       0x54 cmd/built-in.o
                0x000000008080bd40                getenv
 .text.getenv_hex
                0x000000008080bd94       0x22 cmd/built-in.o
                0x000000008080bd94                getenv_hex
 .text.getenv_ulong
                0x000000008080bdb6       0x1c cmd/built-in.o
                0x000000008080bdb6                getenv_ulong
 *fill*         0x000000008080bdd2        0x2 
 .text.do_env_edit.part.3
                0x000000008080bdd4       0x70 cmd/built-in.o
 .text.do_env_edit
                0x000000008080be44       0x1c cmd/built-in.o
 .text.common_diskboot
                0x000000008080be60      0x1d0 cmd/built-in.o
                0x000000008080be60                common_diskboot
 .text.board_init_f_alloc_reserve
                0x000000008080c030        0xa common/built-in.o
                0x000000008080c030                board_init_f_alloc_reserve
 .text.board_init_f_init_reserve
                0x000000008080c03a       0x14 common/built-in.o
                0x000000008080c03a                board_init_f_init_reserve
 .text.show_boot_progress
                0x000000008080c04e        0x4 common/built-in.o
                0x000000008080c04e                show_boot_progress
 *fill*         0x000000008080c052        0x2 
 .text.main_loop
                0x000000008080c054       0x48 common/built-in.o
                0x000000008080c054                main_loop
 .text.dummy    0x000000008080c09c        0x2 common/built-in.o
 .text.get_version
                0x000000008080c09e        0x4 common/built-in.o
                0x000000008080c09e                get_version
 *fill*         0x000000008080c0a2        0x2 
 .text.jumptable_init
                0x000000008080c0a4      0x188 common/built-in.o
                0x000000008080c0a4                jumptable_init
 .text.hash_finish_crc32
                0x000000008080c22c       0x1c common/built-in.o
 .text.hash_update_crc32
                0x000000008080c248       0x14 common/built-in.o
 .text.hash_init_crc32
                0x000000008080c25c       0x14 common/built-in.o
 .text.hash_finish_sha256
                0x000000008080c270       0x22 common/built-in.o
 .text.hash_update_sha256
                0x000000008080c292       0x10 common/built-in.o
 .text.hash_init_sha256
                0x000000008080c2a2       0x16 common/built-in.o
 .text.hash_finish_sha1
                0x000000008080c2b8       0x22 common/built-in.o
 .text.hash_update_sha1
                0x000000008080c2da       0x10 common/built-in.o
 .text.hash_init_sha1
                0x000000008080c2ea       0x16 common/built-in.o
 .text.hash_lookup_algo
                0x000000008080c300       0x40 common/built-in.o
                0x000000008080c300                hash_lookup_algo
 .text.hash_command
                0x000000008080c340      0x11c common/built-in.o
                0x000000008080c340                hash_command
 .text.b_reset  0x000000008080c45c        0xe common/built-in.o
 .text.static_get
                0x000000008080c46a       0x12 common/built-in.o
 .text.static_peek
                0x000000008080c47c        0x6 common/built-in.o
 .text.file_peek
                0x000000008080c482        0x6 common/built-in.o
 .text.mapset   0x000000008080c488       0x14 common/built-in.o
 .text.syntax_err
                0x000000008080c49c        0xc common/built-in.o
 .text.free_pipe_list
                0x000000008080c4a8       0x94 common/built-in.o
 .text.xmalloc  0x000000008080c53c       0x18 common/built-in.o
 .text.new_pipe
                0x000000008080c554       0x16 common/built-in.o
 *fill*         0x000000008080c56a        0x2 
 .text.xrealloc
                0x000000008080c56c       0x18 common/built-in.o
 .text.done_command
                0x000000008080c584       0x42 common/built-in.o
 .text.done_pipe
                0x000000008080c5c6       0x2a common/built-in.o
 .text.done_word
                0x000000008080c5f0      0x1cc common/built-in.o
 .text.do_showvar
                0x000000008080c7bc       0x9c common/built-in.o
 .text.is_assignment
                0x000000008080c858       0x2c common/built-in.o
 .text.file_get
                0x000000008080c884      0x144 common/built-in.o
 .text.b_addchr
                0x000000008080c9c8       0x42 common/built-in.o
 *fill*         0x000000008080ca0a        0x2 
 .text.b_addqchr
                0x000000008080ca0c       0x30 common/built-in.o
 .text.get_local_var
                0x000000008080ca3c       0x58 common/built-in.o
                0x000000008080ca3c                get_local_var
 .text.set_local_var
                0x000000008080ca94      0x10c common/built-in.o
                0x000000008080ca94                set_local_var
 .text.insert_var_value_sub
                0x000000008080cba0      0x1c0 common/built-in.o
 .text.parse_string_outer
                0x000000008080cd60       0x94 common/built-in.o
                0x000000008080cd60                parse_string_outer
 .text.run_list_real
                0x000000008080cdf4      0x4d8 common/built-in.o
 .text.parse_stream_outer
                0x000000008080d2cc      0x43c common/built-in.o
 .text.parse_file_outer
                0x000000008080d708       0x2c common/built-in.o
                0x000000008080d708                parse_file_outer
 .text.u_boot_hush_start
                0x000000008080d734       0x30 common/built-in.o
                0x000000008080d734                u_boot_hush_start
 .text.multiboot
                0x000000008080d764       0x88 common/built-in.o
                0x000000008080d764                multiboot
 .text.bootdelay_process
                0x000000008080d7ec       0xc8 common/built-in.o
                0x000000008080d7ec                bootdelay_process
 .text.autoboot_command
                0x000000008080d8b4       0xbc common/built-in.o
                0x000000008080d8b4                autoboot_command
 .text.print_cpuinfo
                0x000000008080d970        0x4 common/built-in.o
 .text.display_text_info
                0x000000008080d974        0x4 common/built-in.o
 .text.setup_mon_len
                0x000000008080d978       0x18 common/built-in.o
 .text.arch_cpu_init
                0x000000008080d990        0x4 common/built-in.o
                0x000000008080d990                arch_cpu_init
 .text.reserve_round_4k
                0x000000008080d994       0x14 common/built-in.o
 .text.reserve_mmu
                0x000000008080d9a8       0x2e common/built-in.o
 .text.reserve_trace
                0x000000008080d9d6        0x4 common/built-in.o
 .text.reserve_uboot
                0x000000008080d9da       0x2a common/built-in.o
 .text.reserve_malloc
                0x000000008080da04       0x10 common/built-in.o
 .text.setup_machine
                0x000000008080da14        0xe common/built-in.o
 .text.reserve_global_data
                0x000000008080da22       0x16 common/built-in.o
 .text.reserve_fdt
                0x000000008080da38       0x3a common/built-in.o
 .text.display_new_sp
                0x000000008080da72        0x4 common/built-in.o
 .text.initf_console_record
                0x000000008080da76        0x4 common/built-in.o
 .text.reserve_arch
                0x000000008080da7a        0x4 common/built-in.o
                0x000000008080da7a                reserve_arch
 .text.arch_cpu_init_dm
                0x000000008080da7e        0x4 common/built-in.o
                0x000000008080da7e                arch_cpu_init_dm
 .text.init_func_watchdog_reset
                0x000000008080da82        0xa common/built-in.o
                0x000000008080da82                init_func_watchdog_reset
 .text.init_func_watchdog_init
                0x000000008080da8c        0xa common/built-in.o
 *fill*         0x000000008080da96        0x2 
 .text.announce_dram_init
                0x000000008080da98       0x10 common/built-in.o
 .text.init_func_i2c
                0x000000008080daa8       0x20 common/built-in.o
 .text.init_baud_rate
                0x000000008080dac8       0x1c common/built-in.o
 .text.mark_bootstage
                0x000000008080dae4        0xc common/built-in.o
 .text.initf_dm
                0x000000008080daf0        0x6 common/built-in.o
 .text.setup_reloc
                0x000000008080daf6       0x26 common/built-in.o
 .text.reloc_fdt
                0x000000008080db1c       0x2c common/built-in.o
 .text.reserve_board
                0x000000008080db48       0x28 common/built-in.o
 .text.coloured_LED_init
                0x000000008080db70        0x2 common/built-in.o
                0x000000008080db70                coloured_LED_init
 .text.red_led_on
                0x000000008080db72        0x2 common/built-in.o
                0x000000008080db72                red_led_on
 .text.board_add_ram_info
                0x000000008080db74        0x2 common/built-in.o
                0x000000008080db74                board_add_ram_info
 *fill*         0x000000008080db76        0x2 
 .text.show_dram_config
                0x000000008080db78       0x28 common/built-in.o
 .text.setup_dram_config
                0x000000008080dba0        0xa common/built-in.o
 .text.board_get_usable_ram_top
                0x000000008080dbaa       0x10 common/built-in.o
                0x000000008080dbaa                board_get_usable_ram_top
 .text.board_reserve_ram_top
                0x000000008080dbba        0x2 common/built-in.o
                0x000000008080dbba                board_reserve_ram_top
 .text.setup_dest_addr
                0x000000008080dbbc       0x3c common/built-in.o
 .text.reserve_stacks
                0x000000008080dbf8       0x1a common/built-in.o
 *fill*         0x000000008080dc12        0x2 
 .text.board_init_f
                0x000000008080dc14       0x20 common/built-in.o
                0x000000008080dc14                board_init_f
 .text.bootstage_relocate
                0x000000008080dc34        0x4 common/built-in.o
 .text.initr_trace
                0x000000008080dc38        0x4 common/built-in.o
 .text.initr_reloc
                0x000000008080dc3c       0x14 common/built-in.o
 .text.initr_barrier
                0x000000008080dc50        0x4 common/built-in.o
 .text.initr_console_record
                0x000000008080dc54        0x4 common/built-in.o
 .text.power_init_board
                0x000000008080dc58        0x4 common/built-in.o
                0x000000008080dc58                power_init_board
 .text.initr_announce
                0x000000008080dc5c        0x4 common/built-in.o
 .text.run_main_loop
                0x000000008080dc60        0x8 common/built-in.o
 .text.initr_net
                0x000000008080dc68       0x14 common/built-in.o
 .text.initr_ethaddr
                0x000000008080dc7c       0x18 common/built-in.o
 .text.initr_enable_interrupts
                0x000000008080dc94        0xa common/built-in.o
 .text.initr_jumptable
                0x000000008080dc9e        0xa common/built-in.o
 .text.initr_env
                0x000000008080dca8       0x48 common/built-in.o
 .text.initr_mmc
                0x000000008080dcf0       0x18 common/built-in.o
 .text.initr_nand
                0x000000008080dd08       0x14 common/built-in.o
 .text.initr_serial
                0x000000008080dd1c        0xa common/built-in.o
 .text.initr_bootstage
                0x000000008080dd26        0xc common/built-in.o
 .text.initr_dm
                0x000000008080dd32       0x16 common/built-in.o
 .text.initr_malloc
                0x000000008080dd48       0x16 common/built-in.o
 *fill*         0x000000008080dd5e        0x2 
 .text.initr_reloc_global_data
                0x000000008080dd60       0x28 common/built-in.o
 .text.initr_caches
                0x000000008080dd88        0xa common/built-in.o
 .text.cpu_secondary_init_r
                0x000000008080dd92        0x2 common/built-in.o
                0x000000008080dd92                cpu_secondary_init_r
 .text.initr_secondary_cpu
                0x000000008080dd94        0xa common/built-in.o
 *fill*         0x000000008080dd9e        0x2 
 .text.board_init_r
                0x000000008080dda0       0x10 common/built-in.o
                0x000000008080dda0                board_init_r
 .text.bootm_find_images
                0x000000008080ddb0       0x88 common/built-in.o
                0x000000008080ddb0                bootm_find_images
 .text.bootm_decomp_image
                0x000000008080de38      0x100 common/built-in.o
                0x000000008080de38                bootm_decomp_image
 .text.bootm_disable_interrupts
                0x000000008080df38       0x10 common/built-in.o
                0x000000008080df38                bootm_disable_interrupts
 .text.do_bootm_states
                0x000000008080df48      0x690 common/built-in.o
                0x000000008080df48                do_bootm_states
 .text.copy_args
                0x000000008080e5d8       0x38 common/built-in.o
 .text.do_bootm_rtems
                0x000000008080e610       0x34 common/built-in.o
 .text.do_bootm_plan9
                0x000000008080e644       0x70 common/built-in.o
 .text.do_bootm_standalone
                0x000000008080e6b4       0x40 common/built-in.o
 .text.do_bootm_qnxelf
                0x000000008080e6f4       0x40 common/built-in.o
 .text.do_bootm_netbsd
                0x000000008080e734       0xb0 common/built-in.o
 .text.do_bootvx_fdt
                0x000000008080e7e4       0xcc common/built-in.o
                0x000000008080e7e4                do_bootvx_fdt
 .text.do_bootm_vxworks
                0x000000008080e8b0       0x1c common/built-in.o
 .text.arch_preboot_os
                0x000000008080e8cc        0x2 common/built-in.o
                0x000000008080e8cc                arch_preboot_os
 .text.boot_selected_os
                0x000000008080e8ce       0x3a common/built-in.o
                0x000000008080e8ce                boot_selected_os
 .text.bootm_os_get_boot_func
                0x000000008080e908        0xc common/built-in.o
                0x000000008080e908                bootm_os_get_boot_func
 .text.regex_callback
                0x000000008080e914       0xd0 common/built-in.o
 .text.env_attr_walk
                0x000000008080e9e4       0xb4 common/built-in.o
                0x000000008080e9e4                env_attr_walk
 .text.env_attr_lookup
                0x000000008080ea98       0x50 common/built-in.o
                0x000000008080ea98                env_attr_lookup
 .text.clear_callback
                0x000000008080eae8        0x8 common/built-in.o
 .text.find_env_callback
                0x000000008080eaf0       0x40 common/built-in.o
 .text.on_callbacks
                0x000000008080eb30       0x38 common/built-in.o
 .text.set_callback
                0x000000008080eb68       0x50 common/built-in.o
 .text.env_callback_init
                0x000000008080ebb8       0x78 common/built-in.o
                0x000000008080ebb8                env_callback_init
 .text.skip_num
                0x000000008080ec30       0x44 common/built-in.o
 .text.clear_flags
                0x000000008080ec74        0x8 common/built-in.o
 .text.on_flags
                0x000000008080ec7c       0x38 common/built-in.o
 .text.env_flags_parse_vartype
                0x000000008080ecb4       0x30 common/built-in.o
                0x000000008080ecb4                env_flags_parse_vartype
 .text.env_flags_parse_varaccess
                0x000000008080ece4       0x38 common/built-in.o
                0x000000008080ece4                env_flags_parse_varaccess
 .text.set_flags
                0x000000008080ed1c       0x68 common/built-in.o
 .text.eth_validate_ethaddr_str
                0x000000008080ed84       0x50 common/built-in.o
                0x000000008080ed84                eth_validate_ethaddr_str
 .text.env_flags_init
                0x000000008080edd4       0x90 common/built-in.o
                0x000000008080edd4                env_flags_init
 .text.env_flags_validate
                0x000000008080ee64      0x1b0 common/built-in.o
                0x000000008080ee64                env_flags_validate
 .text.env_init
                0x000000008080f014       0x14 common/built-in.o
                0x000000008080f014                env_init
 .text.saveenv  0x000000008080f028       0xa4 common/built-in.o
                0x000000008080f028                saveenv
 .text.env_relocate_spec
                0x000000008080f0cc       0x90 common/built-in.o
                0x000000008080f0cc                env_relocate_spec
 .text.of_bus_default_map
                0x000000008080f15c       0xa6 common/built-in.o
 *fill*         0x000000008080f202        0x2 
 .text.of_bus_default_count_cells
                0x000000008080f204       0x34 common/built-in.o
                0x000000008080f204                of_bus_default_count_cells
 .text.of_bus_default_translate
                0x000000008080f238       0x7c common/built-in.o
 .text.fdt_find_and_setprop
                0x000000008080f2b4       0x48 common/built-in.o
                0x000000008080f2b4                fdt_find_and_setprop
 .text.fdt_find_or_add_subnode
                0x000000008080f2fc       0x40 common/built-in.o
                0x000000008080f2fc                fdt_find_or_add_subnode
 .text.fdt_root
                0x000000008080f33c       0x60 common/built-in.o
                0x000000008080f33c                fdt_root
 .text.fdt_initrd
                0x000000008080f39c      0x12c common/built-in.o
                0x000000008080f39c                fdt_initrd
 .text.fdt_chosen
                0x000000008080f4c8       0x6c common/built-in.o
                0x000000008080f4c8                fdt_chosen
 .text.do_fixup_by_path
                0x000000008080f534       0x34 common/built-in.o
                0x000000008080f534                do_fixup_by_path
 .text.fdt_fixup_memory_banks
                0x000000008080f568      0x124 common/built-in.o
                0x000000008080f568                fdt_fixup_memory_banks
 .text.fdt_fixup_memory
                0x000000008080f68c       0x16 common/built-in.o
                0x000000008080f68c                fdt_fixup_memory
 *fill*         0x000000008080f6a2        0x2 
 .text.fdt_fixup_ethernet
                0x000000008080f6a4       0xfc common/built-in.o
                0x000000008080f6a4                fdt_fixup_ethernet
 .text.fdt_shrink_to_minimum
                0x000000008080f7a0       0x84 common/built-in.o
                0x000000008080f7a0                fdt_shrink_to_minimum
 .text.fdt_translate_address
                0x000000008080f824      0x190 common/built-in.o
                0x000000008080f824                fdt_translate_address
 .text.miiphy_get_dev_by_name
                0x000000008080f9b4       0x38 common/built-in.o
                0x000000008080f9b4                miiphy_get_dev_by_name
 .text.miiphy_init
                0x000000008080f9ec       0x18 common/built-in.o
                0x000000008080f9ec                miiphy_init
 .text.mdio_alloc
                0x000000008080fa04       0x1c common/built-in.o
                0x000000008080fa04                mdio_alloc
 .text.mdio_register
                0x000000008080fa20       0x50 common/built-in.o
                0x000000008080fa20                mdio_register
 .text.mdio_list_devices
                0x000000008080fa70       0x68 common/built-in.o
                0x000000008080fa70                mdio_list_devices
 .text.miiphy_set_current_dev
                0x000000008080fad8       0x28 common/built-in.o
                0x000000008080fad8                miiphy_set_current_dev
 .text.miiphy_get_active_dev
                0x000000008080fb00       0x30 common/built-in.o
 .text.mdio_get_current_dev
                0x000000008080fb30        0xc common/built-in.o
                0x000000008080fb30                mdio_get_current_dev
 .text.mdio_phydev_for_ethname
                0x000000008080fb3c       0x54 common/built-in.o
                0x000000008080fb3c                mdio_phydev_for_ethname
 .text.miiphy_get_current_dev
                0x000000008080fb90       0x10 common/built-in.o
                0x000000008080fb90                miiphy_get_current_dev
 .text.miiphy_read
                0x000000008080fba0       0x28 common/built-in.o
                0x000000008080fba0                miiphy_read
 .text.miiphy_write
                0x000000008080fbc8       0x24 common/built-in.o
                0x000000008080fbc8                miiphy_write
 .text.miiphy_listdev
                0x000000008080fbec       0x54 common/built-in.o
                0x000000008080fbec                miiphy_listdev
 .text.miiphy_info
                0x000000008080fc40       0x5c common/built-in.o
                0x000000008080fc40                miiphy_info
 .text.miiphy_is_1000base_x
                0x000000008080fc9c       0x30 common/built-in.o
                0x000000008080fc9c                miiphy_is_1000base_x
 .text.miiphy_speed
                0x000000008080fccc       0x98 common/built-in.o
                0x000000008080fccc                miiphy_speed
 .text.miiphy_duplex
                0x000000008080fd64       0xb4 common/built-in.o
                0x000000008080fd64                miiphy_duplex
 .text.usb_set_maxpacket_ep
                0x000000008080fe18       0x54 common/built-in.o
 .text.usb_stop
                0x000000008080fe6c       0x38 common/built-in.o
                0x000000008080fe6c                usb_stop
 .text.usb_disable_asynch
                0x000000008080fea4       0x14 common/built-in.o
                0x000000008080fea4                usb_disable_asynch
 .text.usb_control_msg
                0x000000008080feb8       0x80 common/built-in.o
                0x000000008080feb8                usb_control_msg
 .text.usb_get_descriptor
                0x000000008080ff38       0x36 common/built-in.o
 *fill*         0x000000008080ff6e        0x2 
 .text.get_descriptor_len
                0x000000008080ff70       0x60 common/built-in.o
 .text.usb_get_string
                0x000000008080ffd0       0x4e common/built-in.o
 *fill*         0x000000008081001e        0x2 
 .text.usb_string_sub
                0x0000000080810020       0x94 common/built-in.o
 .text.usb_bulk_msg
                0x00000000808100b4       0x50 common/built-in.o
                0x00000000808100b4                usb_bulk_msg
 .text.usb_maxpacket
                0x0000000080810104       0x1a common/built-in.o
                0x0000000080810104                usb_maxpacket
 .text.usb_clear_halt
                0x000000008081011e       0x5c common/built-in.o
                0x000000008081011e                usb_clear_halt
 *fill*         0x000000008081017a        0x2 
 .text.usb_get_configuration_len
                0x000000008081017c       0x50 common/built-in.o
                0x000000008081017c                usb_get_configuration_len
 .text.usb_get_configuration_no
                0x00000000808101cc       0x1c common/built-in.o
                0x00000000808101cc                usb_get_configuration_no
 .text.usb_set_interface
                0x00000000808101e8       0x78 common/built-in.o
                0x00000000808101e8                usb_set_interface
 .text.usb_string
                0x0000000080810260       0xa4 common/built-in.o
                0x0000000080810260                usb_string
 .text.usb_get_dev_index
                0x0000000080810304       0x18 common/built-in.o
                0x0000000080810304                usb_get_dev_index
 .text.usb_alloc_new_device
                0x000000008081031c       0x74 common/built-in.o
                0x000000008081031c                usb_alloc_new_device
 .text.usb_free_device
                0x0000000080810390       0x30 common/built-in.o
                0x0000000080810390                usb_free_device
 .text.usb_alloc_device
                0x00000000808103c0        0x4 common/built-in.o
                0x00000000808103c0                usb_alloc_device
 .text.usb_select_config
                0x00000000808103c4      0x314 common/built-in.o
                0x00000000808103c4                usb_select_config
 .text.usb_setup_device
                0x00000000808106d8       0xf8 common/built-in.o
                0x00000000808106d8                usb_setup_device
 .text.usb_new_device
                0x00000000808107d0       0x1e common/built-in.o
                0x00000000808107d0                usb_new_device
 *fill*         0x00000000808107ee        0x2 
 .text.usb_init
                0x00000000808107f0       0xd8 common/built-in.o
                0x00000000808107f0                usb_init
 .text.board_usb_init
                0x00000000808108c8        0x4 common/built-in.o
                0x00000000808108c8                board_usb_init
 .text.board_usb_cleanup
                0x00000000808108cc        0x4 common/built-in.o
                0x00000000808108cc                board_usb_cleanup
 .text.usb_device_has_child_on_port
                0x00000000808108d0       0x10 common/built-in.o
                0x00000000808108d0                usb_device_has_child_on_port
 .text.usb_find_usb2_hub_address_port
                0x00000000808108e0       0x38 common/built-in.o
                0x00000000808108e0                usb_find_usb2_hub_address_port
 .text.usb_set_port_feature
                0x0000000080810918       0x2e common/built-in.o
 .text.usb_clear_port_feature
                0x0000000080810946       0x2e common/built-in.o
 .text.usb_get_hub_descriptor
                0x0000000080810974       0x34 common/built-in.o
 .text.usb_hub_reset_devices
                0x00000000808109a8        0x2 common/built-in.o
                0x00000000808109a8                usb_hub_reset_devices
 .text.usb_get_port_status
                0x00000000808109aa       0x30 common/built-in.o
                0x00000000808109aa                usb_get_port_status
 *fill*         0x00000000808109da        0x2 
 .text.usb_hub_reset
                0x00000000808109dc       0x18 common/built-in.o
                0x00000000808109dc                usb_hub_reset
 .text.legacy_hub_port_reset
                0x00000000808109f4       0x6a common/built-in.o
                0x00000000808109f4                legacy_hub_port_reset
 *fill*         0x0000000080810a5e        0x2 
 .text.usb_hub_port_connect_change
                0x0000000080810a60       0xf8 common/built-in.o
                0x0000000080810a60                usb_hub_port_connect_change
 .text.usb_hub_configure
                0x0000000080810b58      0x33c common/built-in.o
 .text.usb_hub_probe
                0x0000000080810e94       0x3c common/built-in.o
                0x0000000080810e94                usb_hub_probe
 .text.usb_stor_irq
                0x0000000080810ed0       0x10 common/built-in.o
 .text.usb_stor_BBB_reset
                0x0000000080810ee0       0x8e common/built-in.o
 .text.usb_stor_CB_reset
                0x0000000080810f6e       0x8e common/built-in.o
 .text.usb_stor_BBB_clear_endpt_stall.isra.2
                0x0000000080810ffc       0x2c common/built-in.o
 .text.usb_stor_BBB_transport
                0x0000000080811028      0x1a0 common/built-in.o
 .text.usb_stor_CB_comdat
                0x00000000808111c8      0x150 common/built-in.o
 .text.usb_stor_CBI_get_status.isra.4
                0x0000000080811318       0x7c common/built-in.o
 .text.usb_stor_CB_transport
                0x0000000080811394      0x160 common/built-in.o
 .text.usb_request_sense.constprop.10
                0x00000000808114f4       0x4c common/built-in.o
 .text.usb_stor_read
                0x0000000080811540       0xf4 common/built-in.o
 .text.usb_stor_write
                0x0000000080811634       0xf4 common/built-in.o
 .text.usb_stor_info
                0x0000000080811728       0x4c common/built-in.o
                0x0000000080811728                usb_stor_info
 .text.usb_storage_probe
                0x0000000080811774      0x15c common/built-in.o
                0x0000000080811774                usb_storage_probe
 .text.usb_stor_get_info
                0x00000000808118d0      0x21c common/built-in.o
                0x00000000808118d0                usb_stor_get_info
 .text.usb_stor_scan
                0x0000000080811aec      0x14c common/built-in.o
                0x0000000080811aec                usb_stor_scan
 .text.menu_display_statusline
                0x0000000080811c38        0x2 common/built-in.o
                0x0000000080811c38                menu_display_statusline
 .text.menu_default_set
                0x0000000080811c3a       0x56 common/built-in.o
                0x0000000080811c3a                menu_default_set
 .text.menu_get_choice
                0x0000000080811c90      0x12c common/built-in.o
                0x0000000080811c90                menu_get_choice
 .text.menu_item_add
                0x0000000080811dbc       0x8c common/built-in.o
                0x0000000080811dbc                menu_item_add
 .text.menu_create
                0x0000000080811e48       0x54 common/built-in.o
                0x0000000080811e48                menu_create
 .text.menu_destroy
                0x0000000080811e9c       0x44 common/built-in.o
                0x0000000080811e9c                menu_destroy
 .text.env_get_char_spec
                0x0000000080811ee0        0x8 common/built-in.o
                0x0000000080811ee0                env_get_char_spec
 .text.env_get_addr
                0x0000000080811ee8       0x18 common/built-in.o
                0x0000000080811ee8                env_get_addr
 .text.env_get_char_memory
                0x0000000080811f00        0xa common/built-in.o
                0x0000000080811f00                env_get_char_memory
 *fill*         0x0000000080811f0a        0x2 
 .text.env_get_char
                0x0000000080811f0c       0x20 common/built-in.o
                0x0000000080811f0c                env_get_char
 .text.getenv_yesno
                0x0000000080811f2c       0x2a common/built-in.o
                0x0000000080811f2c                getenv_yesno
 .text.getenv_default
                0x0000000080811f56       0x2a common/built-in.o
                0x0000000080811f56                getenv_default
 .text.set_default_env
                0x0000000080811f80       0x8c common/built-in.o
                0x0000000080811f80                set_default_env
 .text.set_default_vars
                0x000000008081200c       0x28 common/built-in.o
                0x000000008081200c                set_default_vars
 .text.env_import
                0x0000000080812034       0x94 common/built-in.o
                0x0000000080812034                env_import
 .text.env_export
                0x00000000808120c8       0x68 common/built-in.o
                0x00000000808120c8                env_export
 .text.env_relocate
                0x0000000080812130       0x28 common/built-in.o
                0x0000000080812130                env_relocate
 .text.env_complete
                0x0000000080812158       0x8c common/built-in.o
                0x0000000080812158                env_complete
 .text.console_setfile
                0x00000000808121e4       0x74 common/built-in.o
 .text.puts     0x0000000080812258       0x24 common/built-in.o
                0x0000000080812258                puts
 .text.putc     0x000000008081227c       0x24 common/built-in.o
                0x000000008081227c                putc
 .text.fgetc    0x00000000808122a0       0x18 common/built-in.o
                0x00000000808122a0                fgetc
 .text.getc     0x00000000808122b8       0x1a common/built-in.o
                0x00000000808122b8                getc
 *fill*         0x00000000808122d2        0x2 
 .text.ftstc    0x00000000808122d4       0x18 common/built-in.o
                0x00000000808122d4                ftstc
 .text.tstc     0x00000000808122ec       0x1a common/built-in.o
                0x00000000808122ec                tstc
 *fill*         0x0000000080812306        0x2 
 .text.ctrlc    0x0000000080812308       0x38 common/built-in.o
                0x0000000080812308                ctrlc
 .text.confirm_yesno
                0x0000000080812340       0x84 common/built-in.o
                0x0000000080812340                confirm_yesno
 .text.disable_ctrlc
                0x00000000808123c4       0x10 common/built-in.o
                0x00000000808123c4                disable_ctrlc
 .text.had_ctrlc
                0x00000000808123d4        0xc common/built-in.o
                0x00000000808123d4                had_ctrlc
 .text.clear_ctrlc
                0x00000000808123e0        0xc common/built-in.o
                0x00000000808123e0                clear_ctrlc
 .text.search_device
                0x00000000808123ec       0x16 common/built-in.o
                0x00000000808123ec                search_device
 .text.console_assign
                0x0000000080812402       0x2a common/built-in.o
                0x0000000080812402                console_assign
 .text.on_console
                0x000000008081242c       0x70 common/built-in.o
 .text.console_init_f
                0x000000008081249c        0xa common/built-in.o
                0x000000008081249c                console_init_f
 *fill*         0x00000000808124a6        0x2 
 .text.console_init_r
                0x00000000808124a8       0x88 common/built-in.o
                0x00000000808124a8                console_init_r
 .text.sbrk     0x0000000080812530       0x44 common/built-in.o
                0x0000000080812530                sbrk
 .text.mem_malloc_init
                0x0000000080812574       0x28 common/built-in.o
                0x0000000080812574                mem_malloc_init
 .text.malloc_trim
                0x000000008081259c       0x80 common/built-in.o
                0x000000008081259c                malloc_trim
 .text.free     0x000000008081261c      0x160 common/built-in.o
                0x000000008081261c                free
 .text.malloc   0x000000008081277c      0x40c common/built-in.o
                0x000000008081277c                malloc
 .text.calloc   0x0000000080812b88       0xbc common/built-in.o
                0x0000000080812b88                calloc
 .text.realloc  0x0000000080812c44      0x2dc common/built-in.o
                0x0000000080812c44                realloc
 .text.memalign
                0x0000000080812f20      0x10a common/built-in.o
                0x0000000080812f20                memalign
 .text.initf_malloc
                0x000000008081302a       0x14 common/built-in.o
                0x000000008081302a                initf_malloc
 .text.malloc_simple
                0x000000008081303e       0x28 common/built-in.o
                0x000000008081303e                malloc_simple
 *fill*         0x0000000080813066        0x2 
 .text.on_loadaddr
                0x0000000080813068       0x20 common/built-in.o
 .text.image_check_hcrc
                0x0000000080813088       0x2a common/built-in.o
                0x0000000080813088                image_check_hcrc
 .text.image_check_dcrc
                0x00000000808130b2       0x22 common/built-in.o
                0x00000000808130b2                image_check_dcrc
 .text.image_multi_count
                0x00000000808130d4       0x12 common/built-in.o
                0x00000000808130d4                image_multi_count
 .text.image_multi_getimg
                0x00000000808130e6       0x4e common/built-in.o
                0x00000000808130e6                image_multi_getimg
 .text.getenv_bootm_low
                0x0000000080813134       0x20 common/built-in.o
                0x0000000080813134                getenv_bootm_low
 .text.getenv_bootm_size
                0x0000000080813154       0x44 common/built-in.o
                0x0000000080813154                getenv_bootm_size
 .text.getenv_bootm_mapsize
                0x0000000080813198       0x20 common/built-in.o
                0x0000000080813198                getenv_bootm_mapsize
 .text.memmove_wd
                0x00000000808131b8       0x4c common/built-in.o
                0x00000000808131b8                memmove_wd
 .text.genimg_print_size
                0x0000000080813204       0x24 common/built-in.o
                0x0000000080813204                genimg_print_size
 .text.genimg_print_time
                0x0000000080813228       0x2c common/built-in.o
                0x0000000080813228                genimg_print_time
 .text.get_table_entry
                0x0000000080813254       0x12 common/built-in.o
                0x0000000080813254                get_table_entry
 .text.get_table_entry_name
                0x0000000080813266       0x14 common/built-in.o
                0x0000000080813266                get_table_entry_name
 *fill*         0x000000008081327a        0x2 
 .text.genimg_get_os_name
                0x000000008081327c       0x14 common/built-in.o
                0x000000008081327c                genimg_get_os_name
 .text.genimg_get_arch_name
                0x0000000080813290       0x14 common/built-in.o
                0x0000000080813290                genimg_get_arch_name
 .text.genimg_get_type_name
                0x00000000808132a4       0x14 common/built-in.o
                0x00000000808132a4                genimg_get_type_name
 .text.genimg_get_comp_name
                0x00000000808132b8       0x14 common/built-in.o
                0x00000000808132b8                genimg_get_comp_name
 .text.image_print_contents
                0x00000000808132cc      0x104 common/built-in.o
                0x00000000808132cc                image_print_contents
 .text.get_table_entry_id
                0x00000000808133d0       0x26 common/built-in.o
                0x00000000808133d0                get_table_entry_id
 *fill*         0x00000000808133f6        0x2 
 .text.genimg_get_os_id
                0x00000000808133f8       0x14 common/built-in.o
                0x00000000808133f8                genimg_get_os_id
 .text.genimg_get_arch_id
                0x000000008081340c       0x14 common/built-in.o
                0x000000008081340c                genimg_get_arch_id
 .text.genimg_get_type_id
                0x0000000080813420       0x14 common/built-in.o
                0x0000000080813420                genimg_get_type_id
 .text.genimg_get_comp_id
                0x0000000080813434       0x14 common/built-in.o
                0x0000000080813434                genimg_get_comp_id
 .text.genimg_get_kernel_addr_fit
                0x0000000080813448       0x40 common/built-in.o
                0x0000000080813448                genimg_get_kernel_addr_fit
 .text.genimg_get_kernel_addr
                0x0000000080813488       0x18 common/built-in.o
                0x0000000080813488                genimg_get_kernel_addr
 .text.genimg_get_format
                0x00000000808134a0       0x30 common/built-in.o
                0x00000000808134a0                genimg_get_format
 .text.genimg_get_image
                0x00000000808134d0        0x2 common/built-in.o
                0x00000000808134d0                genimg_get_image
 .text.genimg_has_config
                0x00000000808134d2        0xa common/built-in.o
                0x00000000808134d2                genimg_has_config
 .text.boot_get_ramdisk
                0x00000000808134dc      0x25c common/built-in.o
                0x00000000808134dc                boot_get_ramdisk
 .text.boot_ramdisk_high
                0x0000000080813738       0xcc common/built-in.o
                0x0000000080813738                boot_ramdisk_high
 .text.boot_get_setup
                0x0000000080813804        0x4 common/built-in.o
                0x0000000080813804                boot_get_setup
 .text.boot_get_loadable
                0x0000000080813808       0x84 common/built-in.o
                0x0000000080813808                boot_get_loadable
 .text.image_setup_linux
                0x000000008081388c       0x5c common/built-in.o
                0x000000008081388c                image_setup_linux
 .text.android_image_get_kernel
                0x00000000808138e8       0xf4 common/built-in.o
                0x00000000808138e8                android_image_get_kernel
 .text.android_image_check_header
                0x00000000808139dc       0x10 common/built-in.o
                0x00000000808139dc                android_image_check_header
 .text.android_image_get_end
                0x00000000808139ec       0x2a common/built-in.o
                0x00000000808139ec                android_image_get_end
 *fill*         0x0000000080813a16        0x2 
 .text.android_image_get_kload
                0x0000000080813a18       0x14 common/built-in.o
                0x0000000080813a18                android_image_get_kload
 .text.android_image_get_ramdisk
                0x0000000080813a2c       0x44 common/built-in.o
                0x0000000080813a2c                android_image_get_ramdisk
 .text.android_print_contents
                0x0000000080813a70       0xa0 common/built-in.o
                0x0000000080813a70                android_print_contents
 .text.fdt_error
                0x0000000080813b10       0x24 common/built-in.o
 .text.boot_fdt_add_mem_rsv_regions
                0x0000000080813b34       0x54 common/built-in.o
                0x0000000080813b34                boot_fdt_add_mem_rsv_regions
 .text.boot_relocate_fdt
                0x0000000080813b88      0x10c common/built-in.o
                0x0000000080813b88                boot_relocate_fdt
 .text.boot_get_fdt
                0x0000000080813c94      0x250 common/built-in.o
                0x0000000080813c94                boot_get_fdt
 .text.ft_verify_fdt
                0x0000000080813ee4        0x4 common/built-in.o
                0x0000000080813ee4                ft_verify_fdt
 .text.image_setup_libfdt
                0x0000000080813ee8       0xb0 common/built-in.o
                0x0000000080813ee8                image_setup_libfdt
 .text.fit_image_get_address
                0x0000000080813f98       0x3c common/built-in.o
 .text.fit_parse_conf
                0x0000000080813fd4       0x3e common/built-in.o
                0x0000000080813fd4                fit_parse_conf
 .text.fit_parse_subimage
                0x0000000080814012       0x3e common/built-in.o
                0x0000000080814012                fit_parse_subimage
 .text.fit_get_desc
                0x0000000080814050       0x20 common/built-in.o
                0x0000000080814050                fit_get_desc
 .text.fit_get_timestamp
                0x0000000080814070       0x30 common/built-in.o
                0x0000000080814070                fit_get_timestamp
 .text.fit_image_get_node
                0x00000000808140a0       0x24 common/built-in.o
                0x00000000808140a0                fit_image_get_node
 .text.fit_image_get_os
                0x00000000808140c4       0x28 common/built-in.o
                0x00000000808140c4                fit_image_get_os
 .text.fit_image_get_arch
                0x00000000808140ec       0x28 common/built-in.o
                0x00000000808140ec                fit_image_get_arch
 .text.fit_image_get_type
                0x0000000080814114       0x28 common/built-in.o
                0x0000000080814114                fit_image_get_type
 .text.fit_image_get_comp
                0x000000008081413c       0x28 common/built-in.o
                0x000000008081413c                fit_image_get_comp
 .text.fit_image_get_load
                0x0000000080814164        0xc common/built-in.o
                0x0000000080814164                fit_image_get_load
 .text.fit_image_get_entry
                0x0000000080814170        0xc common/built-in.o
                0x0000000080814170                fit_image_get_entry
 .text.fit_image_get_data
                0x000000008081417c       0x28 common/built-in.o
                0x000000008081417c                fit_image_get_data
 .text.fit_image_hash_get_algo
                0x00000000808141a4       0x20 common/built-in.o
                0x00000000808141a4                fit_image_hash_get_algo
 .text.fit_image_hash_get_value
                0x00000000808141c4       0x28 common/built-in.o
                0x00000000808141c4                fit_image_hash_get_value
 .text.fit_image_print_data
                0x00000000808141ec      0x100 common/built-in.o
 .text.fit_image_print
                0x00000000808142ec      0x234 common/built-in.o
                0x00000000808142ec                fit_image_print
 .text.fit_get_end
                0x0000000080814520        0x8 common/built-in.o
                0x0000000080814520                fit_get_end
 .text.calculate_hash
                0x0000000080814528       0xa8 common/built-in.o
                0x0000000080814528                calculate_hash
 .text.fit_image_verify
                0x00000000808145d0      0x150 common/built-in.o
                0x00000000808145d0                fit_image_verify
 .text.fit_all_image_verify
                0x0000000080814720       0x8c common/built-in.o
                0x0000000080814720                fit_all_image_verify
 .text.fit_image_check_arch
                0x00000000808147ac       0x2c common/built-in.o
                0x00000000808147ac                fit_image_check_arch
 .text.fit_image_check_type
                0x00000000808147d8       0x20 common/built-in.o
                0x00000000808147d8                fit_image_check_type
 .text.fit_image_check_comp
                0x00000000808147f8       0x20 common/built-in.o
                0x00000000808147f8                fit_image_check_comp
 .text.fit_check_format
                0x0000000080814818       0x40 common/built-in.o
                0x0000000080814818                fit_check_format
 .text.fit_conf_get_node
                0x0000000080814858       0x40 common/built-in.o
                0x0000000080814858                fit_conf_get_node
 .text.fit_conf_get_prop_node
                0x0000000080814898       0x1c common/built-in.o
                0x0000000080814898                fit_conf_get_prop_node
 .text.fit_conf_print
                0x00000000808148b4      0x10c common/built-in.o
                0x00000000808148b4                fit_conf_print
 .text.fit_print_contents
                0x00000000808149c0      0x158 common/built-in.o
                0x00000000808149c0                fit_print_contents
 .text.fit_get_node_from_config
                0x0000000080814b18       0x2a common/built-in.o
                0x0000000080814b18                fit_get_node_from_config
 *fill*         0x0000000080814b42        0x2 
 .text.fit_image_load
                0x0000000080814b44      0x344 common/built-in.o
                0x0000000080814b44                fit_image_load
 .text.boot_get_setup_fit
                0x0000000080814e88       0x40 common/built-in.o
                0x0000000080814e88                boot_get_setup_fit
 .text.get_ram_size
                0x0000000080814ec8       0x8e common/built-in.o
                0x0000000080814ec8                get_ram_size
 .text.get_effective_memsize
                0x0000000080814f56        0x6 common/built-in.o
                0x0000000080814f56                get_effective_memsize
 .text.stdio_serial_tstc
                0x0000000080814f5c        0x4 common/built-in.o
 .text.stdio_serial_getc
                0x0000000080814f60        0x4 common/built-in.o
 .text.stdio_serial_puts
                0x0000000080814f64        0x6 common/built-in.o
 .text.stdio_serial_putc
                0x0000000080814f6a        0x6 common/built-in.o
 .text.stdio_get_list
                0x0000000080814f70        0x8 common/built-in.o
                0x0000000080814f70                stdio_get_list
 .text.stdio_get_by_name
                0x0000000080814f78       0x30 common/built-in.o
                0x0000000080814f78                stdio_get_by_name
 .text.stdio_clone
                0x0000000080814fa8       0x22 common/built-in.o
                0x0000000080814fa8                stdio_clone
 *fill*         0x0000000080814fca        0x2 
 .text.stdio_register_dev
                0x0000000080814fcc       0x30 common/built-in.o
                0x0000000080814fcc                stdio_register_dev
 .text.stdio_register
                0x0000000080814ffc        0x6 common/built-in.o
                0x0000000080814ffc                stdio_register
 *fill*         0x0000000080815002        0x2 
 .text.stdio_init_tables
                0x0000000080815004       0x14 common/built-in.o
                0x0000000080815004                stdio_init_tables
 .text.stdio_add_devices
                0x0000000080815018       0x54 common/built-in.o
                0x0000000080815018                stdio_add_devices
 .text.cli_simple_process_macros
                0x000000008081506c      0x122 common/built-in.o
                0x000000008081506c                cli_simple_process_macros
 .text.run_command
                0x000000008081518e        0xe common/built-in.o
                0x000000008081518e                run_command
 .text.run_command_list
                0x000000008081519c       0x46 common/built-in.o
                0x000000008081519c                run_command_list
 *fill*         0x00000000808151e2        0x2 
 .text.do_run   0x00000000808151e4       0x50 common/built-in.o
                0x00000000808151e4                do_run
 .text.cli_process_fdt
                0x0000000080815234       0x30 common/built-in.o
                0x0000000080815234                cli_process_fdt
 .text.cli_secure_boot_cmd
                0x0000000080815264       0x4c common/built-in.o
                0x0000000080815264                cli_secure_boot_cmd
 .text.cli_loop
                0x00000000808152b0        0x8 common/built-in.o
                0x00000000808152b0                cli_loop
 .text.cli_init
                0x00000000808152b8        0x4 common/built-in.o
                0x00000000808152b8                cli_init
 .text.delete_char.part.0
                0x00000000808152bc       0x84 common/built-in.o
 .text.cread_add_char
                0x0000000080815340       0x80 common/built-in.o
 .text.cli_readline_into_buffer
                0x00000000808153c0      0x604 common/built-in.o
                0x00000000808153c0                cli_readline_into_buffer
 .text.cli_readline
                0x00000000808159c4       0x10 common/built-in.o
                0x00000000808159c4                cli_readline
 .text.find_cmd_tbl
                0x00000000808159d4       0x64 common/built-in.o
                0x00000000808159d4                find_cmd_tbl
 .text.find_cmd
                0x0000000080815a38       0x1c common/built-in.o
                0x0000000080815a38                find_cmd
 .text.cmd_usage
                0x0000000080815a54       0x3c common/built-in.o
                0x0000000080815a54                cmd_usage
 .text._do_help
                0x0000000080815a90      0x104 common/built-in.o
                0x0000000080815a90                _do_help
 .text.var_complete
                0x0000000080815b94       0x48 common/built-in.o
                0x0000000080815b94                var_complete
 .text.cmd_auto_complete
                0x0000000080815bdc      0x304 common/built-in.o
                0x0000000080815bdc                cmd_auto_complete
 .text.cmd_get_data_size
                0x0000000080815ee0       0x38 common/built-in.o
                0x0000000080815ee0                cmd_get_data_size
 .text.cmd_process
                0x0000000080815f18       0x98 common/built-in.o
                0x0000000080815f18                cmd_process
 .text.cmd_process_error
                0x0000000080815fb0       0x1c common/built-in.o
                0x0000000080815fb0                cmd_process_error
 .text.hex1_bin
                0x0000000080815fcc       0x2a common/built-in.o
 .text.hex2_bin
                0x0000000080815ff6       0x24 common/built-in.o
 .text.srec_decode
                0x000000008081601a      0x186 common/built-in.o
                0x000000008081601a                srec_decode
 .text.CYGACC_COMM_IF_GETC_TIMEOUT.isra.0
                0x00000000808161a0       0x2c common/built-in.o
 .text.xyzModem_flush
                0x00000000808161cc       0x14 common/built-in.o
 .text.xyzModem_get_hdr
                0x00000000808161e0      0x178 common/built-in.o
 .text.xyzModem_stream_open
                0x0000000080816358      0x178 common/built-in.o
                0x0000000080816358                xyzModem_stream_open
 .text.xyzModem_stream_read
                0x00000000808164d0      0x1c0 common/built-in.o
                0x00000000808164d0                xyzModem_stream_read
 .text.xyzModem_stream_close
                0x0000000080816690       0x40 common/built-in.o
                0x0000000080816690                xyzModem_stream_close
 .text.xyzModem_stream_terminate
                0x00000000808166d0       0x68 common/built-in.o
                0x00000000808166d0                xyzModem_stream_terminate
 .text.xyzModem_error
                0x0000000080816738       0x18 common/built-in.o
                0x0000000080816738                xyzModem_error
 .text.blk_get_dev
                0x0000000080816750       0x1c disk/built-in.o
                0x0000000080816750                blk_get_dev
 .text.dev_print
                0x000000008081676c      0x164 disk/built-in.o
                0x000000008081676c                dev_print
 .text.part_init
                0x00000000808168d0       0x2c disk/built-in.o
                0x00000000808168d0                part_init
 .text.part_print
                0x00000000808168fc       0xbc disk/built-in.o
                0x00000000808168fc                part_print
 .text.part_get_info
                0x00000000808169b8       0x44 disk/built-in.o
                0x00000000808169b8                part_get_info
 .text.blk_get_device_by_str
                0x00000000808169fc       0xcc disk/built-in.o
                0x00000000808169fc                blk_get_device_by_str
 .text.blk_get_device_part_str
                0x0000000080816ac8      0x260 disk/built-in.o
                0x0000000080816ac8                blk_get_device_part_str
 .text.test_block_type
                0x0000000080816d28       0x50 disk/built-in.o
 .text.print_partition_extended
                0x0000000080816d78      0x1b8 disk/built-in.o
 .text.part_print_dos
                0x0000000080816f30       0x20 disk/built-in.o
                0x0000000080816f30                part_print_dos
 .text.part_test_dos
                0x0000000080816f50       0x40 disk/built-in.o
 .text.part_get_info_extended
                0x0000000080816f90      0x23c disk/built-in.o
 .text.part_get_info_dos
                0x00000000808171cc       0x16 disk/built-in.o
                0x00000000808171cc                part_get_info_dos
 .text.iso_dread
                0x00000000808171e2       0x22 disk/built-in.o
                0x00000000808171e2                iso_dread
 .text.part_get_info_iso_verb
                0x0000000080817204      0x2c0 disk/built-in.o
                0x0000000080817204                part_get_info_iso_verb
 .text.part_test_iso
                0x00000000808174c4       0x14 disk/built-in.o
 .text.part_print_iso
                0x00000000808174d8       0x5c disk/built-in.o
 .text.part_get_info_iso
                0x0000000080817534        0x6 disk/built-in.o
 *fill*         0x000000008081753a        0x2 
 .text.print_efiname
                0x000000008081753c       0x38 disk/built-in.o
 .text.part_test_efi
                0x0000000080817574       0x88 disk/built-in.o
 .text.set_protective_mbr
                0x00000000808175fc       0x7c disk/built-in.o
 .text.validate_gpt_entries
                0x0000000080817678       0x80 disk/built-in.o
 .text.validate_gpt_header
                0x00000000808176f8      0x1a0 disk/built-in.o
 .text.is_gpt_valid
                0x0000000080817898      0x138 disk/built-in.o
 .text.is_pte_valid
                0x00000000808179d0       0x38 disk/built-in.o
 .text.part_print_efi
                0x0000000080817a08      0x1e8 disk/built-in.o
                0x0000000080817a08                part_print_efi
 .text.part_get_info_efi
                0x0000000080817bf0      0x174 disk/built-in.o
                0x0000000080817bf0                part_get_info_efi
 .text.write_gpt_table
                0x0000000080817d64      0x2cc disk/built-in.o
                0x0000000080817d64                write_gpt_table
 .text.gpt_fill_pte
                0x0000000080818030      0x224 disk/built-in.o
                0x0000000080818030                gpt_fill_pte
 .text.gpt_fill_header
                0x0000000080818254      0x136 disk/built-in.o
                0x0000000080818254                gpt_fill_header
 *fill*         0x000000008081838a        0x2 
 .text.gpt_restore
                0x000000008081838c       0xa4 disk/built-in.o
                0x000000008081838c                gpt_restore
 .text.gpt_verify_headers
                0x0000000080818430       0x54 disk/built-in.o
                0x0000000080818430                gpt_verify_headers
 .text.gpt_verify_partitions
                0x0000000080818484      0x1a8 disk/built-in.o
                0x0000000080818484                gpt_verify_partitions
 .text.device_bind_common.isra.5
                0x000000008081862c      0x1f0 drivers/built-in.o
 .text.alloc_priv
                0x000000008081881c       0x2e drivers/built-in.o
 .text.device_bind_with_driver_data
                0x000000008081884a       0x16 drivers/built-in.o
                0x000000008081884a                device_bind_with_driver_data
 .text.device_bind_by_name
                0x0000000080818860       0x44 drivers/built-in.o
                0x0000000080818860                device_bind_by_name
 .text.device_probe
                0x00000000808188a4      0x134 drivers/built-in.o
                0x00000000808188a4                device_probe
 .text.dev_get_platdata
                0x00000000808189d8       0x20 drivers/built-in.o
                0x00000000808189d8                dev_get_platdata
 .text.dev_get_uclass_platdata
                0x00000000808189f8       0x20 drivers/built-in.o
                0x00000000808189f8                dev_get_uclass_platdata
 .text.dev_get_priv
                0x0000000080818a18       0x20 drivers/built-in.o
                0x0000000080818a18                dev_get_priv
 .text.dev_get_uclass_priv
                0x0000000080818a38       0x20 drivers/built-in.o
                0x0000000080818a38                dev_get_uclass_priv
 .text.dev_get_addr_index
                0x0000000080818a58       0x70 drivers/built-in.o
                0x0000000080818a58                dev_get_addr_index
 .text.dev_get_addr
                0x0000000080818ac8        0x6 drivers/built-in.o
                0x0000000080818ac8                dev_get_addr
 .text.of_device_is_compatible
                0x0000000080818ace       0x18 drivers/built-in.o
                0x0000000080818ace                of_device_is_compatible
 .text.of_machine_is_compatible
                0x0000000080818ae6       0x18 drivers/built-in.o
                0x0000000080818ae6                of_machine_is_compatible
 *fill*         0x0000000080818afe        0x2 
 .text.lists_driver_lookup_name
                0x0000000080818b00       0x2c drivers/built-in.o
                0x0000000080818b00                lists_driver_lookup_name
 .text.lists_uclass_lookup
                0x0000000080818b2c       0x24 drivers/built-in.o
                0x0000000080818b2c                lists_uclass_lookup
 .text.lists_bind_drivers
                0x0000000080818b50       0x54 drivers/built-in.o
                0x0000000080818b50                lists_bind_drivers
 .text.lists_bind_fdt
                0x0000000080818ba4       0xf8 drivers/built-in.o
                0x0000000080818ba4                lists_bind_fdt
 .text.dm_root  0x0000000080818c9c       0x1c drivers/built-in.o
                0x0000000080818c9c                dm_root
 .text.dm_get_translation_offset
                0x0000000080818cb8        0xe drivers/built-in.o