nand_base.c:131:13:nand_release_device	0	static
nand_base.c:145:9:nand_read_byte	0	static
nand_base.c:158:16:nand_read_byte16	0	static
nand_base.c:170:12:nand_read_word	0	static
nand_base.c:206:13:nand_write_byte	16	static
nand_base.c:220:13:nand_write_byte16	16	static
nand_base.c:287:6:nand_write_buf	8	static
nand_base.c:302:6:nand_read_buf	8	static
nand_base.c:317:6:nand_write_buf16	8	static
nand_base.c:333:6:nand_read_buf16	8	static
nand_base.c:1060:12:nand_read_page_raw_syndrome	32	static
nand_base.c:1102:12:nand_read_page_swecc	56	static
nand_base.c:1718:12:nand_read_oob_std	16	static
nand_base.c:1733:12:nand_read_oob_syndrome	48	static
nand_base.c:1769:12:nand_write_oob_std	24	static
nand_base.c:1793:12:nand_write_oob_syndrome	64	static
nand_base.c:2018:12:nand_write_page_raw_syndrome	32	static
nand_base.c:2060:12:nand_write_page_swecc	48	static
nand_base.c:2089:12:nand_write_page_hwecc	40	static
nand_base.c:2188:12:nand_write_page_syndrome	32	static
nand_base.c:2672:12:single_erase	16	static
nand_base.c:2817:13:nand_sync	0	static
nand_base.c:2926:13:nand_set_defaults	0	static
nand_base.c:3077:12:nand_setup_read_retry_micron	24	static
nand_base.c:2125:12:nand_write_subpage_hwecc	56	static
nand_base.c:923:12:nand_check_erased_buf	16	static
nand_base.c:348:12:nand_block_bad	24	static
nand_base.c:2239:12:nand_write_page	48	static
nand_base.c:866:12:nand_wait	16	static
nand_base.c:2976:13:sanitize_string	4	static
nand_base.c:506:12:nand_block_isreserved	0	static
nand_base.c:486:12:nand_check_wp	16	static
nand_base.c:1041:12:nand_read_page_raw	16	static
nand_base.c:1998:12:nand_write_page_raw	16	static
nand_base.c:2877:12:nand_onfi_set_features	24	static
nand_base.c:2907:12:nand_onfi_get_features	24	static
nand_base.c:525:12:nand_block_checkbad	24	static
nand_base.c:2832:12:nand_block_isbad	32	static
nand_base.c:2301:17:nand_fill_oob	24	static
nand_base.c:2360:12:nand_do_write_ops	96	static
nand_base.c:2523:12:nand_write	64	static
nand_base.c:2548:12:nand_do_write_oob	56	static
nand_base.c:395:12:nand_default_block_markbad	80	static
nand_base.c:2629:12:nand_write_oob	40	static
nand_base.c:183:13:nand_select_chip	8	static
nand_base.c:1438:17:nand_transfer_oob	24	static
nand_base.c:2993:12:onfi_crc16.constprop	12	static
nand_base.c:2489:12:panic_nand_write	64	static
nand_base.c:574:13:nand_wait_status_ready.constprop	16	static
nand_base.c:548:6:nand_wait_ready	16	static
nand_base.c:598:13:nand_command	24	static
nand_base.c:701:13:nand_command_lp	24	static
nand_base.c:1511:12:nand_do_read_ops	104	static
nand_base.c:1951:12:nand_read_oob	72	static
nand_base.c:1695:12:nand_read	64	static
nand_base.c:993:5:nand_check_erased_ecc_chunk	32	static
nand_base.c:1372:12:nand_read_page_syndrome	64	static
nand_base.c:1148:12:nand_read_subpage	72	static
nand_base.c:1252:12:nand_read_page_hwecc	64	static
nand_base.c:1314:12:nand_read_page_hwecc_oob_first	64	static
nand_base.c:2702:5:nand_erase_nand	56	static
nand_base.c:2855:12:nand_block_markbad	96	static
nand_base.c:2689:12:nand_erase	0	static
nand_base.c:3839:5:nand_scan_ident	56	static
nand_base.c:3940:5:nand_scan_tail	24	static
nand_base.c:4232:5:nand_scan	8	static
