image.c:195:5:image_check_hcrc	72	static
image.c:210:5:image_check_dcrc	8	static
image.c:232:7:image_multi_count	0	static
image.c:265:6:image_multi_getimg	24	static
image.c:459:7:getenv_bootm_low	8	static
image.c:476:13:getenv_bootm_size	16	static
image.c:503:13:getenv_bootm_mapsize	8	static
image.c:519:6:memmove_wd	24	static
image.c:549:6:genimg_print_size	8	static
image.c:577:22:get_table_entry	0	static
image.c:696:20:genimg_get_short_name	8	static
image.c:606:13:genimg_get_cat_name	16	static
image.c:630:13:genimg_get_cat_short_name	16	static
image.c:644:5:genimg_get_cat_count	0	static
image.c:649:13:genimg_get_cat_desc	0	static
image.c:668:7:get_table_entry_name	8	static
image.c:680:13:genimg_get_os_name	0	static
image.c:685:13:genimg_get_arch_name	0	static
image.c:691:13:genimg_get_type_name	0	static
image.c:708:13:genimg_get_type_short_name	0	static
image.c:713:13:genimg_get_comp_name	0	static
image.c:325:6:image_print_contents	40	static
image.c:719:13:genimg_get_comp_short_name	0	static
image.c:724:13:genimg_get_os_short_name	0	static
image.c:729:13:genimg_get_arch_short_name	0	static
image.c:748:5:get_table_entry_id	16	static
image.c:766:5:genimg_get_os_id	0	static
image.c:771:5:genimg_get_arch_id	0	static
image.c:776:5:genimg_get_type_id	0	static
image.c:781:5:genimg_get_comp_id	0	static
image.c:802:7:genimg_get_kernel_addr_fit	0	static
image.c:836:7:genimg_get_kernel_addr	16	static
image.c:859:5:genimg_get_format	8	static
image.c:890:7:genimg_get_image	0	static
image.c:966:5:genimg_has_config	0	static
image.c:997:5:boot_get_ramdisk	40	static
image.c:1209:5:boot_ramdisk_high	32	static
image.c:1287:5:boot_get_setup	0	static
image.c:1533:5:image_setup_linux	32	static
