cpsw.c:1121:13:cpsw_eth_stop	8	static
cpsw.c:1151:12:cpsw_eth_ofdata_to_platdata	72	static
cpsw.c:325:12:cpsw_ale_read.isra.1	0	static
cpsw.c:368:12:cpsw_ale_match_free	32	static
cpsw.c:382:12:cpsw_ale_find_ageable	32	static
cpsw.c:349:12:cpsw_ale_match_addr	48	static
cpsw.c:337:12:cpsw_ale_write.isra.2	0	static
cpsw.c:514:12:cpsw_mdio_read	24	static
cpsw.c:533:12:cpsw_mdio_write	24	static
cpsw.c:702:12:cpdma_submit	12	static
cpsw.c:1113:12:cpsw_eth_free_pkt	8	static
cpsw.c:747:12:cpdma_process	16	static
cpsw.c:1106:12:cpsw_eth_recv	16	static
cpsw.c:1099:12:cpsw_eth_send	32	static
cpsw.c:427:12:cpsw_ale_add_mcast.constprop	48	static
cpsw.c:1091:12:cpsw_eth_start	56	static
cpsw.c:980:5:_cpsw_register	24	static
cpsw.c:1129:12:cpsw_eth_probe	8	static
