mmc.c:977:13:mmc_set_ios	0	static
mmc.c:554:12:mmc_set_capacity	24	static
mmc.c:25:12:board_mmc_getwp	0	static
mmc.c:30:5:mmc_getwp	8	static
mmc.c:46:12:board_mmc_getcd	0	static
mmc.c:121:5:mmc_send_cmd	0	static
mmc.c:460:12:mmc_send_ext_csd	56	static
mmc.c:285:12:mmc_go_idle	40	static
mmc.c:374:12:mmc_send_op_cond_iter	40	static
mmc.c:133:5:mmc_send_status	48	static
mmc.c:177:5:mmc_set_blocklen	40	static
mmc.c:235:7:mmc_bread	80	static
mmc.c:481:5:mmc_switch	40	static
mmc.c:582:5:mmc_switch_part	24	static
mmc.c:602:5:mmc_hwpart_config	640	static
mmc.c:797:5:mmc_getcd	8	static
mmc.c:984:6:mmc_set_clock	4	static
mmc.c:1004:12:mmc_startup	1448	static
mmc.c:1510:13:board_mmc_power_init	0	static
mmc.c:1514:5:mmc_start_init	56	static
mmc.c:1602:5:mmc_init	16	static
mmc.c:1625:5:mmc_set_dsr	0	static
mmc.c:1632:12:cpu_mmc_init	0	static
mmc.c:1638:12:board_mmc_init	0	static
mmc.c:1643:6:mmc_set_preinit	0	static
mmc.c:1692:5:mmc_initialize	24	static
