fdtdec.c:629:20:get_prop_check_min_len	24	static
fdtdec.c:71:13:fdtdec_get_compatible	0	static
fdtdec.c:296:10:fdtdec_get_uint64	24	static
fdtdec.c:309:5:fdtdec_get_is_enabled	8	static
fdtdec.c:326:20:fdtdec_lookup	24	static
fdtdec.c:338:5:fdtdec_next_compatible	0	static
fdtdec.c:344:5:fdtdec_next_compatible_subnode	24	static
fdtdec.c:359:5:fdtdec_next_alias	72	static
fdtdec.c:390:5:fdtdec_add_aliases_for_id	64	dynamic
fdtdec.c:381:5:fdtdec_find_aliases_for_id	24	static
fdtdec.c:504:5:fdtdec_get_alias_seq	56	static
fdtdec.c:546:13:fdtdec_get_chosen_prop	16	static
fdtdec.c:556:5:fdtdec_get_chosen_node	8	static
fdtdec.c:583:5:fdtdec_prepare_fdt	8	static
fdtdec.c:566:5:fdtdec_check_fdt	8	static
fdtdec.c:604:5:fdtdec_lookup_phandle	8	static
fdtdec.c:646:5:fdtdec_get_int_array	32	static
fdtdec.c:1078:12:decode_timing_property	40	static
fdtdec.c:662:5:fdtdec_get_int_array_count	16	static
fdtdec.c:682:12:fdtdec_locate_array	24	static
fdtdec.c:693:5:fdtdec_get_bool	16	static
fdtdec.c:703:5:fdtdec_parse_phandle_with_args	40	static
fdtdec.c:827:5:fdtdec_get_child_count	16	static
fdtdec.c:838:5:fdtdec_get_byte_array	24	static
fdtdec.c:850:11:fdtdec_locate_byte_array	24	static
fdtdec.c:862:5:fdtdec_get_config_int	16	static
fdtdec.c:874:5:fdtdec_get_config_bool	16	static
fdtdec.c:888:7:fdtdec_get_config_string	24	static
fdtdec.c:906:5:fdtdec_decode_region	16	static
fdtdec.c:937:5:fdtdec_read_fmap_entry	40	static
fdtdec.c:960:5:fdtdec_get_number	16	static
fdtdec.c:78:12:fdtdec_get_addr_size_fixed	32	static
fdtdec.c:128:12:fdtdec_get_addr_size_auto_parent	40	static
fdtdec.c:153:12:fdtdec_get_addr_size_auto_noparent	32	static
fdtdec.c:170:12:fdtdec_get_addr_size	24	static
fdtdec.c:180:12:fdtdec_get_addr	0	static
fdtdec.c:970:5:fdt_get_resource	40	static
fdtdec.c:1004:5:fdt_get_named_resource	24	static
fdtdec.c:1017:5:fdtdec_decode_memory_region	104	static
fdtdec.c:1102:5:fdtdec_decode_display_timing	24	static
fdtdec.c:1170:5:fdtdec_setup	8	static
