Archive member included because of file (symbol)

arch/arm/lib/lib.a(ashldi3.o)
                              drivers/built-in.o (__aeabi_llsl)
arch/arm/lib/lib.a(ashrdi3.o)
                              drivers/built-in.o (__aeabi_lasr)
arch/arm/lib/lib.a(lib1funcs.o)
                              arch/arm/cpu/armv7/built-in.o (__aeabi_uidiv)
arch/arm/lib/lib.a(lshrdi3.o)
                              drivers/built-in.o (__aeabi_llsr)
arch/arm/lib/lib.a(div0.o)    arch/arm/lib/lib.a(lib1funcs.o) (__div0)

Discarded input sections

 .data          0x0000000000000000        0x0 arch/arm/cpu/armv7/start.o
 .bss           0x0000000000000000        0x0 arch/arm/cpu/armv7/start.o
 .text.v7_outer_cache_enable
                0x0000000000000000        0x2 arch/arm/cpu/armv7/built-in.o
 .text.arm_init_before_mmu
                0x0000000000000000       0x22 arch/arm/cpu/armv7/built-in.o
 .text.v7_outer_cache_flush_range
                0x0000000000000000        0x2 arch/arm/cpu/armv7/built-in.o
 .text.flush_dcache_range
                0x0000000000000000       0x38 arch/arm/cpu/armv7/built-in.o
 .text.mmu_page_table_flush
                0x0000000000000000       0x1e arch/arm/cpu/armv7/built-in.o
 .text.v7_outer_cache_inval_range
                0x0000000000000000        0x2 arch/arm/cpu/armv7/built-in.o
 .text.invalidate_dcache_range
                0x0000000000000000       0x40 arch/arm/cpu/armv7/built-in.o
 .text.v7_arch_cp15_set_l2aux_ctrl
                0x0000000000000000        0x6 arch/arm/cpu/armv7/built-in.o
 .text.v7_arch_cp15_set_acr
                0x0000000000000000        0x6 arch/arm/cpu/armv7/built-in.o
 .text.warm_reset
                0x0000000000000000       0x18 arch/arm/cpu/armv7/built-in.o
 .text.setup_warmreset_time
                0x0000000000000000        0x2 arch/arm/cpu/armv7/built-in.o
 .text.get_ticks
                0x0000000000000000        0xa arch/arm/cpu/armv7/built-in.o
 .text.get_tbclk
                0x0000000000000000        0x6 arch/arm/cpu/armv7/built-in.o
 .text.do_cancel_out
                0x0000000000000000       0x44 arch/arm/cpu/armv7/built-in.o
 .text.cancel_out
                0x0000000000000000       0x62 arch/arm/cpu/armv7/built-in.o
 .text.omap_die_id
                0x0000000000000000        0xc arch/arm/cpu/armv7/built-in.o
 .text.omap_die_id_serial
                0x0000000000000000       0x4c arch/arm/cpu/armv7/built-in.o
 .text.omap_die_id_get_board_serial
                0x0000000000000000       0x24 arch/arm/cpu/armv7/built-in.o
 .text.omap_die_id_usbethaddr
                0x0000000000000000       0x58 arch/arm/cpu/armv7/built-in.o
 .text.omap_die_id_display
                0x0000000000000000       0x2c arch/arm/cpu/armv7/built-in.o
 .text.enable_caches
                0x0000000000000000        0x4 arch/arm/cpu/armv7/built-in.o
 .text.dram_bank_mmu_setup
                0x0000000000000000       0x26 arch/arm/cpu/armv7/built-in.o
 .text.arm_init_domains
                0x0000000000000000       0x12 arch/arm/cpu/armv7/built-in.o
 .text.fb_set_reboot_flag
                0x0000000000000000       0x24 arch/arm/cpu/armv7/built-in.o
 .text.set_mpu_spreadspectrum
                0x0000000000000000       0xa8 arch/arm/cpu/armv7/built-in.o
 .text.do_disable_clocks
                0x0000000000000000       0x60 arch/arm/cpu/armv7/built-in.o
 .text.get_cpu_rev
                0x0000000000000000        0xc arch/arm/cpu/armv7/built-in.o
 .text.get_cpu_type
                0x0000000000000000       0x10 arch/arm/cpu/armv7/built-in.o
 .text.get_device_type
                0x0000000000000000       0x10 arch/arm/cpu/armv7/built-in.o
 .text.get_sysboot_value
                0x0000000000000000       0x10 arch/arm/cpu/armv7/built-in.o
 .text.dram_init
                0x0000000000000000       0x1a arch/arm/cpu/armv7/built-in.o
 .text.dram_init_banksize
                0x0000000000000000       0x16 arch/arm/cpu/armv7/built-in.o
 .text.am33xx_spl_board_init
                0x0000000000000000       0x28 arch/arm/cpu/armv7/built-in.o
 .text.clk_synthesizer_reg_write
                0x0000000000000000       0x38 arch/arm/cpu/armv7/built-in.o
 .text.setup_clock_synthesizer
                0x0000000000000000       0x84 arch/arm/cpu/armv7/built-in.o
 .rodata.cmdpll
                0x0000000000000000        0x4 arch/arm/cpu/armv7/built-in.o
 .rodata.cmper  0x0000000000000000        0x4 arch/arm/cpu/armv7/built-in.o
 .rodata.cmrtc  0x0000000000000000        0x4 arch/arm/cpu/armv7/built-in.o
 .data          0x0000000000000000        0x0 arch/arm/cpu/armv7/built-in.o
 .bss           0x0000000000000000        0x0 arch/arm/cpu/armv7/built-in.o
 .text.board_init_f
                0x0000000000000000        0x2 arch/arm/lib/built-in.o
 .text.arch_reserve_stacks
                0x0000000000000000       0x16 arch/arm/lib/built-in.o
 .text.interrupt_init
                0x0000000000000000       0x14 arch/arm/lib/built-in.o
 .text.enable_interrupts
[...]
Memory Configuration

Name             Origin             Length             Attributes
.sram            0x00000000402f0400 0x000000000001b400
.sdram           0x0000000080a00000 0x0000000000080000
*default*        0x0000000000000000 0xffffffffffffffff

Linker script and memory map


.text           0x00000000402f0400     0xc744
                0x00000000402f0400                __start = .
 *(.vectors)
 .vectors       0x00000000402f0400       0x60 arch/arm/lib/built-in.o
                0x00000000402f0400                _start
                0x00000000402f0420                _undefined_instruction
                0x00000000402f0424                _software_interrupt
                0x00000000402f0428                _prefetch_abort
                0x00000000402f042c                _data_abort
                0x00000000402f0430                _not_used
                0x00000000402f0434                _irq
                0x00000000402f0438                _fiq
 arch/arm/cpu/armv7/start.o(.text)
 .text          0x00000000402f0460       0xb0 arch/arm/cpu/armv7/start.o
                0x00000000402f0460                reset
                0x00000000402f0464                save_boot_params_ret
                0x00000000402f04a0                c_runtime_cpu_setup
                0x00000000402f04b4                cpu_init_cp15
                0x00000000402f0508                cpu_init_crit
 *(.text*)
 .text          0x00000000402f0510      0x1d8 arch/arm/cpu/armv7/built-in.o
                0x00000000402f0510                __v7_flush_dcache_all
                0x00000000402f05ac                v7_flush_dcache_all
                0x00000000402f05bc                __v7_invalidate_dcache_all
                0x00000000402f0658                v7_invalidate_dcache_all
                0x00000000402f0668                lowlevel_init
                0x00000000402f0688                save_boot_params
                0x00000000402f0694                omap_smc1
                0x00000000402f06b0                omap_smc_sec
 .text.invalidate_icache_all
                0x00000000402f06e8       0x14 arch/arm/cpu/armv7/built-in.o
                0x00000000402f06e8                invalidate_icache_all
 .text.v7_outer_cache_disable
                0x00000000402f06fc        0x2 arch/arm/cpu/armv7/built-in.o
                0x00000000402f06fc                v7_outer_cache_disable
 .text.v7_outer_cache_flush_all
                0x00000000402f06fe        0x2 arch/arm/cpu/armv7/built-in.o
                0x00000000402f06fe                v7_outer_cache_flush_all
 .text.flush_dcache_all
                0x00000000402f0700        0xe arch/arm/cpu/armv7/built-in.o
                0x00000000402f0700                flush_dcache_all
 .text.v7_outer_cache_inval_all
                0x00000000402f070e        0x2 arch/arm/cpu/armv7/built-in.o
                0x00000000402f070e                v7_outer_cache_inval_all
 .text.invalidate_dcache_all
                0x00000000402f0710        0xe arch/arm/cpu/armv7/built-in.o
                0x00000000402f0710                invalidate_dcache_all
 .text.cpu_cache_initialization
                0x00000000402f071e        0x2 arch/arm/cpu/armv7/built-in.o
                0x00000000402f071e                cpu_cache_initialization
 .text.cleanup_before_linux_select
                0x00000000402f0720       0x38 arch/arm/cpu/armv7/built-in.o
                0x00000000402f0720                cleanup_before_linux_select
 .text.cleanup_before_linux
                0x00000000402f0758        0x6 arch/arm/cpu/armv7/built-in.o
                0x00000000402f0758                cleanup_before_linux
 .text.sdelay   0x00000000402f075e        0x6 arch/arm/cpu/armv7/built-in.o
                0x00000000402f075e                sdelay
 .text.wait_on_value
                0x00000000402f0764       0x1a arch/arm/cpu/armv7/built-in.o
                0x00000000402f0764                wait_on_value
 *fill*         0x00000000402f077e        0x2 
 .text.reset_cpu
                0x00000000402f0780        0xc arch/arm/cpu/armv7/built-in.o
                0x00000000402f0780                reset_cpu
 .text.timer_init
                0x00000000402f078c       0x10 arch/arm/cpu/armv7/built-in.o
                0x00000000402f078c                timer_init
 .text.__udelay
                0x00000000402f079c       0x2c arch/arm/cpu/armv7/built-in.o
                0x00000000402f079c                __udelay
 .text.get_timer_masked
                0x00000000402f07c8       0x50 arch/arm/cpu/armv7/built-in.o
                0x00000000402f07c8                get_timer_masked
 .text.get_timer
                0x00000000402f0818        0xc arch/arm/cpu/armv7/built-in.o
                0x00000000402f0818                get_timer
 .text.omap_sys_boot_device
                0x00000000402f0824        0x4 arch/arm/cpu/armv7/built-in.o
                0x00000000402f0824                omap_sys_boot_device
 .text.save_omap_boot_params
                0x00000000402f0828       0x78 arch/arm/cpu/armv7/built-in.o
                0x00000000402f0828                save_omap_boot_params
 .text.spl_boot_device
                0x00000000402f08a0        0x6 arch/arm/cpu/armv7/built-in.o
                0x00000000402f08a0                spl_boot_device
 .text.spl_boot_mode
                0x00000000402f08a6        0x6 arch/arm/cpu/armv7/built-in.o
                0x00000000402f08a6                spl_boot_mode
 .text.spl_board_init
                0x00000000402f08ac       0x2c arch/arm/cpu/armv7/built-in.o
                0x00000000402f08ac                spl_board_init
 .text.board_mmc_init
                0x00000000402f08d8       0x46 arch/arm/cpu/armv7/built-in.o
                0x00000000402f08d8                board_mmc_init
 *fill*         0x00000000402f091e        0x2 
 .text.jump_to_image_no_args
                0x00000000402f0920       0x10 arch/arm/cpu/armv7/built-in.o
                0x00000000402f0920                jump_to_image_no_args
 .text.enable_gpmc_cs_config
                0x00000000402f0930       0x4c arch/arm/cpu/armv7/built-in.o
                0x00000000402f0930                enable_gpmc_cs_config
 .text.set_gpmc_cs0
                0x00000000402f097c       0x48 arch/arm/cpu/armv7/built-in.o
                0x00000000402f097c                set_gpmc_cs0
 .text.gpmc_init
                0x00000000402f09c4       0x3c arch/arm/cpu/armv7/built-in.o
                0x00000000402f09c4                gpmc_init
 .text.get_dpll_mpu_params
                0x00000000402f0a00        0x8 arch/arm/cpu/armv7/built-in.o
                0x00000000402f0a00                get_dpll_mpu_params
 .text.get_dpll_core_params
                0x00000000402f0a08        0x8 arch/arm/cpu/armv7/built-in.o
                0x00000000402f0a08                get_dpll_core_params
 .text.get_dpll_per_params
                0x00000000402f0a10        0x8 arch/arm/cpu/armv7/built-in.o
                0x00000000402f0a10                get_dpll_per_params
 .text.setup_clocks_for_console
                0x00000000402f0a18       0x78 arch/arm/cpu/armv7/built-in.o
                0x00000000402f0a18                setup_clocks_for_console
 .text.enable_basic_clocks
                0x00000000402f0a90       0x40 arch/arm/cpu/armv7/built-in.o
                0x00000000402f0a90                enable_basic_clocks
 .text.do_setup_dpll
                0x00000000402f0ad0       0xc4 arch/arm/cpu/armv7/built-in.o
                0x00000000402f0ad0                do_setup_dpll
 .text.do_enable_clocks
                0x00000000402f0b94       0x5c arch/arm/cpu/armv7/built-in.o
                0x00000000402f0b94                do_enable_clocks
 .text.scale_vcores
                0x00000000402f0bf0        0x2 arch/arm/cpu/armv7/built-in.o
                0x00000000402f0bf0                scale_vcores
 *fill*         0x00000000402f0bf2        0x2 
 .text.prcm_init
                0x00000000402f0bf4       0x60 arch/arm/cpu/armv7/built-in.o
                0x00000000402f0bf4                prcm_init
 .text.am335x_get_efuse_mpu_max_freq
                0x00000000402f0c54       0x70 arch/arm/cpu/armv7/built-in.o
                0x00000000402f0c54                am335x_get_efuse_mpu_max_freq
 .text.am335x_get_tps65910_mpu_vdd
                0x00000000402f0cc4       0x2a arch/arm/cpu/armv7/built-in.o
                0x00000000402f0cc4                am335x_get_tps65910_mpu_vdd
 *fill*         0x00000000402f0cee        0x2 
 .text.configure_mr
                0x00000000402f0cf0       0x64 arch/arm/cpu/armv7/built-in.o
 .text.config_sdram_emif4d5
                0x00000000402f0d54       0xf4 arch/arm/cpu/armv7/built-in.o
                0x00000000402f0d54                config_sdram_emif4d5
 .text.config_sdram
                0x00000000402f0e48       0x54 arch/arm/cpu/armv7/built-in.o
                0x00000000402f0e48                config_sdram
 .text.set_sdram_timings
                0x00000000402f0e9c       0x24 arch/arm/cpu/armv7/built-in.o
                0x00000000402f0e9c                set_sdram_timings
 .text.config_ddr_phy
                0x00000000402f0ec0      0x104 arch/arm/cpu/armv7/built-in.o
                0x00000000402f0ec0                config_ddr_phy
 .text.config_cmd_ctrl
                0x00000000402f0fc4       0x2c arch/arm/cpu/armv7/built-in.o
                0x00000000402f0fc4                config_cmd_ctrl
 .text.config_ddr_data
                0x00000000402f0ff0       0x34 arch/arm/cpu/armv7/built-in.o
                0x00000000402f0ff0                config_ddr_data
 .text.config_io_ctrl
                0x00000000402f1024       0x20 arch/arm/cpu/armv7/built-in.o
                0x00000000402f1024                config_io_ctrl
 .text.ddr_pll_config
                0x00000000402f1044        0x2 arch/arm/cpu/armv7/built-in.o
                0x00000000402f1044                ddr_pll_config
 *fill*         0x00000000402f1046        0x2 
 .text.config_ddr
                0x00000000402f1048       0x90 arch/arm/cpu/armv7/built-in.o
                0x00000000402f1048                config_ddr
 .text.am33xx_otg1_set_phy_power
                0x00000000402f10d8       0x20 arch/arm/cpu/armv7/built-in.o
 .text.am33xx_otg0_set_phy_power
                0x00000000402f10f8       0x20 arch/arm/cpu/armv7/built-in.o
 .text.arch_misc_init
                0x00000000402f1118       0x34 arch/arm/cpu/armv7/built-in.o
                0x00000000402f1118                arch_misc_init
 .text.board_early_init_f
                0x00000000402f114c        0xe arch/arm/cpu/armv7/built-in.o
                0x00000000402f114c                board_early_init_f
 .text.board_init_f
                0x00000000402f115a        0xe arch/arm/cpu/armv7/built-in.o
                0x00000000402f115a                board_init_f
 .text.s_init   0x00000000402f1168       0x64 arch/arm/cpu/armv7/built-in.o
                0x00000000402f1168                s_init
 .text.configure_module_pin_mux
                0x00000000402f11cc       0x20 arch/arm/cpu/armv7/built-in.o
                0x00000000402f11cc                configure_module_pin_mux
 .text          0x00000000402f11ec       0x70 arch/arm/lib/built-in.o
                0x00000000402f11ec                _main
 .text.jump_to_image_linux
                0x00000000402f125c       0x1c arch/arm/lib/built-in.o
                0x00000000402f125c                jump_to_image_linux
 .text.bootz_setup
                0x00000000402f1278       0x6c arch/arm/lib/built-in.o
                0x00000000402f1278                bootz_setup
 .text.disable_interrupts
                0x00000000402f12e4        0x4 arch/arm/lib/built-in.o
                0x00000000402f12e4                disable_interrupts
 .text.reset_misc
                0x00000000402f12e8        0x2 arch/arm/lib/built-in.o
                0x00000000402f12e8                reset_misc
 *fill*         0x00000000402f12ea        0x2 
 .text.do_reset
                0x00000000402f12ec       0x28 arch/arm/lib/built-in.o
                0x00000000402f12ec                do_reset
 .text.cp_delay
                0x00000000402f1314       0x18 arch/arm/lib/built-in.o
 .text.icache_enable
                0x00000000402f132c       0x14 arch/arm/lib/built-in.o
                0x00000000402f132c                icache_enable
 .text.icache_disable
                0x00000000402f1340       0x1c arch/arm/lib/built-in.o
                0x00000000402f1340                icache_disable
 .text.dcache_disable
                0x00000000402f135c       0x24 arch/arm/lib/built-in.o
                0x00000000402f135c                dcache_disable
 .text.enable_uart0_pin_mux
                0x00000000402f1380        0xc board/ti/am335x/built-in.o
                0x00000000402f1380                enable_uart0_pin_mux
 .text.enable_i2c0_pin_mux
                0x00000000402f138c        0xc board/ti/am335x/built-in.o
                0x00000000402f138c                enable_i2c0_pin_mux
 .text.enable_board_pin_mux
                0x00000000402f1398      0x174 board/ti/am335x/built-in.o
                0x00000000402f1398                enable_board_pin_mux
 .text.default_serial_console
                0x00000000402f150c       0x34 board/ti/am335x/built-in.o
                0x00000000402f150c                default_serial_console
 .text.spl_start_uboot
                0x00000000402f1540       0x16 board/ti/am335x/built-in.o
                0x00000000402f1540                spl_start_uboot
 *fill*         0x00000000402f1556        0x2 
 .text.am33xx_spl_board_init
                0x00000000402f1558      0x180 board/ti/am335x/built-in.o
                0x00000000402f1558                am33xx_spl_board_init
 .text.get_dpll_ddr_params
                0x00000000402f16d8       0xa0 board/ti/am335x/built-in.o
                0x00000000402f16d8                get_dpll_ddr_params
 .text.set_uart_mux_conf
                0x00000000402f1778        0x4 board/ti/am335x/built-in.o
                0x00000000402f1778                set_uart_mux_conf
 .text.set_mux_conf_regs
                0x00000000402f177c       0x24 board/ti/am335x/built-in.o
                0x00000000402f177c                set_mux_conf_regs
 .text.sdram_init
                0x00000000402f17a0      0x16c board/ti/am335x/built-in.o
                0x00000000402f17a0                sdram_init
 .text.board_fit_config_name_match
                0x00000000402f190c       0xe0 board/ti/am335x/built-in.o
                0x00000000402f190c                board_fit_config_name_match
 .text.ti_eeprom_string_cleanup
                0x00000000402f19ec       0x24 board/ti/common/built-in.o
 .text.gpi2c_init
                0x00000000402f1a10        0x2 board/ti/common/built-in.o
                0x00000000402f1a10                gpi2c_init
 .text.ti_i2c_eeprom_get
                0x00000000402f1a12       0x94 board/ti/common/built-in.o
 *fill*         0x00000000402f1aa6        0x2 
 .text.ti_i2c_eeprom_am_get
                0x00000000402f1aa8       0xc8 board/ti/common/built-in.o
                0x00000000402f1aa8                ti_i2c_eeprom_am_get
 .text.board_ti_is
                0x00000000402f1b70       0x30 board/ti/common/built-in.o
                0x00000000402f1b70                board_ti_is
 .text.board_ti_get_rev
                0x00000000402f1ba0       0x1c board/ti/common/built-in.o
                0x00000000402f1ba0                board_ti_get_rev
 .text.board_ti_get_config
                0x00000000402f1bbc       0x1c board/ti/common/built-in.o
                0x00000000402f1bbc                board_ti_get_config
 .text.show_boot_progress
                0x00000000402f1bd8        0x2 common/spl/built-in.o
                0x00000000402f1bd8                show_boot_progress
 .text.spl_board_prepare_for_linux
                0x00000000402f1bda        0x2 common/spl/built-in.o
                0x00000000402f1bda                spl_board_prepare_for_linux
 .text.spl_board_prepare_for_boot
                0x00000000402f1bdc        0x2 common/spl/built-in.o
                0x00000000402f1bdc                spl_board_prepare_for_boot
 *fill*         0x00000000402f1bde        0x2 
 .text.spl_set_header_raw_uboot
                0x00000000402f1be0       0x24 common/spl/built-in.o
                0x00000000402f1be0                spl_set_header_raw_uboot
 .text.spl_parse_image_header
                0x00000000402f1c04       0x80 common/spl/built-in.o
                0x00000000402f1c04                spl_parse_image_header
 .text.spl_init
                0x00000000402f1c84       0x1c common/spl/built-in.o
                0x00000000402f1c84                spl_init
 .text.board_boot_order
                0x00000000402f1ca0        0xc common/spl/built-in.o
                0x00000000402f1ca0                board_boot_order
 .text.board_init_r
                0x00000000402f1cac       0xf8 common/spl/built-in.o
                0x00000000402f1cac                board_init_r
 .text.preloader_console_init
                0x00000000402f1da4       0x2c common/spl/built-in.o
                0x00000000402f1da4                preloader_console_init
 .text.spl_relocate_stack_gd
                0x00000000402f1dd0       0x18 common/spl/built-in.o
                0x00000000402f1dd0                spl_relocate_stack_gd
 .text.fdt_getprop_u32
                0x00000000402f1de8       0x1c common/spl/built-in.o
 .text.get_aligned_image_size
                0x00000000402f1e04       0x28 common/spl/built-in.o
 .text.spl_load_simple_fit
                0x00000000402f1e2c      0x230 common/spl/built-in.o
                0x00000000402f1e2c                spl_load_simple_fit
 .text.ymodem_read_fit
                0x00000000402f205c       0x7c common/spl/built-in.o
 .text.getcymodem
                0x00000000402f20d8       0x16 common/spl/built-in.o
 *fill*         0x00000000402f20ee        0x2 
 .text.spl_ymodem_load_image
                0x00000000402f20f0       0xf0 common/spl/built-in.o
                0x00000000402f20f0                spl_ymodem_load_image
 .text.spl_nand_fit_read
                0x00000000402f21e0       0x18 common/spl/built-in.o
 .text.spl_nand_load_image
                0x00000000402f21f8       0xdc common/spl/built-in.o
                0x00000000402f21f8                spl_nand_load_image
 .text.h_spl_load_read
                0x00000000402f22d4       0x1e common/spl/built-in.o
 *fill*         0x00000000402f22f2        0x2 
 .text.mmc_load_image_raw_sector
                0x00000000402f22f4       0x90 common/spl/built-in.o
 .text.spl_mmc_get_device_index
                0x00000000402f2384       0x28 common/spl/built-in.o
                0x00000000402f2384                spl_mmc_get_device_index
 .text.spl_mmc_do_fs_boot
                0x00000000402f23ac       0x60 common/spl/built-in.o
                0x00000000402f23ac                spl_mmc_do_fs_boot
 .text.spl_mmc_load_image
                0x00000000402f240c      0x110 common/spl/built-in.o
                0x00000000402f240c                spl_mmc_load_image
 .text.spl_fit_read
                0x00000000402f251c       0x20 common/spl/built-in.o
 .text.spl_load_image_fat
                0x00000000402f253c       0xb0 common/spl/built-in.o
                0x00000000402f253c                spl_load_image_fat
 .text.spl_load_image_fat_os
                0x00000000402f25ec       0x70 common/spl/built-in.o
                0x00000000402f25ec                spl_load_image_fat_os
 .text.spl_load_image_ext
                0x00000000402f265c       0xcc common/spl/built-in.o
                0x00000000402f265c                spl_load_image_ext
 .text.spl_load_image_ext_os
                0x00000000402f2728       0xa4 common/spl/built-in.o
                0x00000000402f2728                spl_load_image_ext_os
 .text.board_init_f_alloc_reserve
                0x00000000402f27cc        0xa common/init/built-in.o
                0x00000000402f27cc                board_init_f_alloc_reserve
 .text.board_init_f_init_reserve
                0x00000000402f27d6       0x14 common/init/built-in.o
                0x00000000402f27d6                board_init_f_init_reserve
 *fill*         0x00000000402f27ea        0x2 
 .text.CYGACC_COMM_IF_GETC_TIMEOUT.isra.0
                0x00000000402f27ec       0x2c common/built-in.o
 .text.xyzModem_flush
                0x00000000402f2818       0x14 common/built-in.o
 .text.xyzModem_get_hdr
                0x00000000402f282c      0x178 common/built-in.o
 .text.xyzModem_stream_open
                0x00000000402f29a4      0x178 common/built-in.o
                0x00000000402f29a4                xyzModem_stream_open
 .text.xyzModem_stream_read
                0x00000000402f2b1c      0x1c0 common/built-in.o
                0x00000000402f2b1c                xyzModem_stream_read
 .text.xyzModem_stream_close
                0x00000000402f2cdc       0x40 common/built-in.o
                0x00000000402f2cdc                xyzModem_stream_close
 .text.xyzModem_stream_terminate
                0x00000000402f2d1c       0x68 common/built-in.o
                0x00000000402f2d1c                xyzModem_stream_terminate
 .text.xyzModem_error
                0x00000000402f2d84       0x18 common/built-in.o
                0x00000000402f2d84                xyzModem_error
 .text.puts     0x00000000402f2d9c       0x24 common/built-in.o
                0x00000000402f2d9c                puts
 .text.putc     0x00000000402f2dc0       0x24 common/built-in.o
                0x00000000402f2dc0                putc
 .text.fgetc    0x00000000402f2de4       0x18 common/built-in.o
                0x00000000402f2de4                fgetc
 .text.getc     0x00000000402f2dfc       0x1a common/built-in.o
                0x00000000402f2dfc                getc
 *fill*         0x00000000402f2e16        0x2 
 .text.ftstc    0x00000000402f2e18       0x18 common/built-in.o
                0x00000000402f2e18                ftstc
 .text.tstc     0x00000000402f2e30       0x1a common/built-in.o
                0x00000000402f2e30                tstc
 *fill*         0x00000000402f2e4a        0x2 
 .text.sbrk     0x00000000402f2e4c       0x44 common/built-in.o
                0x00000000402f2e4c                sbrk
 .text.mem_malloc_init
                0x00000000402f2e90       0x28 common/built-in.o
                0x00000000402f2e90                mem_malloc_init
 .text.malloc_trim
                0x00000000402f2eb8       0x80 common/built-in.o
                0x00000000402f2eb8                malloc_trim
 .text.free     0x00000000402f2f38      0x160 common/built-in.o
                0x00000000402f2f38                free
 .text.malloc   0x00000000402f3098      0x40c common/built-in.o
                0x00000000402f3098                malloc
 .text.calloc   0x00000000402f34a4       0xbc common/built-in.o
                0x00000000402f34a4                calloc
 .text.memalign
                0x00000000402f3560      0x10a common/built-in.o
                0x00000000402f3560                memalign
 .text.malloc_simple
                0x00000000402f366a       0x28 common/built-in.o
                0x00000000402f366a                malloc_simple
 *fill*         0x00000000402f3692        0x2 
 .text.part_init
                0x00000000402f3694       0x2c disk/built-in.o
                0x00000000402f3694                part_init
 .text.part_get_info
                0x00000000402f36c0       0x44 disk/built-in.o
                0x00000000402f36c0                part_get_info
 .text.test_block_type
                0x00000000402f3704       0x50 disk/built-in.o
 .text.part_test_dos
                0x00000000402f3754       0x40 disk/built-in.o
 .text.part_get_info_extended
                0x00000000402f3794      0x23c disk/built-in.o
 .text.part_get_info_dos
                0x00000000402f39d0       0x16 disk/built-in.o
                0x00000000402f39d0                part_get_info_dos
 .text.iso_dread
                0x00000000402f39e6       0x22 disk/built-in.o
                0x00000000402f39e6                iso_dread
 .text.part_get_info_iso_verb
                0x00000000402f3a08      0x2c0 disk/built-in.o
                0x00000000402f3a08                part_get_info_iso_verb
 .text.part_test_iso
                0x00000000402f3cc8       0x14 disk/built-in.o
 .text.part_print_iso
                0x00000000402f3cdc       0x5c disk/built-in.o
 .text.part_get_info_iso
                0x00000000402f3d38        0x6 disk/built-in.o
 *fill*         0x00000000402f3d3e        0x2 
 .text.print_efiname
                0x00000000402f3d40       0x38 disk/built-in.o
 .text.part_test_efi
                0x00000000402f3d78       0x88 disk/built-in.o
 .text.validate_gpt_entries
                0x00000000402f3e00       0x80 disk/built-in.o
 .text.validate_gpt_header
                0x00000000402f3e80      0x1a0 disk/built-in.o
 .text.is_gpt_valid
                0x00000000402f4020      0x138 disk/built-in.o
 .text.is_pte_valid
                0x00000000402f4158       0x38 disk/built-in.o
 .text.part_get_info_efi
                0x00000000402f4190      0x174 disk/built-in.o
                0x00000000402f4190                part_get_info_efi
 .text.i2c_get_adapter
                0x00000000402f4304       0x40 drivers/built-in.o
                0x00000000402f4304                i2c_get_adapter
 .text.i2c_init_bus
                0x00000000402f4344       0x64 drivers/built-in.o
 .text.i2c_set_bus_num
                0x00000000402f43a8       0x80 drivers/built-in.o
                0x00000000402f43a8                i2c_set_bus_num
 .text.i2c_probe
                0x00000000402f4428       0x20 drivers/built-in.o
                0x00000000402f4428                i2c_probe
 .text.i2c_read
                0x00000000402f4448       0x34 drivers/built-in.o
                0x00000000402f4448                i2c_read
 .text.i2c_write
                0x00000000402f447c       0x34 drivers/built-in.o
                0x00000000402f447c                i2c_write
 .text.i2c_init
                0x00000000402f44b0        0xe drivers/built-in.o
                0x00000000402f44b0                i2c_init
 *fill*         0x00000000402f44be        0x2 
 .text.__omap24_i2c_setspeed
                0x00000000402f44c0       0xb0 drivers/built-in.o
 .text.wait_for_bb
                0x00000000402f4570       0x48 drivers/built-in.o
 .text.wait_for_event
                0x00000000402f45b8       0x48 drivers/built-in.o
 .text.flush_fifo
                0x00000000402f4600       0x1e drivers/built-in.o
 *fill*         0x00000000402f461e        0x2 
 .text.omap24_get_base.isra.0
                0x00000000402f4620       0x34 drivers/built-in.o
 .text.omap24_i2c_setspeed
                0x00000000402f4654       0x40 drivers/built-in.o
 .text.omap24_i2c_write
                0x00000000402f4694      0x174 drivers/built-in.o
 .text.omap24_i2c_read
                0x00000000402f4808      0x144 drivers/built-in.o
 .text.omap24_i2c_probe
                0x00000000402f494c       0x94 drivers/built-in.o
 .text.omap24_i2c_init
                0x00000000402f49e0      0x150 drivers/built-in.o
 .text.check_gpio
                0x00000000402f4b30       0x1c drivers/built-in.o
 .text.gpio_is_valid
                0x00000000402f4b4c        0xa drivers/built-in.o
                0x00000000402f4b4c                gpio_is_valid
 *fill*         0x00000000402f4b56        0x2 
 .text.gpio_get_value
                0x00000000402f4b58       0x48 drivers/built-in.o
                0x00000000402f4b58                gpio_get_value
 .text.gpio_direction_input
                0x00000000402f4ba0       0x38 drivers/built-in.o
                0x00000000402f4ba0                gpio_direction_input
 .text.gpio_direction_output
                0x00000000402f4bd8       0x48 drivers/built-in.o
                0x00000000402f4bd8                gpio_direction_output
 .text.gpio_request
                0x00000000402f4c20        0xa drivers/built-in.o
                0x00000000402f4c20                gpio_request
 .text.mmc_berase
                0x00000000402f4c2a        0x4 drivers/built-in.o
 .text.mmc_bwrite
                0x00000000402f4c2e        0x4 drivers/built-in.o
 *fill*         0x00000000402f4c32        0x2 
 .text.find_mmc_device
                0x00000000402f4c34       0x30 drivers/built-in.o
                0x00000000402f4c34                find_mmc_device
 .text.mmc_select_hwpartp
                0x00000000402f4c64       0x36 drivers/built-in.o
 .text.mmc_get_dev
                0x00000000402f4c9a       0x1e drivers/built-in.o
 .text.mmc_get_next_devnum
                0x00000000402f4cb8       0x10 drivers/built-in.o
                0x00000000402f4cb8                mmc_get_next_devnum
 .text.mmc_get_blk_desc
                0x00000000402f4cc8        0x4 drivers/built-in.o
                0x00000000402f4cc8                mmc_get_blk_desc
 .text.mmc_do_preinit
                0x00000000402f4ccc       0x24 drivers/built-in.o
                0x00000000402f4ccc                mmc_do_preinit
 .text.mmc_list_init
                0x00000000402f4cf0       0x18 drivers/built-in.o
                0x00000000402f4cf0                mmc_list_init
 .text.mmc_list_add
                0x00000000402f4d08       0x14 drivers/built-in.o
                0x00000000402f4d08                mmc_list_add
 .text.mmc_create
                0x00000000402f4d1c       0x84 drivers/built-in.o
                0x00000000402f4d1c                mmc_create
 .text.mmc_set_ios
                0x00000000402f4da0        0xc drivers/built-in.o
 .text.mmc_set_capacity
                0x00000000402f4dac       0x6a drivers/built-in.o
 .text.board_mmc_getcd
                0x00000000402f4e16        0x6 drivers/built-in.o
                0x00000000402f4e16                board_mmc_getcd
 .text.mmc_send_cmd
                0x00000000402f4e1c        0x8 drivers/built-in.o
                0x00000000402f4e1c                mmc_send_cmd
 .text.mmc_send_ext_csd
                0x00000000402f4e24       0x2e drivers/built-in.o
 .text.mmc_go_idle
                0x00000000402f4e52       0x32 drivers/built-in.o
 .text.mmc_send_op_cond_iter
                0x00000000402f4e84       0x44 drivers/built-in.o
 .text.mmc_send_status
                0x00000000402f4ec8       0x84 drivers/built-in.o
                0x00000000402f4ec8                mmc_send_status
 .text.mmc_set_blocklen
                0x00000000402f4f4c       0x26 drivers/built-in.o
                0x00000000402f4f4c                mmc_set_blocklen
 *fill*         0x00000000402f4f72        0x2 
 .text.mmc_bread
                0x00000000402f4f74       0xe0 drivers/built-in.o
                0x00000000402f4f74                mmc_bread
 .text.mmc_switch
                0x00000000402f5054       0x34 drivers/built-in.o
                0x00000000402f5054                mmc_switch
 .text.mmc_switch_part
                0x00000000402f5088       0x40 drivers/built-in.o
                0x00000000402f5088                mmc_switch_part
 .text.mmc_getcd
                0x00000000402f50c8       0x20 drivers/built-in.o
                0x00000000402f50c8                mmc_getcd
 .text.mmc_set_clock
                0x00000000402f50e8       0x1c drivers/built-in.o
                0x00000000402f50e8                mmc_set_clock
 .text.mmc_startup
                0x00000000402f5104      0x8c4 drivers/built-in.o
 .text.board_mmc_power_init
                0x00000000402f59c8        0x2 drivers/built-in.o
                0x00000000402f59c8                board_mmc_power_init
 *fill*         0x00000000402f59ca        0x2 
 .text.mmc_start_init
                0x00000000402f59cc      0x17c drivers/built-in.o
                0x00000000402f59cc                mmc_start_init
 .text.mmc_init
                0x00000000402f5b48       0x94 drivers/built-in.o
                0x00000000402f5b48                mmc_init
 .text.cpu_mmc_init
                0x00000000402f5bdc        0x6 drivers/built-in.o
                0x00000000402f5bdc                cpu_mmc_init
 *fill*         0x00000000402f5be2        0x2 
 .text.mmc_initialize
                0x00000000402f5be4       0x30 drivers/built-in.o
                0x00000000402f5be4                mmc_initialize
 .text.omap_hsmmc_set_ios
                0x00000000402f5c14       0xd0 drivers/built-in.o
 .text.omap_hsmmc_getwp
                0x00000000402f5ce4       0x10 drivers/built-in.o
 .text.omap_hsmmc_getcd
                0x00000000402f5cf4       0x1a drivers/built-in.o
 .text.omap_mmc_setup_gpio_in
                0x00000000402f5d0e       0x2a drivers/built-in.o
 .text.mmc_reset_controller_fsm
                0x00000000402f5d38       0x6c drivers/built-in.o
 .text.omap_hsmmc_send_cmd
                0x00000000402f5da4      0x2d4 drivers/built-in.o
 .text.mmc_init_stream
                0x00000000402f6078       0x80 drivers/built-in.o
                0x00000000402f6078                mmc_init_stream
 .text.omap_hsmmc_init_setup
                0x00000000402f60f8      0x110 drivers/built-in.o
 .text.omap_mmc_init
                0x00000000402f6208       0xc4 drivers/built-in.o
                0x00000000402f6208                omap_mmc_init
 .text.get_current
                0x00000000402f62cc       0x2c drivers/built-in.o
 .text.serial_init
                0x00000000402f62f8       0x1a drivers/built-in.o
                0x00000000402f62f8                serial_init
 .text.serial_getc
                0x00000000402f6312        0xe drivers/built-in.o
                0x00000000402f6312                serial_getc
 .text.serial_tstc
                0x00000000402f6320        0xe drivers/built-in.o
                0x00000000402f6320                serial_tstc
 .text.serial_putc
                0x00000000402f632e       0x12 drivers/built-in.o
                0x00000000402f632e                serial_putc
 .text.serial_puts
                0x00000000402f6340       0x12 drivers/built-in.o
                0x00000000402f6340                serial_puts
 *fill*         0x00000000402f6352        0x2 
 .text._serial_putc
                0x00000000402f6354       0x2c drivers/built-in.o
 .text.eserial1_putc
                0x00000000402f6380        0x6 drivers/built-in.o
 .text.eserial4_putc
                0x00000000402f6386        0x6 drivers/built-in.o
 .text._serial_puts
                0x00000000402f638c       0x16 drivers/built-in.o
 .text.eserial1_puts
                0x00000000402f63a2        0x6 drivers/built-in.o
 .text.eserial4_puts
                0x00000000402f63a8        0x6 drivers/built-in.o
 *fill*         0x00000000402f63ae        0x2 
 .text._serial_setbrg
                0x00000000402f63b0       0x2c drivers/built-in.o
 .text.eserial1_setbrg
                0x00000000402f63dc        0x6 drivers/built-in.o
 .text.eserial4_setbrg
                0x00000000402f63e2        0x6 drivers/built-in.o
 .text.eserial1_init
                0x00000000402f63e8       0x24 drivers/built-in.o
 .text.eserial4_init
                0x00000000402f640c       0x24 drivers/built-in.o
 .text.eserial1_getc
                0x00000000402f6430       0x10 drivers/built-in.o
 .text.eserial1_tstc
                0x00000000402f6440        0xc drivers/built-in.o
 .text.eserial4_getc
                0x00000000402f644c       0x10 drivers/built-in.o
 .text.eserial4_tstc
                0x00000000402f645c        0xc drivers/built-in.o
 .text.ns16550_calc_divisor
                0x00000000402f6468       0x10 drivers/built-in.o
                0x00000000402f6468                ns16550_calc_divisor
 .text.NS16550_init
                0x00000000402f6478       0x34 drivers/built-in.o
                0x00000000402f6478                NS16550_init
 .text.NS16550_reinit
                0x00000000402f64ac       0x28 drivers/built-in.o
                0x00000000402f64ac                NS16550_reinit
 .text.NS16550_putc
                0x00000000402f64d4       0x14 drivers/built-in.o
                0x00000000402f64d4                NS16550_putc
 .text.NS16550_getc
                0x00000000402f64e8       0x18 drivers/built-in.o
                0x00000000402f64e8                NS16550_getc
 .text.NS16550_tstc
                0x00000000402f6500        0xa drivers/built-in.o
                0x00000000402f6500                NS16550_tstc
 .text.tps65217_reg_read
                0x00000000402f650a       0x16 drivers/built-in.o
                0x00000000402f650a                tps65217_reg_read
 .text.tps65217_reg_write
                0x00000000402f6520       0x98 drivers/built-in.o
                0x00000000402f6520                tps65217_reg_write
 .text.tps65217_voltage_update
                0x00000000402f65b8       0x32 drivers/built-in.o
                0x00000000402f65b8                tps65217_voltage_update
 .text.tps65910_set_i2c_control
                0x00000000402f65ea       0x36 drivers/built-in.o
                0x00000000402f65ea                tps65910_set_i2c_control
 .text.tps65910_voltage_update
                0x00000000402f6620       0x94 drivers/built-in.o
                0x00000000402f6620                tps65910_voltage_update
 .text.nand_command
                0x00000000402f66b4      0x250 drivers/built-in.o
 .text.nand_spl_load_image
                0x00000000402f6904      0x168 drivers/built-in.o
                0x00000000402f6904                nand_spl_load_image
 .text.nand_init
                0x00000000402f6a6c       0x40 drivers/built-in.o
                0x00000000402f6a6c                nand_init
 .text.nand_deselect
                0x00000000402f6aac       0x1c drivers/built-in.o
                0x00000000402f6aac                nand_deselect
 .text.nand_read_buf
                0x00000000402f6ac8       0x1a drivers/built-in.o
                0x00000000402f6ac8                nand_read_buf
 .text.nand_read_buf16
                0x00000000402f6ae2       0x1c drivers/built-in.o
                0x00000000402f6ae2                nand_read_buf16
 .text.nand_wait_status_ready.constprop.23
                0x00000000402f6afe       0x2a drivers/built-in.o
 .text.nand_wait_ready
                0x00000000402f6b28       0x34 drivers/built-in.o
                0x00000000402f6b28                nand_wait_ready
 .text.omap_nand_hwcontrol
                0x00000000402f6b5c       0x54 drivers/built-in.o
 .text.omap_dev_ready
                0x00000000402f6bb0       0x1c drivers/built-in.o
 .text.omap_enable_hwecc
                0x00000000402f6bcc       0x8c drivers/built-in.o
 .text.omap_calculate_ecc
                0x00000000402f6c58       0xe8 drivers/built-in.o
 .text.omap_reverse_list
                0x00000000402f6d40       0x1e drivers/built-in.o
 .text.omap_read_page_bch
                0x00000000402f6d5e      0x132 drivers/built-in.o
 .text.omap_correct_data_bch
                0x00000000402f6e90      0x118 drivers/built-in.o
 .text.omap_nand_read_prefetch
                0x00000000402f6fa8       0xec drivers/built-in.o
 .text.board_nand_init
                0x00000000402f7094      0x158 drivers/built-in.o
                0x00000000402f7094                board_nand_init
 .text.elm_check_error
                0x00000000402f71ec      0x13c drivers/built-in.o
                0x00000000402f71ec                elm_check_error
 .text.elm_config
                0x00000000402f7328       0x34 drivers/built-in.o
                0x00000000402f7328                elm_config
 .text.elm_reset
                0x00000000402f735c       0x1c drivers/built-in.o
                0x00000000402f735c                elm_reset
 .text.elm_init
                0x00000000402f7378       0x14 drivers/built-in.o
                0x00000000402f7378                elm_init
 .text.musb_gadget_enable
                0x00000000402f738c      0x194 drivers/built-in.o
 .text.musb_gadget_fifo_status
                0x00000000402f7520       0x26 drivers/built-in.o
 .text.musb_gadget_fifo_flush
                0x00000000402f7546       0x52 drivers/built-in.o
 .text.musb_gadget_get_frame
                0x00000000402f7598        0xe drivers/built-in.o
 .text.musb_gadget_wakeup
                0x00000000402f75a6        0x4 drivers/built-in.o
 .text.musb_gadget_set_self_powered
                0x00000000402f75aa       0x16 drivers/built-in.o
 .text.musb_gadget_vbus_draw
                0x00000000402f75c0        0x4 drivers/built-in.o
 .text.txstate  0x00000000402f75c4       0x70 drivers/built-in.o
 .text.musb_alloc_request
                0x00000000402f7634       0x22 drivers/built-in.o
                0x00000000402f7634                musb_alloc_request
 .text.musb_free_request
                0x00000000402f7656        0x6 drivers/built-in.o
                0x00000000402f7656                musb_free_request
 .text.init_peripheral_ep
                0x00000000402f765c       0xc4 drivers/built-in.o
 .text.musb_gadget_pullup
                0x00000000402f7720       0x38 drivers/built-in.o
 .text.musb_g_giveback
                0x00000000402f7758       0x32 drivers/built-in.o
                0x00000000402f7758                musb_g_giveback
 .text.rxstate  0x00000000402f778a       0x94 drivers/built-in.o
 .text.musb_gadget_dequeue
                0x00000000402f781e       0x40 drivers/built-in.o
 .text.musb_gadget_disable
                0x00000000402f785e       0x6c drivers/built-in.o
 .text.musb_g_tx
                0x00000000402f78ca       0xe0 drivers/built-in.o
                0x00000000402f78ca                musb_g_tx
 .text.musb_g_rx
                0x00000000402f79aa       0x6e drivers/built-in.o
                0x00000000402f79aa                musb_g_rx
 .text.musb_ep_restart
                0x00000000402f7a18       0x1e drivers/built-in.o
                0x00000000402f7a18                musb_ep_restart
 .text.musb_gadget_set_halt
                0x00000000402f7a36       0xbc drivers/built-in.o
 .text.musb_gadget_queue
                0x00000000402f7af2       0x74 drivers/built-in.o
 *fill*         0x00000000402f7b66        0x2 
 .text.musb_gadget_setup
                0x00000000402f7b68       0x90 drivers/built-in.o
                0x00000000402f7b68                musb_gadget_setup
 .text.musb_g_ep0_enable
                0x00000000402f7bf8        0x6 drivers/built-in.o
 .text.musb_g_ep0_disable
                0x00000000402f7bfe        0x6 drivers/built-in.o
 .text.musb_g_ep0_dequeue
                0x00000000402f7c04        0x6 drivers/built-in.o
 .text.musb_g_ep0_halt
                0x00000000402f7c0a       0x66 drivers/built-in.o
 .text.ep0_txstate
                0x00000000402f7c70       0x94 drivers/built-in.o
 .text.musb_g_ep0_queue
                0x00000000402f7d04       0xc0 drivers/built-in.o
 .text.musb_g_ep0_irq
                0x00000000402f7dc4      0x614 drivers/built-in.o
                0x00000000402f7dc4                musb_g_ep0_irq
 .text.fifo_setup
                0x00000000402f83d8      0x126 drivers/built-in.o
 .text.musb_write_fifo
                0x00000000402f84fe       0x72 drivers/built-in.o
                0x00000000402f84fe                musb_write_fifo
 .text.musb_read_fifo
                0x00000000402f8570       0x72 drivers/built-in.o
                0x00000000402f8570                musb_read_fifo
 *fill*         0x00000000402f85e2        0x2 
 .text.musb_load_testpacket
                0x00000000402f85e4       0x24 drivers/built-in.o
                0x00000000402f85e4                musb_load_testpacket
 .text.musb_interrupt
                0x00000000402f8608       0xd4 drivers/built-in.o
                0x00000000402f8608                musb_interrupt
 .text.musb_init_controller
                0x00000000402f86dc      0x460 drivers/built-in.o
                0x00000000402f86dc                musb_init_controller
 .text.musb_register
                0x00000000402f8b3c       0x3c drivers/built-in.o
                0x00000000402f8b3c                musb_register
 .text.musb_h_ep0_flush_fifo
                0x00000000402f8b78       0x3c drivers/built-in.o
 .text.musb_h_tx_flush_fifo
                0x00000000402f8bb4       0x3c drivers/built-in.o
 .text.musb_start_urb
                0x00000000402f8bf0      0x3c0 drivers/built-in.o
 .text.musb_advance_schedule
                0x00000000402f8fb0      0x142 drivers/built-in.o
 *fill*         0x00000000402f90f2        0x2 
 .text.musb_h_ep0_irq
                0x00000000402f90f4      0x1b4 drivers/built-in.o
                0x00000000402f90f4                musb_h_ep0_irq
 .text.musb_host_tx
                0x00000000402f92a8      0x126 drivers/built-in.o
                0x00000000402f92a8                musb_host_tx
 *fill*         0x00000000402f93ce        0x2 
 .text.musb_host_rx
                0x00000000402f93d0      0x290 drivers/built-in.o
                0x00000000402f93d0                musb_host_rx
 .text.dsps_musb_enable
                0x00000000402f9660       0x1c drivers/built-in.o
 .text.dsps_musb_disable
                0x00000000402f967c        0x2 drivers/built-in.o
 *fill*         0x00000000402f967e        0x2 
 .text.dsps_musb_init
                0x00000000402f9680       0x4c drivers/built-in.o
 .text.dsps_musb_exit
                0x00000000402f96cc       0x12 drivers/built-in.o
 .text.dsps_interrupt
                0x00000000402f96de       0x50 drivers/built-in.o
 *fill*         0x00000000402f972e        0x2 
 .text.hw_watchdog_reset
                0x00000000402f9730       0x28 drivers/built-in.o
                0x00000000402f9730                hw_watchdog_reset
 .text.hw_watchdog_init
                0x00000000402f9758       0x50 drivers/built-in.o
                0x00000000402f9758                hw_watchdog_init
 .text.blk_driver_lookup_type
                0x00000000402f97a8       0x24 drivers/built-in.o
                0x00000000402f97a8                blk_driver_lookup_type
 .text.blk_dselect_hwpart
                0x00000000402f97cc       0x26 drivers/built-in.o
                0x00000000402f97cc                blk_dselect_hwpart
 *fill*         0x00000000402f97f2        0x2 
 .text.downcase
                0x00000000402f97f4       0x1c fs/built-in.o
 .text.disk_read
                0x00000000402f9810       0x30 fs/built-in.o
 .text.get_fatent
                0x00000000402f9840       0xd0 fs/built-in.o
 .text.mkcksum  0x00000000402f9910       0x36 fs/built-in.o
 *fill*         0x00000000402f9946        0x2 
 .text.get_cluster
                0x00000000402f9948       0xec fs/built-in.o
 .text.get_name
                0x00000000402f9a34       0x70 fs/built-in.o
 .text.read_bootsectandvi
                0x00000000402f9aa4       0xb4 fs/built-in.o
 .text.slot2str
                0x00000000402f9b58       0x5c fs/built-in.o
 .text.get_vfatname
                0x00000000402f9bb4      0x10c fs/built-in.o
 .text.fat_set_blk_dev
                0x00000000402f9cc0       0x88 fs/built-in.o
                0x00000000402f9cc0                fat_set_blk_dev
 .text.fat_register_device
                0x00000000402f9d48       0x54 fs/built-in.o
                0x00000000402f9d48                fat_register_device
 .text.do_fat_read_at
                0x00000000402f9d9c      0x8c8 fs/built-in.o
                0x00000000402f9d9c                do_fat_read_at
 .text.file_fat_read_at
                0x00000000402fa664       0x3c fs/built-in.o
                0x00000000402fa664                file_fat_read_at
 .text.file_fat_read
                0x00000000402fa6a0       0x22 fs/built-in.o
                0x00000000402fa6a0                file_fat_read
 *fill*         0x00000000402fa6c2        0x2 
 .text.fat_read_file
                0x00000000402fa6c4       0x30 fs/built-in.o
                0x00000000402fa6c4                fat_read_file
 .text.get_fs   0x00000000402fa6f4        0x8 fs/built-in.o
                0x00000000402fa6f4                get_fs
 .text.ext4fs_free_node
                0x00000000402fa6fc       0x18 fs/built-in.o
                0x00000000402fa6fc                ext4fs_free_node
 .text.ext4fs_read_file
                0x00000000402fa714      0x23c fs/built-in.o
                0x00000000402fa714                ext4fs_read_file
 .text.ext4fs_read
                0x00000000402fa950       0x30 fs/built-in.o
                0x00000000402fa950                ext4fs_read
 .text.ext4fs_read_inode
                0x00000000402fa980       0xbe fs/built-in.o
                0x00000000402fa980                ext4fs_read_inode
 *fill*         0x00000000402faa3e        0x2 
 .text.read_allocated_block
                0x00000000402faa40      0x654 fs/built-in.o
                0x00000000402faa40                read_allocated_block
 .text.ext4fs_iterate_dir
                0x00000000402fb094      0x1d8 fs/built-in.o
                0x00000000402fb094                ext4fs_iterate_dir
 .text.ext4fs_find_file1
                0x00000000402fb26c      0x1a4 fs/built-in.o
 .text.ext4fs_find_file
                0x00000000402fb410       0x40 fs/built-in.o
                0x00000000402fb410                ext4fs_find_file
 .text.ext4fs_open
                0x00000000402fb450       0x60 fs/built-in.o
                0x00000000402fb450                ext4fs_open
 .text.ext4fs_mount
                0x00000000402fb4b0       0x84 fs/built-in.o
                0x00000000402fb4b0                ext4fs_mount
 .text.ext4fs_set_blk_dev
                0x00000000402fb534       0x4c fs/built-in.o
                0x00000000402fb534                ext4fs_set_blk_dev
 .text.ext4fs_devread
                0x00000000402fb580      0x19c fs/built-in.o
                0x00000000402fb580                ext4fs_devread
 .text.ext4_read_superblock
                0x00000000402fb71c       0x28 fs/built-in.o
                0x00000000402fb71c                ext4_read_superblock
 .text.fdt_check_header
                0x00000000402fb744       0x4c lib/built-in.o
                0x00000000402fb744                fdt_check_header
 .text.fdt_offset_ptr
                0x00000000402fb790       0x2a lib/built-in.o
                0x00000000402fb790                fdt_offset_ptr
 .text.fdt_next_tag
                0x00000000402fb7ba       0x86 lib/built-in.o
                0x00000000402fb7ba                fdt_next_tag
 .text._fdt_check_node_offset
                0x00000000402fb840       0x24 lib/built-in.o
                0x00000000402fb840                _fdt_check_node_offset
 .text._fdt_check_prop_offset
                0x00000000402fb864       0x24 lib/built-in.o
                0x00000000402fb864                _fdt_check_prop_offset
 .text.fdt_next_node
                0x00000000402fb888       0x6e lib/built-in.o
                0x00000000402fb888                fdt_next_node
 .text.fdt_first_subnode
                0x00000000402fb8f6       0x28 lib/built-in.o
                0x00000000402fb8f6                fdt_first_subnode
 .text.fdt_next_subnode
                0x00000000402fb91e       0x2e lib/built-in.o
                0x00000000402fb91e                fdt_next_subnode
 .text.fdt_path_next_seperator
                0x00000000402fb94c       0x24 lib/built-in.o
 .text._nextprop
                0x00000000402fb970       0x36 lib/built-in.o
 .text.fdt_string
                0x00000000402fb9a6        0xa lib/built-in.o
                0x00000000402fb9a6                fdt_string
 .text.fdt_subnode_offset_namelen
                0x00000000402fb9b0       0x7a lib/built-in.o
                0x00000000402fb9b0                fdt_subnode_offset_namelen
 .text.fdt_subnode_offset
                0x00000000402fba2a       0x1e lib/built-in.o
                0x00000000402fba2a                fdt_subnode_offset
 .text.fdt_first_property_offset
                0x00000000402fba48       0x18 lib/built-in.o
                0x00000000402fba48                fdt_first_property_offset
 .text.fdt_next_property_offset
                0x00000000402fba60       0x18 lib/built-in.o
                0x00000000402fba60                fdt_next_property_offset
 .text.fdt_get_property_by_offset
                0x00000000402fba78       0x2e lib/built-in.o
                0x00000000402fba78                fdt_get_property_by_offset
 .text.fdt_get_property_namelen
                0x00000000402fbaa6       0x70 lib/built-in.o
                0x00000000402fbaa6                fdt_get_property_namelen
 .text.fdt_getprop_namelen
                0x00000000402fbb16       0x12 lib/built-in.o
                0x00000000402fbb16                fdt_getprop_namelen
 .text.fdt_getprop
                0x00000000402fbb28       0x22 lib/built-in.o
                0x00000000402fbb28                fdt_getprop
 *fill*         0x00000000402fbb4a        0x2 
 .text.fdt_get_alias_namelen
                0x00000000402fbb4c       0x2c lib/built-in.o
                0x00000000402fbb4c                fdt_get_alias_namelen
 .text.fdt_path_offset
                0x00000000402fbb78       0x92 lib/built-in.o
                0x00000000402fbb78                fdt_path_offset
 *fill*         0x00000000402fbc0a        0x2 
 .text.crc16_ccitt
                0x00000000402fbc0c       0x28 lib/built-in.o
                0x00000000402fbc0c                crc16_ccitt
 .text.crc32_no_comp
                0x00000000402fbc34       0x8c lib/built-in.o
                0x00000000402fbc34                crc32_no_comp
 .text.crc32    0x00000000402fbcc0        0xc lib/built-in.o
                0x00000000402fbcc0                crc32
 .text.__div64_32
                0x00000000402fbccc       0x7e lib/built-in.o
                0x00000000402fbccc                __div64_32
 *fill*         0x00000000402fbd4a        0x2 
 .text.hang     0x00000000402fbd4c       0x18 lib/built-in.o
                0x00000000402fbd4c                hang
 .text.kmalloc  0x00000000402fbd64       0x20 lib/built-in.o
                0x00000000402fbd64                kmalloc
 .text.strcpy   0x00000000402fbd84       0x10 lib/built-in.o
                0x00000000402fbd84                strcpy
 .text.strncpy  0x00000000402fbd94       0x18 lib/built-in.o
                0x00000000402fbd94                strncpy
 .text.strcat   0x00000000402fbdac       0x1e lib/built-in.o
                0x00000000402fbdac                strcat
 .text.strcmp   0x00000000402fbdca       0x1a lib/built-in.o
                0x00000000402fbdca                strcmp
 .text.strncmp  0x00000000402fbde4       0x26 lib/built-in.o
                0x00000000402fbde4                strncmp
 .text.strchr   0x00000000402fbe0a       0x18 lib/built-in.o
                0x00000000402fbe0a                strchr
 .text.strlen   0x00000000402fbe22       0x10 lib/built-in.o
                0x00000000402fbe22                strlen
 .text.strnlen  0x00000000402fbe32       0x18 lib/built-in.o
                0x00000000402fbe32                strnlen
 .text.memset   0x00000000402fbe4a       0x42 lib/built-in.o
                0x00000000402fbe4a                memset
 .text.memcpy   0x00000000402fbe8c       0x48 lib/built-in.o
                0x00000000402fbe8c                memcpy
 .text.strlcpy  0x00000000402fbed4       0x2e lib/built-in.o
                0x00000000402fbed4                strlcpy
 .text.memmove  0x00000000402fbf02       0x34 lib/built-in.o
                0x00000000402fbf02                memmove
 .text.memcmp   0x00000000402fbf36       0x1c lib/built-in.o
                0x00000000402fbf36                memcmp
 .text.memchr   0x00000000402fbf52       0x1c lib/built-in.o
                0x00000000402fbf52                memchr
 *fill*         0x00000000402fbf6e        0x2 
 .text.udelay   0x00000000402fbf70       0x24 lib/built-in.o
                0x00000000402fbf70                udelay
 .text.mdelay   0x00000000402fbf94       0x14 lib/built-in.o
                0x00000000402fbf94                mdelay
 .text.uuid_bin_to_str
                0x00000000402fbfa8       0x78 lib/built-in.o
                0x00000000402fbfa8                uuid_bin_to_str
 .text.put_dec_trunc
                0x00000000402fc020       0x98 lib/built-in.o
 .text.string   0x00000000402fc0b8       0x78 lib/built-in.o
 .text.put_dec  0x00000000402fc130       0xf4 lib/built-in.o
 .text.number   0x00000000402fc224      0x1e8 lib/built-in.o
 .text.vsnprintf_internal
                0x00000000402fc40c      0x468 lib/built-in.o
 .text.vscnprintf
                0x00000000402fc874       0x16 lib/built-in.o
                0x00000000402fc874                vscnprintf
 .text.snprintf
                0x00000000402fc88a       0x1a lib/built-in.o
                0x00000000402fc88a                snprintf
 .text.vsprintf
                0x00000000402fc8a4        0xc lib/built-in.o
                0x00000000402fc8a4                vsprintf
 .text.sprintf  0x00000000402fc8b0       0x1a lib/built-in.o
                0x00000000402fc8b0                sprintf
 .text.printf   0x00000000402fc8ca       0x30 lib/built-in.o
                0x00000000402fc8ca                printf
 .text.vprintf  0x00000000402fc8fa       0x24 lib/built-in.o
                0x00000000402fc8fa                vprintf
 *fill*         0x00000000402fc91e        0x2 
 .text.panic_finish
                0x00000000402fc920       0x20 lib/built-in.o
 .text.panic    0x00000000402fc940       0x14 lib/built-in.o
                0x00000000402fc940                panic
 .text.__ashldi3
                0x00000000402fc954       0x20 arch/arm/lib/lib.a(ashldi3.o)
                0x00000000402fc954                __ashldi3
                0x00000000402fc954                __aeabi_llsl
 .text.__udivsi3
                0x00000000402fc974       0x9c arch/arm/lib/lib.a(lib1funcs.o)
                0x00000000402fc974                __udivsi3
                0x00000000402fc974                __aeabi_uidiv
 .text.__divsi3
                0x00000000402fca10       0xcc arch/arm/lib/lib.a(lib1funcs.o)
                0x00000000402fca10                __aeabi_idiv
                0x00000000402fca10                __divsi3
 .text.__aeabi_uidivmod
                0x00000000402fcadc       0x30 arch/arm/lib/lib.a(lib1funcs.o)
                0x00000000402fcadc                __aeabi_uidivmod
                0x00000000402fcaf4                __aeabi_idivmod
 .text.Ldiv0    0x00000000402fcb0c       0x10 arch/arm/lib/lib.a(lib1funcs.o)
 .text.__lshldi3
                0x00000000402fcb1c       0x20 arch/arm/lib/lib.a(lshrdi3.o)
                0x00000000402fcb1c                __aeabi_llsr
                0x00000000402fcb1c                __lshrdi3
 .text.__div0   0x00000000402fcb3c        0x4 arch/arm/lib/lib.a(div0.o)
                0x00000000402fcb3c                __div0
 .text.__div0.__stub
                0x00000000402fcb40        0x4 linker stubs

.glue_7         0x00000000402fcb44        0x0
 .glue_7        0x0000000000000000        0x0 linker stubs

.glue_7t        0x00000000402fcb44        0x0
 .glue_7t       0x0000000000000000        0x0 linker stubs

.vfp11_veneer   0x00000000402fcb44        0x0
 .vfp11_veneer  0x0000000000000000        0x0 linker stubs

.v4_bx          0x00000000402fcb44        0x0
 .v4_bx         0x0000000000000000        0x0 linker stubs

.iplt           0x00000000402fcb44        0x0
 .iplt          0x0000000000000000        0x0 arch/arm/cpu/armv7/start.o
                0x00000000402fcb44                . = ALIGN (0x4)

.rodata         0x00000000402fcb44     0x527b
 *(SORT(.rodata*))
 .rodata        0x00000000402fcb44       0xa0 arch/arm/cpu/armv7/built-in.o
 .rodata.dpll_ddr_regs
                0x00000000402fcbe4       0x24 arch/arm/cpu/armv7/built-in.o
                0x00000000402fcbe4                dpll_ddr_regs
 .rodata.dpll_mpu
                0x00000000402fcc08       0x10 arch/arm/cpu/armv7/built-in.o
                0x00000000402fcc08                dpll_mpu
 .rodata.dpll_per_regs
                0x00000000402fcc18       0x24 arch/arm/cpu/armv7/built-in.o
                0x00000000402fcc18                dpll_per_regs
 .rodata.dpll_core_opp100
                0x00000000402fcc3c       0x10 arch/arm/cpu/armv7/built-in.o
                0x00000000402fcc3c                dpll_core_opp100
 .rodata.dpll_core_regs
                0x00000000402fcc4c       0x24 arch/arm/cpu/armv7/built-in.o
                0x00000000402fcc4c                dpll_core_regs
 .rodata.dpll_core
                0x00000000402fcc70       0x10 arch/arm/cpu/armv7/built-in.o
                0x00000000402fcc70                dpll_core
 .rodata.dpll_per
                0x00000000402fcc80       0x10 arch/arm/cpu/armv7/built-in.o
                0x00000000402fcc80                dpll_per
 .rodata.dpll_mpu_regs
                0x00000000402fcc90       0x24 arch/arm/cpu/armv7/built-in.o
                0x00000000402fcc90                dpll_mpu_regs
 .rodata.cmwkup
                0x00000000402fccb4        0x4 arch/arm/cpu/armv7/built-in.o
                0x00000000402fccb4                cmwkup
 .rodata.ddr_data_reg
                0x00000000402fccb8        0x8 arch/arm/cpu/armv7/built-in.o
 .rodata.ddr_cmd_reg
                0x00000000402fccc0        0x8 arch/arm/cpu/armv7/built-in.o
 .rodata.emif_reg
                0x00000000402fccc8        0x8 arch/arm/cpu/armv7/built-in.o
 .rodata.vtpreg
                0x00000000402fccd0        0x8 arch/arm/cpu/armv7/built-in.o
 .rodata.gpio_bank_am33xx
                0x00000000402fccd8       0x10 arch/arm/cpu/armv7/built-in.o
 .rodata.omap_gpio_bank
                0x00000000402fcce8        0x4 arch/arm/cpu/armv7/built-in.o
                0x00000000402fcce8                omap_gpio_bank
 .rodata.am33xx_serial
                0x00000000402fccec       0x60 arch/arm/cpu/armv7/built-in.o
 .rodata.ddr3_evm_cmd_ctrl_data
                0x00000000402fcd4c       0x30 board/ti/am335x/built-in.o
 .rodata.ddr2_data
                0x00000000402fcd7c       0x18 board/ti/am335x/built-in.o
 .rodata.ddr3_icev2_cmd_ctrl_data
                0x00000000402fcd94       0x30 board/ti/am335x/built-in.o
 .rodata.ioregs
                0x00000000402fcdc4       0x20 board/ti/am335x/built-in.o
                0x00000000402fcdc4                ioregs
 .rodata.dpll_ddr_evm_sk
                0x00000000402fcde4       0x10 board/ti/am335x/built-in.o
                0x00000000402fcde4                dpll_ddr_evm_sk
 .rodata.ddr3_data
                0x00000000402fcdf4       0x18 board/ti/am335x/built-in.o
 .rodata.ioregs_evm15
                0x00000000402fce0c       0x20 board/ti/am335x/built-in.o
                0x00000000402fce0c                ioregs_evm15
 .rodata.ddr3_icev2_data
                0x00000000402fce2c       0x18 board/ti/am335x/built-in.o
 .rodata.ddr2_emif_reg_data
                0x00000000402fce44       0x6c board/ti/am335x/built-in.o
 .rodata.ddr2_cmd_ctrl_data
                0x00000000402fceb0       0x30 board/ti/am335x/built-in.o
 .rodata.ddr3_cmd_ctrl_data
                0x00000000402fcee0       0x30 board/ti/am335x/built-in.o
 .rodata.ioregs_bonelt
                0x00000000402fcf10       0x20 board/ti/am335x/built-in.o
                0x00000000402fcf10                ioregs_bonelt
 .rodata.ddr3_evm_data
                0x00000000402fcf30       0x18 board/ti/am335x/built-in.o
 .rodata.dpll_ddr
                0x00000000402fcf48       0x10 board/ti/am335x/built-in.o
                0x00000000402fcf48                dpll_ddr
 .rodata.ddr3_beagleblack_cmd_ctrl_data
                0x00000000402fcf58       0x30 board/ti/am335x/built-in.o
 .rodata.ioregs_evmsk
                0x00000000402fcf88       0x20 board/ti/am335x/built-in.o
                0x00000000402fcf88                ioregs_evmsk
 .rodata.dpll_ddr_bone_black
                0x00000000402fcfa8       0x10 board/ti/am335x/built-in.o
                0x00000000402fcfa8                dpll_ddr_bone_black
 .rodata.ddr3_beagleblack_data
                0x00000000402fcfb8       0x18 board/ti/am335x/built-in.o
 .rodata.CSWTCH.28
                0x00000000402fcfd0       0x20 common/built-in.o
 .rodata.ext_csd_bits.9248
                0x00000000402fcff0       0x14 drivers/built-in.o
 .rodata.ext_to_hostcaps.9249
                0x00000000402fd004       0x1c drivers/built-in.o
 .rodata.widths.9250
                0x00000000402fd020       0x14 drivers/built-in.o
 .rodata.fbase  0x00000000402fd034       0x10 drivers/built-in.o
 .rodata.omap_hsmmc_ops
                0x00000000402fd044       0x14 drivers/built-in.o
 .rodata.serial_ports
                0x00000000402fd058       0x18 drivers/built-in.o
 .rodata.nand_ecc_pos
                0x00000000402fd070       0xe0 drivers/built-in.o
 .rodata.musb_ep_ops
                0x00000000402fd150       0x28 drivers/built-in.o
 .rodata.musb_gadget_operations
                0x00000000402fd178       0x24 drivers/built-in.o
 .rodata.musb_g_ep0_ops
                0x00000000402fd19c       0x28 drivers/built-in.o
                0x00000000402fd19c                musb_g_ep0_ops
 .rodata.CSWTCH.19
                0x00000000402fd1c4       0x1c drivers/built-in.o
 .rodata.crc_table
                0x00000000402fd1e0      0x400 lib/built-in.o
 .rodata.crc16_tab
                0x00000000402fd5e0      0x200 lib/built-in.o
 .rodata.str1.1
                0x00000000402fd7e0      0x1e6 arch/arm/cpu/armv7/built-in.o
                                        0x1e8 (size before relaxing)
 .rodata.str1.1
                0x00000000402fd9c6      0x296 arch/arm/lib/built-in.o
                                        0x2cf (size before relaxing)
 .rodata.str1.1
                0x00000000402fdc5c      0x147 board/ti/am335x/built-in.o
                                        0x178 (size before relaxing)
 .rodata.str1.1
                0x00000000402fdda3       0x30 board/ti/common/built-in.o
                                         0x35 (size before relaxing)
 .rodata.str1.1
                0x00000000402fddd3      0x4a4 common/spl/built-in.o
                                        0x4ef (size before relaxing)
 .rodata.__func__.7593
                0x00000000402fe277       0x13 common/spl/built-in.o
 .rodata.__func__.7726
                0x00000000402fe28a       0x13 common/spl/built-in.o
 .rodata.__func__.7707
                0x00000000402fe29d       0x18 common/spl/built-in.o
 .rodata.__func__.7733
                0x00000000402fe2b5       0x16 common/spl/built-in.o
 .rodata.__func__.7314
                0x00000000402fe2cb       0x16 common/spl/built-in.o
 .rodata.__func__.7303
                0x00000000402fe2e1       0x13 common/spl/built-in.o
 .rodata.str1.1
                0x00000000402fe2f4     0x1041 common/built-in.o
                                       0x10cc (size before relaxing)
 .rodata.str1.1
                0x00000000402ff335      0xb5f disk/built-in.o
                                        0xbbd (size before relaxing)
 .rodata.__func__.7371
                0x00000000402ffe94        0xd disk/built-in.o
 .rodata.__func__.7218
                0x00000000402ffea1       0x12 disk/built-in.o
 .rodata.__func__.7357
                0x00000000402ffeb3        0xd disk/built-in.o
 .rodata.__func__.7366
                0x00000000402ffec0       0x17 disk/built-in.o
 .rodata.str1.1
                0x00000000402ffed7      0xf7f drivers/built-in.o
                                        0xfeb (size before relaxing)
 .rodata.__func__.9325
                0x0000000040300e56       0x14 drivers/built-in.o
 .rodata.multipliers
                0x0000000040300e6a       0x10 drivers/built-in.o
 .rodata.__func__.10152
                0x0000000040300e7a       0x13 drivers/built-in.o
 .rodata.__func__.9989
                0x0000000040300e8d       0x19 drivers/built-in.o
 .rodata.__func__.10052
                0x0000000040300ea6        0xe drivers/built-in.o
 .rodata.__func__.9895
                0x0000000040300eb4       0x10 drivers/built-in.o
 .rodata.__func__.9925
                0x0000000040300ec4       0x16 drivers/built-in.o
 .rodata.__func__.10004
                0x0000000040300eda       0x14 drivers/built-in.o
 .rodata.__func__.10087
                0x0000000040300eee        0xf drivers/built-in.o
 .rodata.__func__.10624
                0x0000000040300efd        0xf drivers/built-in.o
 .rodata.musb_driver_name
                0x0000000040300f0c        0xa drivers/built-in.o
                0x0000000040300f0c                musb_driver_name
 .rodata.musb_test_packet
                0x0000000040300f16       0x35 drivers/built-in.o
 .rodata.__FUNCTION__.10520
                0x0000000040300f4b       0x12 drivers/built-in.o
 .rodata.__func__.10550
                0x0000000040300f5d       0x10 drivers/built-in.o
 .rodata.__func__.10573
                0x0000000040300f6d       0x14 drivers/built-in.o
 .rodata.__func__.10509
                0x0000000040300f81        0xf drivers/built-in.o
 .rodata.__func__.10635
                0x0000000040300f90        0xd drivers/built-in.o
 .rodata.__func__.10587
                0x0000000040300f9d        0xf drivers/built-in.o
 .rodata.str1.1
                0x0000000040300fac      0x999 fs/built-in.o
                                        0xa02 (size before relaxing)
 .rodata.__func__.7417
                0x0000000040301945        0xf fs/built-in.o
 .rodata        0x0000000040301954       0x20 lib/built-in.o
 .rodata.str1.1
                0x0000000040301974      0x32a lib/built-in.o
                                        0x34b (size before relaxing)
 .rodata._ctype
                0x0000000040301c9e      0x100 lib/built-in.o
                0x0000000040301c9e                _ctype
 .rodata.digits.7044
                0x0000000040301d9e       0x10 lib/built-in.o
 .rodata.hex_asc
                0x0000000040301dae       0x11 lib/built-in.o

.rel.dyn        0x0000000040301dc0        0x0
 .rel.iplt      0x0000000000000000        0x0 arch/arm/cpu/armv7/start.o
                0x0000000040301dc0                . = ALIGN (0x4)

.data           0x0000000040301dc0      0xdc1
 *(SORT(.data*))
 .data          0x0000000040301dc0       0xd8 arch/arm/lib/built-in.o
                0x0000000040301dc0                gdata
 .data.gpmc_cfg
                0x0000000040301e98        0x4 arch/arm/cpu/armv7/built-in.o
                0x0000000040301e98                gpmc_cfg
 .data.dpll_mpu_opp100
                0x0000000040301e9c       0x10 arch/arm/cpu/armv7/built-in.o
                0x0000000040301e9c                dpll_mpu_opp100
 .data.cstat    0x0000000040301eac        0x4 arch/arm/cpu/armv7/built-in.o
                0x0000000040301eac                cstat
 .data.musb_config
                0x0000000040301eb0       0x18 arch/arm/cpu/armv7/built-in.o
 .data.otg1_board_data
                0x0000000040301ec8       0x10 arch/arm/cpu/armv7/built-in.o
                0x0000000040301ec8                otg1_board_data
 .data.otg1_plat
                0x0000000040301ed8       0x20 arch/arm/cpu/armv7/built-in.o
 .data.otg0_board_data
                0x0000000040301ef8       0x10 arch/arm/cpu/armv7/built-in.o
                0x0000000040301ef8                otg0_board_data
 .data.otg0_plat
                0x0000000040301f08       0x20 arch/arm/cpu/armv7/built-in.o
 .data.spi0_pin_mux
                0x0000000040301f28       0x28 board/ti/am335x/built-in.o
 .data.gpio0_18_pin_mux
                0x0000000040301f50       0x10 board/ti/am335x/built-in.o
 .data.nand_pin_mux
                0x0000000040301f60       0x80 board/ti/am335x/built-in.o
 .data.rmii1_pin_mux
                0x0000000040301fe0       0x58 board/ti/am335x/built-in.o
 .data.mmc1_pin_mux
                0x0000000040302038       0x48 board/ti/am335x/built-in.o
 .data.mii1_pin_mux
                0x0000000040302080       0x80 board/ti/am335x/built-in.o
 .data.i2c0_pin_mux
                0x0000000040302100       0x18 board/ti/am335x/built-in.o
 .data.gpio0_7_pin_mux
                0x0000000040302118       0x10 board/ti/am335x/built-in.o
 .data.lcd_pin_mux
                0x0000000040302128       0x18 board/ti/am335x/built-in.o
 .data.mmc0_pin_mux_sk_evm
                0x0000000040302140       0x40 board/ti/am335x/built-in.o
 .data.uart3_icev2_pin_mux
                0x0000000040302180       0x18 board/ti/am335x/built-in.o
 .data.rgmii1_pin_mux
                0x0000000040302198       0x78 board/ti/am335x/built-in.o
 .data.mmc0_no_cd_pin_mux
                0x0000000040302210       0x40 board/ti/am335x/built-in.o
 .data.i2c1_pin_mux
                0x0000000040302250       0x18 board/ti/am335x/built-in.o
 .data.mmc0_pin_mux
                0x0000000040302268       0x48 board/ti/am335x/built-in.o
 .data.uart0_pin_mux
                0x00000000403022b0       0x18 board/ti/am335x/built-in.o
 .data.ddr3_evm_emif_reg_data
                0x00000000403022c8       0x6c board/ti/am335x/built-in.o
 .data.ddr3_beagleblack_emif_reg_data
                0x0000000040302334       0x6c board/ti/am335x/built-in.o
 .data.ddr3_icev2_emif_reg_data
                0x00000000403023a0       0x6c board/ti/am335x/built-in.o
 .data.ddr3_emif_reg_data
                0x000000004030240c       0x6c board/ti/am335x/built-in.o
 .data          0x0000000040302478       0x50 common/spl/built-in.o
 .data.boot_name_table
                0x00000000403024c8       0x30 common/spl/built-in.o
                0x00000000403024c8                boot_name_table
 .data.av_      0x00000000403024f8      0x408 common/built-in.o
 .data.sbrk_base
                0x0000000040302900        0x4 common/built-in.o
 .data.trim_threshold
                0x0000000040302904        0x4 common/built-in.o
 .data.cur_dev_num
                0x0000000040302908        0x4 drivers/built-in.o
 .data.eserial1_device
                0x000000004030290c       0x30 drivers/built-in.o
                0x000000004030290c                eserial1_device
 .data.eserial4_device
                0x000000004030293c       0x30 drivers/built-in.o
                0x000000004030293c                eserial4_device
 .data.musb_dsps_ops
                0x000000004030296c       0x24 drivers/built-in.o
                0x000000004030296c                musb_dsps_ops
 .data.wdt_trgr_pattern
                0x0000000040302990        0x4 drivers/built-in.o
 .data.ext4fs_indir3_blkno
                0x0000000040302994        0x4 fs/built-in.o
                0x0000000040302994                ext4fs_indir3_blkno
 .data.ext4fs_indir2_blkno
                0x0000000040302998        0x4 fs/built-in.o
                0x0000000040302998                ext4fs_indir2_blkno
 .data.ext4fs_indir1_blkno
                0x000000004030299c        0x4 fs/built-in.o
                0x000000004030299c                ext4fs_indir1_blkno
 .data.mode_3_cfg
                0x00000000403029a0       0x24 drivers/built-in.o
 .data.mode_4_cfg
                0x00000000403029c4       0xa2 drivers/built-in.o
 .data.mode_5_cfg
                0x0000000040302a66       0xa2 drivers/built-in.o
 .data.mode_0_cfg
                0x0000000040302b08       0x1e drivers/built-in.o
 .data.ep0_cfg  0x0000000040302b26        0x6 drivers/built-in.o
 .data.mode_1_cfg
                0x0000000040302b2c       0x1e drivers/built-in.o
 .data.mode_2_cfg
                0x0000000040302b4a       0x24 drivers/built-in.o
 .data.fifo_mode
                0x0000000040302b6e        0x2 drivers/built-in.o
 .data.gpmc_cs0_flash
                0x0000000040302b70        0x1 arch/arm/cpu/armv7/built-in.o
                0x0000000040302b70                gpmc_cs0_flash
 .data.system_guid
                0x0000000040302b71       0x10 disk/built-in.o

.igot.plt       0x0000000040302b84        0x0
 .igot.plt      0x0000000000000000        0x0 arch/arm/cpu/armv7/start.o

.__bss_end      0x0000000040302b81        0x0
 .__bss_end     0x0000000040302b81        0x0 arch/arm/lib/built-in.o

.__bss_start    0x0000000040302b81        0x0
 .__bss_start   0x0000000040302b81        0x0 arch/arm/lib/built-in.o

.u_boot_list    0x0000000040302b84      0x194
 *(SORT(.u_boot_list*))
 .u_boot_list_2_blk_driver_1
                0x0000000040302b84        0x0 drivers/built-in.o
 .u_boot_list_2_blk_driver_2_mmc
                0x0000000040302b84       0x18 drivers/built-in.o
                0x0000000040302b84                _u_boot_list_2_blk_driver_2_mmc
 .u_boot_list_2_blk_driver_3
                0x0000000040302b9c        0x0 drivers/built-in.o
 .u_boot_list_2_cmd_1
                0x0000000040302b9c        0x0 common/built-in.o
 .u_boot_list_2_cmd_3
                0x0000000040302b9c        0x0 common/built-in.o
 .u_boot_list_2_driver_2_mmc
                0x0000000040302b9c       0x44 drivers/built-in.o
                0x0000000040302b9c                _u_boot_list_2_driver_2_mmc
 .u_boot_list_2_driver_info_2_am33xx_uarts
                0x0000000040302be0       0x30 arch/arm/cpu/armv7/built-in.o
                0x0000000040302be0                _u_boot_list_2_driver_info_2_am33xx_uarts
 .u_boot_list_2_i2c_1
                0x0000000040302c10        0x0 drivers/built-in.o
 .u_boot_list_2_i2c_2_omap24_0
                0x0000000040302c10       0x2c drivers/built-in.o
                0x0000000040302c10                _u_boot_list_2_i2c_2_omap24_0
 .u_boot_list_2_i2c_2_omap24_1
                0x0000000040302c3c       0x2c drivers/built-in.o
                0x0000000040302c3c                _u_boot_list_2_i2c_2_omap24_1
 .u_boot_list_2_i2c_2_omap24_2
                0x0000000040302c68       0x2c drivers/built-in.o
                0x0000000040302c68                _u_boot_list_2_i2c_2_omap24_2
 .u_boot_list_2_i2c_3
                0x0000000040302c94        0x0 drivers/built-in.o
 .u_boot_list_2_part_driver_1
                0x0000000040302c94        0x0 disk/built-in.o
 .u_boot_list_2_part_driver_2_a_efi
                0x0000000040302c94       0x14 disk/built-in.o
                0x0000000040302c94                _u_boot_list_2_part_driver_2_a_efi
 .u_boot_list_2_part_driver_2_dos
                0x0000000040302ca8       0x14 disk/built-in.o
                0x0000000040302ca8                _u_boot_list_2_part_driver_2_dos
 .u_boot_list_2_part_driver_2_iso
                0x0000000040302cbc       0x14 disk/built-in.o
                0x0000000040302cbc                _u_boot_list_2_part_driver_2_iso
 .u_boot_list_2_part_driver_3
                0x0000000040302cd0        0x0 disk/built-in.o
 .u_boot_list_2_uclass_2_mmc
                0x0000000040302cd0       0x48 drivers/built-in.o
                0x0000000040302cd0                _u_boot_list_2_uclass_2_mmc
                0x0000000040302d18                . = ALIGN (0x4)
                0x0000000040302d18                __image_copy_end = .

.end
 *(.__end)

.bss            0x0000000080a00000    0x31f78
                0x0000000080a00000                . = ALIGN (0x4)
                0x0000000080a00000                __bss_start = .
 *(.bss*)
 .bss.spl_image
                0x0000000080a00000       0x18 common/spl/built-in.o
                0x0000000080a00000                spl_image
 .bss.spl_boot_list
                0x0000000080a00018       0x14 common/spl/built-in.o
 .bss.fat_registered
                0x0000000080a0002c        0x4 common/spl/built-in.o
 .bss.xyz       0x0000000080a00030      0x434 common/built-in.o
 .bss.max_total_mem
                0x0000000080a00464        0x4 common/built-in.o
 .bss.mem_malloc_brk
                0x0000000080a00468        0x4 common/built-in.o
                0x0000000080a00468                mem_malloc_brk
 .bss.max_sbrked_mem
                0x0000000080a0046c        0x4 common/built-in.o
 .bss.current_mallinfo
                0x0000000080a00470       0x28 common/built-in.o
 .bss.mem_malloc_end
                0x0000000080a00498        0x4 common/built-in.o
                0x0000000080a00498                mem_malloc_end
 .bss.top_pad   0x0000000080a0049c        0x4 common/built-in.o
 .bss.mem_malloc_start
                0x0000000080a004a0        0x4 common/built-in.o
                0x0000000080a004a0                mem_malloc_start
 .bss.stdio_devices
                0x0000000080a004a4        0xc common/built-in.o
                0x0000000080a004a4                stdio_devices
 .bss.tmpbuf    0x0000000080a004b0      0x800 disk/built-in.o
 .bss.name.7169
                0x0000000080a00cb0       0x25 disk/built-in.o
 *fill*         0x0000000080a00cd5        0x3 
 .bss.mmc_devices
                0x0000000080a00cd8        0x8 drivers/built-in.o
 .bss.initialized.9300
                0x0000000080a00ce0        0x4 drivers/built-in.o
 .bss.serial_current
                0x0000000080a00ce4        0x4 drivers/built-in.o
 .bss.mtd       0x0000000080a00ce8        0x4 drivers/built-in.o
 *fill*         0x0000000080a00cec        0x4 
 .bss.nand_chip
                0x0000000080a00cf0      0x510 drivers/built-in.o
 .bss.omap_nand_info
                0x0000000080a01200       0x60 drivers/built-in.o
 .bss.cs_next   0x0000000080a01260        0x1 drivers/built-in.o
 *fill*         0x0000000080a01261        0x3 
 .bss.omap_ecclayout
                0x0000000080a01264      0xba8 drivers/built-in.o
 .bss.elm_cfg   0x0000000080a01e0c        0x4 drivers/built-in.o
                0x0000000080a01e0c                elm_cfg
 .bss.musb_host
                0x0000000080a01e10       0x60 drivers/built-in.o
                0x0000000080a01e10                musb_host
 .bss.gadget    0x0000000080a01e70        0x4 drivers/built-in.o
 *fill*         0x0000000080a01e74        0xc 
 .bss.get_contents_vfatname_block
                0x0000000080a01e80    0x10000 fs/built-in.o
                0x0000000080a01e80                get_contents_vfatname_block
 .bss.do_fat_read_at_block
                0x0000000080a11e80    0x10000 fs/built-in.o
                0x0000000080a11e80                do_fat_read_at_block
 .bss.get_dentfromdir_block
                0x0000000080a21e80    0x10000 fs/built-in.o
                0x0000000080a21e80                get_dentfromdir_block
 .bss.cur_part_info
                0x0000000080a31e80       0x78 fs/built-in.o
 .bss.cur_dev   0x0000000080a31ef8        0x4 fs/built-in.o
 *fill*         0x0000000080a31efc        0x4 
 .bss.ext_fs    0x0000000080a31f00       0x48 fs/built-in.o
                0x0000000080a31f00                ext_fs
 .bss.ext4fs_indir3_block
                0x0000000080a31f48        0x4 fs/built-in.o
                0x0000000080a31f48                ext4fs_indir3_block
 .bss.ext4fs_root
                0x0000000080a31f4c        0x4 fs/built-in.o
                0x0000000080a31f4c                ext4fs_root
 .bss.ext4fs_indir3_size
                0x0000000080a31f50        0x4 fs/built-in.o
                0x0000000080a31f50                ext4fs_indir3_size
 .bss.ext4fs_indir1_block
                0x0000000080a31f54        0x4 fs/built-in.o
                0x0000000080a31f54                ext4fs_indir1_block
 .bss.ext4fs_indir2_size
                0x0000000080a31f58        0x4 fs/built-in.o
                0x0000000080a31f58                ext4fs_indir2_size
 .bss.ext4fs_indir2_block
                0x0000000080a31f5c        0x4 fs/built-in.o
                0x0000000080a31f5c                ext4fs_indir2_block
 .bss.ext4fs_indir1_size
                0x0000000080a31f60        0x4 fs/built-in.o
                0x0000000080a31f60                ext4fs_indir1_size
 .bss.symlinknest
                0x0000000080a31f64        0x4 fs/built-in.o
 .bss.ext4fs_file
                0x0000000080a31f68        0x4 fs/built-in.o
                0x0000000080a31f68                ext4fs_file
 .bss.part_info
                0x0000000080a31f6c        0x4 fs/built-in.o
 .bss.part_offset
                0x0000000080a31f70        0x4 fs/built-in.o
                0x0000000080a31f70                part_offset
 .bss.ext4fs_blk_desc
                0x0000000080a31f74        0x4 fs/built-in.o
                0x0000000080a31f78                . = ALIGN (0x4)
                0x0000000080a31f78                __bss_end = .
Address of section .text set to 0x402f0400
LOAD arch/arm/cpu/armv7/start.o
START GROUP
LOAD arch/arm/cpu/armv7/built-in.o
LOAD arch/arm/cpu/built-in.o
LOAD arch/arm/lib/built-in.o
LOAD board/ti/am335x/built-in.o
LOAD board/ti/common/built-in.o
LOAD common/spl/built-in.o
LOAD common/init/built-in.o
LOAD common/built-in.o
LOAD cmd/built-in.o
LOAD disk/built-in.o
LOAD drivers/built-in.o
LOAD dts/built-in.o
LOAD fs/built-in.o
LOAD lib/built-in.o
END GROUP
LOAD arch/arm/lib/eabi_compat.o
LOAD arch/arm/lib/lib.a
OUTPUT(u-boot-spl elf32-littlearm)

.ARM.attributes
                0x0000000000000000       0x2d
 .ARM.attributes
                0x0000000000000000       0x1f arch/arm/cpu/armv7/start.o
 .ARM.attributes
                0x000000000000001f       0x2f arch/arm/cpu/armv7/built-in.o
 .ARM.attributes
                0x000000000000004e       0x2b arch/arm/lib/built-in.o
 .ARM.attributes
                0x0000000000000079       0x2d board/ti/am335x/built-in.o
 .ARM.attributes
                0x00000000000000a6       0x2d board/ti/common/built-in.o
 .ARM.attributes
                0x00000000000000d3       0x2d common/spl/built-in.o
 .ARM.attributes
                0x0000000000000100       0x2d common/init/built-in.o
 .ARM.attributes
                0x000000000000012d       0x2d common/built-in.o
 .ARM.attributes
                0x000000000000015a       0x2d disk/built-in.o
 .ARM.attributes
                0x0000000000000187       0x2d drivers/built-in.o
 .ARM.attributes
                0x00000000000001b4       0x2d fs/built-in.o
 .ARM.attributes
                0x00000000000001e1       0x2d lib/built-in.o
 .ARM.attributes
                0x000000000000020e       0x1f arch/arm/lib/lib.a(ashldi3.o)
 .ARM.attributes
                0x000000000000022d       0x1f arch/arm/lib/lib.a(lib1funcs.o)
 .ARM.attributes
                0x000000000000024c       0x1f arch/arm/lib/lib.a(lshrdi3.o)
 .ARM.attributes
                0x000000000000026b       0x2d arch/arm/lib/lib.a(div0.o)

.comment        0x0000000000000000       0x3a
 .comment       0x0000000000000000       0x3a arch/arm/cpu/armv7/built-in.o
                                        0x426 (size before relaxing)
 .comment       0x0000000000000000      0x213 arch/arm/lib/built-in.o
 .comment       0x0000000000000000       0x76 board/ti/am335x/built-in.o
 .comment       0x0000000000000000       0x3b board/ti/common/built-in.o
 .comment       0x0000000000000000      0x19d common/spl/built-in.o
 .comment       0x0000000000000000       0x3b common/init/built-in.o
 .comment       0x0000000000000000      0x375 common/built-in.o
 .comment       0x0000000000000000       0xec disk/built-in.o
 .comment       0x0000000000000000      0x639 drivers/built-in.o
 .comment       0x0000000000000000      0x19d fs/built-in.o
 .comment       0x0000000000000000      0x674 lib/built-in.o
 .comment       0x0000000000000000       0x3b arch/arm/lib/lib.a(div0.o)

.note.GNU-stack
                0x0000000000000000        0x0
 .note.GNU-stack
                0x0000000000000000        0x0 arch/arm/cpu/armv7/built-in.o
 .note.GNU-stack
                0x0000000000000000        0x0 arch/arm/lib/built-in.o
 .note.GNU-stack
                0x0000000000000000        0x0 board/ti/am335x/built-in.o
 .note.GNU-stack
                0x0000000000000000        0x0 board/ti/common/built-in.o
 .note.GNU-stack
                0x0000000000000000        0x0 common/spl/built-in.o
 .note.GNU-stack
                0x0000000000000000        0x0 common/init/built-in.o
 .note.GNU-stack
                0x0000000000000000        0x0 common/built-in.o
 .note.GNU-stack
                0x0000000000000000        0x0 disk/built-in.o
 .note.GNU-stack
                0x0000000000000000        0x0 drivers/built-in.o
 .note.GNU-stack
                0x0000000000000000        0x0 fs/built-in.o
 .note.GNU-stack
                0x0000000000000000        0x0 lib/built-in.o
 .note.GNU-stack
                0x0000000000000000        0x0 arch/arm/lib/lib.a(div0.o)

.debug_line     0x0000000000000000    0x14888
 .debug_line    0x0000000000000000       0x87 arch/arm/cpu/armv7/start.o
 .debug_line    0x0000000000000087     0x1a2e arch/arm/cpu/armv7/built-in.o
 .debug_line    0x0000000000001ab5      0xa39 arch/arm/lib/built-in.o
 .debug_line    0x00000000000024ee      0x65a board/ti/am335x/built-in.o
 .debug_line    0x0000000000002b48      0x27a board/ti/common/built-in.o
 .debug_line    0x0000000000002dc2      0xc2f common/spl/built-in.o
 .debug_line    0x00000000000039f1      0x12c common/init/built-in.o
 .debug_line    0x0000000000003b1d     0x2a31 common/built-in.o
 .debug_line    0x000000000000654e     0x10b2 disk/built-in.o
 .debug_line    0x0000000000007600     0x71bf drivers/built-in.o
 .debug_line    0x000000000000e7bf     0x27ae fs/built-in.o
 .debug_line    0x0000000000010f6d     0x373a lib/built-in.o
 .debug_line    0x00000000000146a7       0x4d arch/arm/lib/lib.a(ashldi3.o)
 .debug_line    0x00000000000146f4      0x103 arch/arm/lib/lib.a(lib1funcs.o)
 .debug_line    0x00000000000147f7       0x4d arch/arm/lib/lib.a(lshrdi3.o)
 .debug_line    0x0000000000014844       0x44 arch/arm/lib/lib.a(div0.o)

.debug_info     0x0000000000000000    0x7df63
 .debug_info    0x0000000000000000       0x65 arch/arm/cpu/armv7/start.o
 .debug_info    0x0000000000000065     0xa302 arch/arm/cpu/armv7/built-in.o
 .debug_info    0x000000000000a367     0x2a59 arch/arm/lib/built-in.o
 .debug_info    0x000000000000cdc0     0x2e56 board/ti/am335x/built-in.o
 .debug_info    0x000000000000fc16      0xc9b board/ti/common/built-in.o
 .debug_info    0x00000000000108b1     0x5dad common/spl/built-in.o
 .debug_info    0x000000000001665e      0x5b1 common/init/built-in.o
 .debug_info    0x0000000000016c0f     0xe33f common/built-in.o
 .debug_info    0x0000000000024f4e     0x6020 disk/built-in.o
 .debug_info    0x000000000002af6e    0x344f0 drivers/built-in.o
 .debug_info    0x000000000005f45e     0xf93c fs/built-in.o
 .debug_info    0x000000000006ed9a     0xf055 lib/built-in.o
 .debug_info    0x000000000007ddef       0x61 arch/arm/lib/lib.a(ashldi3.o)
 .debug_info    0x000000000007de50       0x5f arch/arm/lib/lib.a(lib1funcs.o)
 .debug_info    0x000000000007deaf       0x61 arch/arm/lib/lib.a(lshrdi3.o)
 .debug_info    0x000000000007df10       0x53 arch/arm/lib/lib.a(div0.o)

.debug_abbrev   0x0000000000000000    0x1445c
 .debug_abbrev  0x0000000000000000       0x14 arch/arm/cpu/armv7/start.o
 .debug_abbrev  0x0000000000000014     0x2469 arch/arm/cpu/armv7/built-in.o
 .debug_abbrev  0x000000000000247d      0xc20 arch/arm/lib/built-in.o
 .debug_abbrev  0x000000000000309d      0x5e6 board/ti/am335x/built-in.o
 .debug_abbrev  0x0000000000003683      0x32f board/ti/common/built-in.o
 .debug_abbrev  0x00000000000039b2     0x1667 common/spl/built-in.o
 .debug_abbrev  0x0000000000005019      0x1aa common/init/built-in.o
 .debug_abbrev  0x00000000000051c3     0x2cb2 common/built-in.o
 .debug_abbrev  0x0000000000007e75     0x10ee disk/built-in.o
 .debug_abbrev  0x0000000000008f63     0x6269 drivers/built-in.o
 .debug_abbrev  0x000000000000f1cc     0x1a87 fs/built-in.o
 .debug_abbrev  0x0000000000010c53     0x3782 lib/built-in.o
 .debug_abbrev  0x00000000000143d5       0x14 arch/arm/lib/lib.a(ashldi3.o)
 .debug_abbrev  0x00000000000143e9       0x12 arch/arm/lib/lib.a(lib1funcs.o)
 .debug_abbrev  0x00000000000143fb       0x14 arch/arm/lib/lib.a(lshrdi3.o)
 .debug_abbrev  0x000000000001440f       0x4d arch/arm/lib/lib.a(div0.o)

.debug_aranges  0x0000000000000000     0x2d38
 .debug_aranges
                0x0000000000000000       0x20 arch/arm/cpu/armv7/start.o
 .debug_aranges
                0x0000000000000020      0x4d8 arch/arm/cpu/armv7/built-in.o
 .debug_aranges
                0x00000000000004f8      0x250 arch/arm/lib/built-in.o
 .debug_aranges
                0x0000000000000748       0xc0 board/ti/am335x/built-in.o
 .debug_aranges
                0x0000000000000808       0x88 board/ti/common/built-in.o
 .debug_aranges
                0x0000000000000890      0x1a0 common/spl/built-in.o
 .debug_aranges
                0x0000000000000a30       0x30 common/init/built-in.o
 .debug_aranges
                0x0000000000000a60      0x608 common/built-in.o
 .debug_aranges
                0x0000000000001068      0x180 disk/built-in.o
 .debug_aranges
                0x00000000000011e8      0xdf8 drivers/built-in.o
 .debug_aranges
                0x0000000000001fe0      0x378 fs/built-in.o
 .debug_aranges
                0x0000000000002358      0x938 lib/built-in.o
 .debug_aranges
                0x0000000000002c90       0x20 arch/arm/lib/lib.a(ashldi3.o)
 .debug_aranges
                0x0000000000002cb0       0x48 arch/arm/lib/lib.a(lib1funcs.o)
 .debug_aranges
                0x0000000000002cf8       0x20 arch/arm/lib/lib.a(lshrdi3.o)
 .debug_aranges
                0x0000000000002d18       0x20 arch/arm/lib/lib.a(div0.o)

.debug_frame    0x0000000000000000     0x7a90
 .debug_frame   0x0000000000000000      0x8f4 arch/arm/cpu/armv7/built-in.o
 .debug_frame   0x00000000000008f4      0x3a8 arch/arm/lib/built-in.o
 .debug_frame   0x0000000000000c9c      0x1a8 board/ti/am335x/built-in.o
 .debug_frame   0x0000000000000e44      0x14c board/ti/common/built-in.o
 .debug_frame   0x0000000000000f90      0x3d4 common/spl/built-in.o
 .debug_frame   0x0000000000001364       0x48 common/init/built-in.o
 .debug_frame   0x00000000000013ac      0xfd8 common/built-in.o
 .debug_frame   0x0000000000002384      0x550 disk/built-in.o
 .debug_frame   0x00000000000028d4     0x2ab8 drivers/built-in.o
 .debug_frame   0x000000000000538c      0xc8c fs/built-in.o
 .debug_frame   0x0000000000006018     0x1a58 lib/built-in.o
 .debug_frame   0x0000000000007a70       0x20 arch/arm/lib/lib.a(div0.o)

.debug_str      0x0000000000000000    0x10b96
 .debug_str     0x0000000000000000     0x384f arch/arm/cpu/armv7/built-in.o
                                       0x8755 (size before relaxing)
 .debug_str     0x000000000000384f      0x437 arch/arm/lib/built-in.o
                                       0x27f4 (size before relaxing)
 .debug_str     0x0000000000003c86      0xec1 board/ti/am335x/built-in.o
                                       0x1e69 (size before relaxing)
 .debug_str     0x0000000000004b47      0x1a7 board/ti/common/built-in.o
                                        0x537 (size before relaxing)
 .debug_str     0x0000000000004cee      0xbb6 common/spl/built-in.o
                                       0x40da (size before relaxing)
 .debug_str     0x00000000000058a4       0x55 common/init/built-in.o
                                        0x5ee (size before relaxing)
 .debug_str     0x00000000000058f9     0x2717 common/built-in.o
                                       0x8407 (size before relaxing)
 .debug_str     0x0000000000008010      0xb8a disk/built-in.o
                                       0x2685 (size before relaxing)
 .debug_str     0x0000000000008b9a     0x50ae drivers/built-in.o
                                      0x17924 (size before relaxing)