mtdparts.c:478:13:part_delall	16	static
mtdparts.c:165:12:memsize_parse	8	static
mtdparts.c:1861:26:mtd_part_info	16	static
mtdparts.c:1528:20:getenv_mtdparts	8	static
mtdparts.c:198:13:memsize_format	16	static
mtdparts.c:219:13:index_partitions	16	static
mtdparts.c:255:13:current_save	32	static
mtdparts.c:499:12:part_sort_add	32	static
mtdparts.c:744:12:device_del	16	static
mtdparts.c:1201:12:generate_mtdparts_save.constprop	80	static
mtdparts.c:720:12:device_delall.constprop	24	static
mtdparts.c:963:12:mtd_devices_init	8	static
mtdparts.c:287:12:get_mtd_info.constprop	24	static
mtdparts.c:398:12:part_validate	80	static
mtdparts.c:776:20:device_find	12	static
mtdparts.c:823:12:device_parse	96	static
mtdparts.c:1034:5:mtd_id_parse	32	static
mtdparts.c:1339:5:find_dev_and_part	48	static
mtdparts.c:1712:5:mtdparts_init	1104	static
mtdparts.c:1908:12:do_chpart	32	static
mtdparts.c:1946:12:do_mtdparts	128	static
