common.h:285:19:print_cpuinfo	0	static
board_f.c:149:12:display_text_info	0	static
board_f.c:268:12:setup_mon_len	0	static
board_f.c:285:12:arch_cpu_init	0	static
board_f.c:416:12:reserve_round_4k	0	static
board_f.c:424:12:reserve_mmu	0	static
board_f.c:494:12:reserve_trace	0	static
board_f.c:506:12:reserve_uboot	0	static
board_f.c:529:12:reserve_malloc	0	static
board_f.c:551:12:setup_machine	0	static
board_f.c:559:12:reserve_global_data	0	static
board_f.c:568:12:reserve_fdt	0	static
board_f.c:607:12:display_new_sp	0	static
board_f.c:801:12:initf_console_record	0	static
board_f.c:829:12:reserve_arch	0	static
board_f.c:834:12:arch_cpu_init_dm	0	static
board_f.c:130:5:init_func_watchdog_reset	8	static
board_f.c:115:12:init_func_watchdog_init	8	static
board_f.c:175:12:announce_dram_init	8	static
board_f.c:237:12:init_func_i2c	8	static
board_f.c:143:12:init_baud_rate	8	static
board_f.c:794:12:mark_bootstage	8	static
board_f.c:810:12:initf_dm	0	static
board_f.c:734:12:setup_reloc	8	static
board_f.c:720:12:reloc_fdt	8	static
board_f.c:538:12:reserve_board	8	static
board_f.c:89:13:coloured_LED_init	0	static
board_f.c:90:13:red_led_on	0	static
board_f.c:91:13:red_led_off	0	static
board_f.c:92:13:green_led_on	0	static
board_f.c:93:13:green_led_off	0	static
board_f.c:94:13:yellow_led_on	0	static
board_f.c:95:13:yellow_led_off	0	static
board_f.c:96:13:blue_led_on	0	static
board_f.c:97:13:blue_led_off	0	static
board_f.c:138:13:board_add_ram_info	0	static
board_f.c:200:12:show_dram_config	8	static
board_f.c:228:13:dram_init_banksize	8	static
board_f.c:712:12:setup_dram_config	8	static
board_f.c:303:14:board_get_usable_ram_top	0	static
board_f.c:320:20:board_reserve_ram_top	0	static
board_f.c:329:12:setup_dest_addr	8	static
board_f.c:589:5:arch_reserve_stacks	0	static
board_f.c:594:12:reserve_stacks	0	static
board_f.c:1045:6:board_init_f	8	static
