uclass.c:22:16:uclass_find	0	static
uclass.c:104:5:uclass_destroy	16	static
uclass.c:138:5:uclass_get	24	static
uclass.c:151:5:uclass_find_device	24	static
uclass.c:174:5:uclass_find_first_device	16	static
uclass.c:191:5:uclass_find_next_device	0	static
uclass.c:204:5:uclass_find_device_by_name	32	static
uclass.c:228:5:uclass_find_device_by_seq	32	static
uclass.c:257:5:uclass_find_device_by_of_offset	24	static
uclass.c:314:5:uclass_get_device_by_driver	24	static
uclass.c:334:5:uclass_get_device_tail	16	static
uclass.c:350:5:uclass_get_device	16	static
uclass.c:360:5:uclass_get_device_by_name	16	static
uclass.c:371:5:uclass_get_device_by_seq	24	static
uclass.c:388:5:uclass_get_device_by_of_offset	16	static
uclass.c:400:5:uclass_get_device_by_phandle	32	static
uclass.c:412:5:uclass_first_device	16	static
uclass.c:424:5:uclass_first_device_err	8	static
uclass.c:437:5:uclass_next_device	16	static
uclass.c:449:5:uclass_bind_device	8	static
uclass.c:476:5:uclass_unbind_device	8	static
uclass.c:493:5:uclass_resolve_seq	24	static
uclass.c:524:5:uclass_pre_probe_device	8	static
uclass.c:545:5:uclass_post_probe_device	0	static
uclass.c:556:5:uclass_pre_remove_device	0	static
